Component: ARM Compiler 5.06 update 7 (build 960) Tool: armlink [4d3601]

==============================================================================

Section Cross References

    startup_stm32h723xx.o(STACK) refers (Special) to heapauxi.o(.text) for __use_two_region_memory
    startup_stm32h723xx.o(HEAP) refers (Special) to heapauxi.o(.text) for __use_two_region_memory
    startup_stm32h723xx.o(RESET) refers (Special) to heapauxi.o(.text) for __use_two_region_memory
    startup_stm32h723xx.o(RESET) refers to startup_stm32h723xx.o(STACK) for __initial_sp
    startup_stm32h723xx.o(RESET) refers to startup_stm32h723xx.o(.text) for Reset_Handler
    startup_stm32h723xx.o(RESET) refers to stm32h7xx_it.o(i.NMI_Handler) for NMI_Handler
    startup_stm32h723xx.o(RESET) refers to stm32h7xx_it.o(i.HardFault_Handler) for HardFault_Handler
    startup_stm32h723xx.o(RESET) refers to stm32h7xx_it.o(i.MemManage_Handler) for MemManage_Handler
    startup_stm32h723xx.o(RESET) refers to stm32h7xx_it.o(i.BusFault_Handler) for BusFault_Handler
    startup_stm32h723xx.o(RESET) refers to stm32h7xx_it.o(i.UsageFault_Handler) for UsageFault_Handler
    startup_stm32h723xx.o(RESET) refers to port.o(.emb_text) for SVC_Handler
    startup_stm32h723xx.o(RESET) refers to stm32h7xx_it.o(i.DebugMon_Handler) for DebugMon_Handler
    startup_stm32h723xx.o(RESET) refers to cmsis_os2.o(i.SysTick_Handler) for SysTick_Handler
    startup_stm32h723xx.o(RESET) refers to stm32h7xx_it.o(i.DMA1_Stream0_IRQHandler) for DMA1_Stream0_IRQHandler
    startup_stm32h723xx.o(RESET) refers to stm32h7xx_it.o(i.DMA1_Stream1_IRQHandler) for DMA1_Stream1_IRQHandler
    startup_stm32h723xx.o(RESET) refers to stm32h7xx_it.o(i.DMA1_Stream2_IRQHandler) for DMA1_Stream2_IRQHandler
    startup_stm32h723xx.o(RESET) refers to stm32h7xx_it.o(i.FDCAN1_IT0_IRQHandler) for FDCAN1_IT0_IRQHandler
    startup_stm32h723xx.o(RESET) refers to stm32h7xx_it.o(i.FDCAN2_IT0_IRQHandler) for FDCAN2_IT0_IRQHandler
    startup_stm32h723xx.o(RESET) refers to stm32h7xx_it.o(i.FDCAN1_IT1_IRQHandler) for FDCAN1_IT1_IRQHandler
    startup_stm32h723xx.o(RESET) refers to stm32h7xx_it.o(i.FDCAN2_IT1_IRQHandler) for FDCAN2_IT1_IRQHandler
    startup_stm32h723xx.o(RESET) refers to stm32h7xx_it.o(i.USART1_IRQHandler) for USART1_IRQHandler
    startup_stm32h723xx.o(RESET) refers to stm32h7xx_it.o(i.TIM6_DAC_IRQHandler) for TIM6_DAC_IRQHandler
    startup_stm32h723xx.o(RESET) refers to stm32h7xx_it.o(i.FDCAN3_IT0_IRQHandler) for FDCAN3_IT0_IRQHandler
    startup_stm32h723xx.o(RESET) refers to stm32h7xx_it.o(i.FDCAN3_IT1_IRQHandler) for FDCAN3_IT1_IRQHandler
    startup_stm32h723xx.o(.text) refers (Special) to heapauxi.o(.text) for __use_two_region_memory
    startup_stm32h723xx.o(.text) refers to system_stm32h7xx.o(i.ExitRun0Mode) for ExitRun0Mode
    startup_stm32h723xx.o(.text) refers to system_stm32h7xx.o(i.SystemInit) for SystemInit
    startup_stm32h723xx.o(.text) refers to __main.o(!!!main) for __main
    startup_stm32h723xx.o(.text) refers to startup_stm32h723xx.o(HEAP) for Heap_Mem
    startup_stm32h723xx.o(.text) refers to startup_stm32h723xx.o(STACK) for Stack_Mem
    main.o(i.BSP_All_Init) refers to bsp_fdcan.o(i.bsp_can_init) for bsp_can_init
    main.o(i.BSP_All_Init) refers to bsp_beep.o(i.Beep) for Beep
    main.o(i.HAL_TIM_PeriodElapsedCallback) refers to stm32h7xx_hal.o(i.HAL_IncTick) for HAL_IncTick
    main.o(i.SystemClock_Config) refers to rt_memclr_w.o(.text) for __aeabi_memclr4
    main.o(i.SystemClock_Config) refers to stm32h7xx_hal_pwr_ex.o(i.HAL_PWREx_ConfigSupply) for HAL_PWREx_ConfigSupply
    main.o(i.SystemClock_Config) refers to stm32h7xx_hal_rcc.o(i.HAL_RCC_OscConfig) for HAL_RCC_OscConfig
    main.o(i.SystemClock_Config) refers to stm32h7xx_hal_rcc.o(i.HAL_RCC_ClockConfig) for HAL_RCC_ClockConfig
    main.o(i.main) refers to stm32h7xx_hal.o(i.HAL_Init) for HAL_Init
    main.o(i.main) refers to main.o(i.SystemClock_Config) for SystemClock_Config
    main.o(i.main) refers to gpio.o(i.MX_GPIO_Init) for MX_GPIO_Init
    main.o(i.main) refers to dma.o(i.MX_DMA_Init) for MX_DMA_Init
    main.o(i.main) refers to tim.o(i.MX_TIM12_Init) for MX_TIM12_Init
    main.o(i.main) refers to usart.o(i.MX_UART5_Init) for MX_UART5_Init
    main.o(i.main) refers to fdcan.o(i.MX_FDCAN1_Init) for MX_FDCAN1_Init
    main.o(i.main) refers to usart.o(i.MX_USART1_UART_Init) for MX_USART1_UART_Init
    main.o(i.main) refers to fdcan.o(i.MX_FDCAN2_Init) for MX_FDCAN2_Init
    main.o(i.main) refers to fdcan.o(i.MX_FDCAN3_Init) for MX_FDCAN3_Init
    main.o(i.main) refers to main.o(i.BSP_All_Init) for BSP_All_Init
    main.o(i.main) refers to cmsis_os2.o(i.osKernelInitialize) for osKernelInitialize
    main.o(i.main) refers to freertos.o(i.MX_FREERTOS_Init) for MX_FREERTOS_Init
    main.o(i.main) refers to cmsis_os2.o(i.osKernelStart) for osKernelStart
    freertos.o(i.MX_FREERTOS_Init) refers to cmsis_os2.o(i.osThreadNew) for osThreadNew
[...]
    __Vectors_Size                           0x000002cc   Number         0  startup_stm32h723xx.o ABSOLUTE
    __Vectors                                0x08000000   Data           4  startup_stm32h723xx.o(RESET)
    __Vectors_End                            0x080002cc   Data           0  startup_stm32h723xx.o(RESET)
    __main                                   0x080002cd   Thumb Code     8  __main.o(!!!main)
    __scatterload                            0x080002d5   Thumb Code     0  __scatter.o(!!!scatter)
    __scatterload_rt2                        0x080002d5   Thumb Code    44  __scatter.o(!!!scatter)
    __scatterload_rt2_thumb_only             0x080002d5   Thumb Code     0  __scatter.o(!!!scatter)
    __scatterload_null                       0x080002e3   Thumb Code     0  __scatter.o(!!!scatter)
    __scatterload_copy                       0x08000309   Thumb Code    26  __scatter_copy.o(!!handler_copy)
    __scatterload_zeroinit                   0x08000325   Thumb Code    28  __scatter_zi.o(!!handler_zi)
    __rt_lib_init                            0x08000341   Thumb Code     0  libinit.o(.ARM.Collect$$libinit$$00000000)
    __rt_lib_init_fp_1                       0x08000343   Thumb Code     0  libinit2.o(.ARM.Collect$$libinit$$00000001)
    __rt_lib_init_alloca_1                   0x08000347   Thumb Code     0  libinit2.o(.ARM.Collect$$libinit$$0000002E)
    __rt_lib_init_argv_1                     0x08000347   Thumb Code     0  libinit2.o(.ARM.Collect$$libinit$$0000002C)
    __rt_lib_init_atexit_1                   0x08000347   Thumb Code     0  libinit2.o(.ARM.Collect$$libinit$$0000001B)
    __rt_lib_init_clock_1                    0x08000347   Thumb Code     0  libinit2.o(.ARM.Collect$$libinit$$00000021)
    __rt_lib_init_cpp_2                      0x08000347   Thumb Code     0  libinit2.o(.ARM.Collect$$libinit$$00000031)
    __rt_lib_init_exceptions_1               0x08000347   Thumb Code     0  libinit2.o(.ARM.Collect$$libinit$$00000030)
    __rt_lib_init_fp_trap_1                  0x08000347   Thumb Code     0  libinit2.o(.ARM.Collect$$libinit$$0000001F)
    __rt_lib_init_getenv_1                   0x08000347   Thumb Code     0  libinit2.o(.ARM.Collect$$libinit$$00000023)
    __rt_lib_init_heap_1                     0x08000347   Thumb Code     0  libinit2.o(.ARM.Collect$$libinit$$0000000A)
    __rt_lib_init_lc_collate_1               0x08000347   Thumb Code     0  libinit2.o(.ARM.Collect$$libinit$$00000011)
    __rt_lib_init_lc_ctype_1                 0x08000347   Thumb Code     0  libinit2.o(.ARM.Collect$$libinit$$00000013)
    __rt_lib_init_lc_monetary_1              0x08000347   Thumb Code     0  libinit2.o(.ARM.Collect$$libinit$$00000015)
    __rt_lib_init_lc_numeric_1               0x08000347   Thumb Code     0  libinit2.o(.ARM.Collect$$libinit$$00000017)
    __rt_lib_init_lc_time_1                  0x08000347   Thumb Code     0  libinit2.o(.ARM.Collect$$libinit$$00000019)
    __rt_lib_init_preinit_1                  0x08000347   Thumb Code     0  libinit2.o(.ARM.Collect$$libinit$$00000004)
    __rt_lib_init_rand_1                     0x08000347   Thumb Code     0  libinit2.o(.ARM.Collect$$libinit$$0000000E)
    __rt_lib_init_signal_1                   0x08000347   Thumb Code     0  libinit2.o(.ARM.Collect$$libinit$$0000001D)
    __rt_lib_init_stdio_1                    0x08000347   Thumb Code     0  libinit2.o(.ARM.Collect$$libinit$$00000025)
    __rt_lib_init_user_alloc_1               0x08000347   Thumb Code     0  libinit2.o(.ARM.Collect$$libinit$$0000000C)
    __rt_lib_init_cpp_1                      0x0800034b   Thumb Code     0  libinit2.o(.ARM.Collect$$libinit$$00000032)
    __rt_lib_init_return                     0x0800034b   Thumb Code     0  libinit2.o(.ARM.Collect$$libinit$$00000033)
    __rt_lib_shutdown                        0x0800034d   Thumb Code     0  libshutdown.o(.ARM.Collect$$libshutdown$$00000000)
    __rt_lib_shutdown_cpp_1                  0x0800034f   Thumb Code     0  libshutdown2.o(.ARM.Collect$$libshutdown$$00000004)
    __rt_lib_shutdown_fini_1                 0x0800034f   Thumb Code     0  libshutdown2.o(.ARM.Collect$$libshutdown$$00000002)
    __rt_lib_shutdown_fp_trap_1              0x0800034f   Thumb Code     0  libshutdown2.o(.ARM.Collect$$libshutdown$$00000009)
    __rt_lib_shutdown_heap_1                 0x0800034f   Thumb Code     0  libshutdown2.o(.ARM.Collect$$libshutdown$$00000011)
    __rt_lib_shutdown_return                 0x0800034f   Thumb Code     0  libshutdown2.o(.ARM.Collect$$libshutdown$$00000012)
    __rt_lib_shutdown_signal_1               0x0800034f   Thumb Code     0  libshutdown2.o(.ARM.Collect$$libshutdown$$0000000C)
    __rt_lib_shutdown_stdio_1                0x0800034f   Thumb Code     0  libshutdown2.o(.ARM.Collect$$libshutdown$$00000006)
    __rt_lib_shutdown_user_alloc_1           0x0800034f   Thumb Code     0  libshutdown2.o(.ARM.Collect$$libshutdown$$0000000E)
    __rt_entry                               0x08000351   Thumb Code     0  __rtentry.o(.ARM.Collect$$rtentry$$00000000)
    __rt_entry_presh_1                       0x08000351   Thumb Code     0  __rtentry2.o(.ARM.Collect$$rtentry$$00000002)
    __rt_entry_sh                            0x08000351   Thumb Code     0  __rtentry4.o(.ARM.Collect$$rtentry$$00000004)
    __rt_entry_li                            0x08000357   Thumb Code     0  __rtentry2.o(.ARM.Collect$$rtentry$$0000000A)
    __rt_entry_postsh_1                      0x08000357   Thumb Code     0  __rtentry2.o(.ARM.Collect$$rtentry$$00000009)
    __rt_entry_main                          0x0800035b   Thumb Code     0  __rtentry2.o(.ARM.Collect$$rtentry$$0000000D)
    __rt_entry_postli_1                      0x0800035b   Thumb Code     0  __rtentry2.o(.ARM.Collect$$rtentry$$0000000C)
    __rt_exit                                0x08000363   Thumb Code     0  rtexit.o(.ARM.Collect$$rtexit$$00000000)
    __rt_exit_ls                             0x08000365   Thumb Code     0  rtexit2.o(.ARM.Collect$$rtexit$$00000003)
    __rt_exit_prels_1                        0x08000365   Thumb Code     0  rtexit2.o(.ARM.Collect$$rtexit$$00000002)
    __rt_exit_exit                           0x08000369   Thumb Code     0  rtexit2.o(.ARM.Collect$$rtexit$$00000004)
    SVC_Handler                              0x08000371   Thumb Code    28  port.o(.emb_text)
    __asm___6_port_c_39a90d8d__prvStartFirstTask 0x08000391   Thumb Code    36  port.o(.emb_text)
    __asm___6_port_c_39a90d8d__prvEnableVFP  0x080003b9   Thumb Code    16  port.o(.emb_text)
    PendSV_Handler                           0x080003cd   Thumb Code    88  port.o(.emb_text)
    vPortGetIPSR                             0x08000429   Thumb Code     6  port.o(.emb_text)
    Reset_Handler                            0x08000431   Thumb Code    12  startup_stm32h723xx.o(.text)
    ADC3_IRQHandler                          0x0800044f   Thumb Code     0  startup_stm32h723xx.o(.text)
    ADC_IRQHandler                           0x0800044f   Thumb Code     0  startup_stm32h723xx.o(.text)
    BDMA_Channel0_IRQHandler                 0x0800044f   Thumb Code     0  startup_stm32h723xx.o(.text)
    BDMA_Channel1_IRQHandler                 0x0800044f   Thumb Code     0  startup_stm32h723xx.o(.text)
    BDMA_Channel2_IRQHandler                 0x0800044f   Thumb Code     0  startup_stm32h723xx.o(.text)
    BDMA_Channel3_IRQHandler                 0x0800044f   Thumb Code     0  startup_stm32h723xx.o(.text)
    BDMA_Channel4_IRQHandler                 0x0800044f   Thumb Code     0  startup_stm32h723xx.o(.text)
    BDMA_Channel5_IRQHandler                 0x0800044f   Thumb Code     0  startup_stm32h723xx.o(.text)
    BDMA_Channel6_IRQHandler                 0x0800044f   Thumb Code     0  startup_stm32h723xx.o(.text)
    BDMA_Channel7_IRQHandler                 0x0800044f   Thumb Code     0  startup_stm32h723xx.o(.text)
    CEC_IRQHandler                           0x0800044f   Thumb Code     0  startup_stm32h723xx.o(.text)
    COMP1_IRQHandler                         0x0800044f   Thumb Code     0  startup_stm32h723xx.o(.text)
    CORDIC_IRQHandler                        0x0800044f   Thumb Code     0  startup_stm32h723xx.o(.text)
    CRS_IRQHandler                           0x0800044f   Thumb Code     0  startup_stm32h723xx.o(.text)
    DCMI_PSSI_IRQHandler                     0x0800044f   Thumb Code     0  startup_stm32h723xx.o(.text)
    DFSDM1_FLT0_IRQHandler                   0x0800044f   Thumb Code     0  startup_stm32h723xx.o(.text)
    DFSDM1_FLT1_IRQHandler                   0x0800044f   Thumb Code     0  startup_stm32h723xx.o(.text)
    DFSDM1_FLT2_IRQHandler                   0x0800044f   Thumb Code     0  startup_stm32h723xx.o(.text)
    DFSDM1_FLT3_IRQHandler                   0x0800044f   Thumb Code     0  startup_stm32h723xx.o(.text)
    DMA1_Stream3_IRQHandler                  0x0800044f   Thumb Code     0  startup_stm32h723xx.o(.text)
    DMA1_Stream4_IRQHandler                  0x0800044f   Thumb Code     0  startup_stm32h723xx.o(.text)
    DMA1_Stream5_IRQHandler                  0x0800044f   Thumb Code     0  startup_stm32h723xx.o(.text)
    DMA1_Stream6_IRQHandler                  0x0800044f   Thumb Code     0  startup_stm32h723xx.o(.text)
    DMA1_Stream7_IRQHandler                  0x0800044f   Thumb Code     0  startup_stm32h723xx.o(.text)
    DMA2D_IRQHandler                         0x0800044f   Thumb Code     0  startup_stm32h723xx.o(.text)
    DMA2_Stream0_IRQHandler                  0x0800044f   Thumb Code     0  startup_stm32h723xx.o(.text)
    DMA2_Stream1_IRQHandler                  0x0800044f   Thumb Code     0  startup_stm32h723xx.o(.text)
    DMA2_Stream2_IRQHandler                  0x0800044f   Thumb Code     0  startup_stm32h723xx.o(.text)
    DMA2_Stream3_IRQHandler                  0x0800044f   Thumb Code     0  startup_stm32h723xx.o(.text)
    DMA2_Stream4_IRQHandler                  0x0800044f   Thumb Code     0  startup_stm32h723xx.o(.text)
    DMA2_Stream5_IRQHandler                  0x0800044f   Thumb Code     0  startup_stm32h723xx.o(.text)
    DMA2_Stream6_IRQHandler                  0x0800044f   Thumb Code     0  startup_stm32h723xx.o(.text)
    DMA2_Stream7_IRQHandler                  0x0800044f   Thumb Code     0  startup_stm32h723xx.o(.text)
    DMAMUX1_OVR_IRQHandler                   0x0800044f   Thumb Code     0  startup_stm32h723xx.o(.text)
    DMAMUX2_OVR_IRQHandler                   0x0800044f   Thumb Code     0  startup_stm32h723xx.o(.text)
    DTS_IRQHandler                           0x0800044f   Thumb Code     0  startup_stm32h723xx.o(.text)
    ECC_IRQHandler                           0x0800044f   Thumb Code     0  startup_stm32h723xx.o(.text)
    ETH_IRQHandler                           0x0800044f   Thumb Code     0  startup_stm32h723xx.o(.text)
    ETH_WKUP_IRQHandler                      0x0800044f   Thumb Code     0  startup_stm32h723xx.o(.text)
    EXTI0_IRQHandler                         0x0800044f   Thumb Code     0  startup_stm32h723xx.o(.text)
    EXTI15_10_IRQHandler                     0x0800044f   Thumb Code     0  startup_stm32h723xx.o(.text)
    EXTI1_IRQHandler                         0x0800044f   Thumb Code     0  startup_stm32h723xx.o(.text)
    EXTI2_IRQHandler                         0x0800044f   Thumb Code     0  startup_stm32h723xx.o(.text)
    EXTI3_IRQHandler                         0x0800044f   Thumb Code     0  startup_stm32h723xx.o(.text)
    EXTI4_IRQHandler                         0x0800044f   Thumb Code     0  startup_stm32h723xx.o(.text)
    EXTI9_5_IRQHandler                       0x0800044f   Thumb Code     0  startup_stm32h723xx.o(.text)
    FDCAN_CAL_IRQHandler                     0x0800044f   Thumb Code     0  startup_stm32h723xx.o(.text)
    FLASH_IRQHandler                         0x0800044f   Thumb Code     0  startup_stm32h723xx.o(.text)
    FMAC_IRQHandler                          0x0800044f   Thumb Code     0  startup_stm32h723xx.o(.text)
    FMC_IRQHandler                           0x0800044f   Thumb Code     0  startup_stm32h723xx.o(.text)
    FPU_IRQHandler                           0x0800044f   Thumb Code     0  startup_stm32h723xx.o(.text)
    HSEM1_IRQHandler                         0x0800044f   Thumb Code     0  startup_stm32h723xx.o(.text)
    I2C1_ER_IRQHandler                       0x0800044f   Thumb Code     0  startup_stm32h723xx.o(.text)
    I2C1_EV_IRQHandler                       0x0800044f   Thumb Code     0  startup_stm32h723xx.o(.text)
    I2C2_ER_IRQHandler                       0x0800044f   Thumb Code     0  startup_stm32h723xx.o(.text)
    I2C2_EV_IRQHandler                       0x0800044f   Thumb Code     0  startup_stm32h723xx.o(.text)
    I2C3_ER_IRQHandler                       0x0800044f   Thumb Code     0  startup_stm32h723xx.o(.text)
    I2C3_EV_IRQHandler                       0x0800044f   Thumb Code     0  startup_stm32h723xx.o(.text)
    I2C4_ER_IRQHandler                       0x0800044f   Thumb Code     0  startup_stm32h723xx.o(.text)
    I2C4_EV_IRQHandler                       0x0800044f   Thumb Code     0  startup_stm32h723xx.o(.text)
    I2C5_ER_IRQHandler                       0x0800044f   Thumb Code     0  startup_stm32h723xx.o(.text)
    I2C5_EV_IRQHandler                       0x0800044f   Thumb Code     0  startup_stm32h723xx.o(.text)
    LPTIM1_IRQHandler                        0x0800044f   Thumb Code     0  startup_stm32h723xx.o(.text)
    LPTIM2_IRQHandler                        0x0800044f   Thumb Code     0  startup_stm32h723xx.o(.text)
    LPTIM3_IRQHandler                        0x0800044f   Thumb Code     0  startup_stm32h723xx.o(.text)
    LPTIM4_IRQHandler                        0x0800044f   Thumb Code     0  startup_stm32h723xx.o(.text)
    LPTIM5_IRQHandler                        0x0800044f   Thumb Code     0  startup_stm32h723xx.o(.text)
    LPUART1_IRQHandler                       0x0800044f   Thumb Code     0  startup_stm32h723xx.o(.text)
    LTDC_ER_IRQHandler                       0x0800044f   Thumb Code     0  startup_stm32h723xx.o(.text)
    LTDC_IRQHandler                          0x0800044f   Thumb Code     0  startup_stm32h723xx.o(.text)
    MDIOS_IRQHandler                         0x0800044f   Thumb Code     0  startup_stm32h723xx.o(.text)
    MDIOS_WKUP_IRQHandler                    0x0800044f   Thumb Code     0  startup_stm32h723xx.o(.text)
    MDMA_IRQHandler                          0x0800044f   Thumb Code     0  startup_stm32h723xx.o(.text)
    OCTOSPI1_IRQHandler                      0x0800044f   Thumb Code     0  startup_stm32h723xx.o(.text)
    OCTOSPI2_IRQHandler                      0x0800044f   Thumb Code     0  startup_stm32h723xx.o(.text)
    OTG_HS_EP1_IN_IRQHandler                 0x0800044f   Thumb Code     0  startup_stm32h723xx.o(.text)
    OTG_HS_EP1_OUT_IRQHandler                0x0800044f   Thumb Code     0  startup_stm32h723xx.o(.text)
    OTG_HS_IRQHandler                        0x0800044f   Thumb Code     0  startup_stm32h723xx.o(.text)
    OTG_HS_WKUP_IRQHandler                   0x0800044f   Thumb Code     0  startup_stm32h723xx.o(.text)
    PVD_AVD_IRQHandler                       0x0800044f   Thumb Code     0  startup_stm32h723xx.o(.text)
    RCC_IRQHandler                           0x0800044f   Thumb Code     0  startup_stm32h723xx.o(.text)
    RNG_IRQHandler                           0x0800044f   Thumb Code     0  startup_stm32h723xx.o(.text)
    RTC_Alarm_IRQHandler                     0x0800044f   Thumb Code     0  startup_stm32h723xx.o(.text)
    RTC_WKUP_IRQHandler                      0x0800044f   Thumb Code     0  startup_stm32h723xx.o(.text)
    SAI1_IRQHandler                          0x0800044f   Thumb Code     0  startup_stm32h723xx.o(.text)
    SAI4_IRQHandler                          0x0800044f   Thumb Code     0  startup_stm32h723xx.o(.text)
    SDMMC1_IRQHandler                        0x0800044f   Thumb Code     0  startup_stm32h723xx.o(.text)
    SDMMC2_IRQHandler                        0x0800044f   Thumb Code     0  startup_stm32h723xx.o(.text)
    SPDIF_RX_IRQHandler                      0x0800044f   Thumb Code     0  startup_stm32h723xx.o(.text)
    SPI1_IRQHandler                          0x0800044f   Thumb Code     0  startup_stm32h723xx.o(.text)
    SPI2_IRQHandler                          0x0800044f   Thumb Code     0  startup_stm32h723xx.o(.text)
    SPI3_IRQHandler                          0x0800044f   Thumb Code     0  startup_stm32h723xx.o(.text)
    SPI4_IRQHandler                          0x0800044f   Thumb Code     0  startup_stm32h723xx.o(.text)
    SPI5_IRQHandler                          0x0800044f   Thumb Code     0  startup_stm32h723xx.o(.text)
    SPI6_IRQHandler                          0x0800044f   Thumb Code     0  startup_stm32h723xx.o(.text)
    SWPMI1_IRQHandler                        0x0800044f   Thumb Code     0  startup_stm32h723xx.o(.text)
    TAMP_STAMP_IRQHandler                    0x0800044f   Thumb Code     0  startup_stm32h723xx.o(.text)
    TIM15_IRQHandler                         0x0800044f   Thumb Code     0  startup_stm32h723xx.o(.text)
    TIM16_IRQHandler                         0x0800044f   Thumb Code     0  startup_stm32h723xx.o(.text)
    TIM17_IRQHandler                         0x0800044f   Thumb Code     0  startup_stm32h723xx.o(.text)
    TIM1_BRK_IRQHandler                      0x0800044f   Thumb Code     0  startup_stm32h723xx.o(.text)
    TIM1_CC_IRQHandler                       0x0800044f   Thumb Code     0  startup_stm32h723xx.o(.text)
    TIM1_TRG_COM_IRQHandler                  0x0800044f   Thumb Code     0  startup_stm32h723xx.o(.text)
    TIM1_UP_IRQHandler                       0x0800044f   Thumb Code     0  startup_stm32h723xx.o(.text)
    TIM23_IRQHandler                         0x0800044f   Thumb Code     0  startup_stm32h723xx.o(.text)
    TIM24_IRQHandler                         0x0800044f   Thumb Code     0  startup_stm32h723xx.o(.text)
    TIM2_IRQHandler                          0x0800044f   Thumb Code     0  startup_stm32h723xx.o(.text)
    TIM3_IRQHandler                          0x0800044f   Thumb Code     0  startup_stm32h723xx.o(.text)
    TIM4_IRQHandler                          0x0800044f   Thumb Code     0  startup_stm32h723xx.o(.text)
    TIM5_IRQHandler                          0x0800044f   Thumb Code     0  startup_stm32h723xx.o(.text)
    TIM7_IRQHandler                          0x0800044f   Thumb Code     0  startup_stm32h723xx.o(.text)
    TIM8_BRK_TIM12_IRQHandler                0x0800044f   Thumb Code     0  startup_stm32h723xx.o(.text)
    TIM8_CC_IRQHandler                       0x0800044f   Thumb Code     0  startup_stm32h723xx.o(.text)
    TIM8_TRG_COM_TIM14_IRQHandler            0x0800044f   Thumb Code     0  startup_stm32h723xx.o(.text)
    TIM8_UP_TIM13_IRQHandler                 0x0800044f   Thumb Code     0  startup_stm32h723xx.o(.text)
    UART4_IRQHandler                         0x0800044f   Thumb Code     0  startup_stm32h723xx.o(.text)
    UART5_IRQHandler                         0x0800044f   Thumb Code     0  startup_stm32h723xx.o(.text)
    UART7_IRQHandler                         0x0800044f   Thumb Code     0  startup_stm32h723xx.o(.text)
    UART8_IRQHandler                         0x0800044f   Thumb Code     0  startup_stm32h723xx.o(.text)
    UART9_IRQHandler                         0x0800044f   Thumb Code     0  startup_stm32h723xx.o(.text)
    USART10_IRQHandler                       0x0800044f   Thumb Code     0  startup_stm32h723xx.o(.text)
    USART2_IRQHandler                        0x0800044f   Thumb Code     0  startup_stm32h723xx.o(.text)
    USART3_IRQHandler                        0x0800044f   Thumb Code     0  startup_stm32h723xx.o(.text)
    USART6_IRQHandler                        0x0800044f   Thumb Code     0  startup_stm32h723xx.o(.text)
    WAKEUP_PIN_IRQHandler                    0x0800044f   Thumb Code     0  startup_stm32h723xx.o(.text)
    WWDG_IRQHandler                          0x0800044f   Thumb Code     0  startup_stm32h723xx.o(.text)
    __user_initial_stackheap                 0x08000451   Thumb Code     0  startup_stm32h723xx.o(.text)
    __aeabi_uldivmod                         0x08000479   Thumb Code     0  lludivv7m.o(.text)
    _ll_udiv                                 0x08000479   Thumb Code   238  lludivv7m.o(.text)
    __aeabi_memcpy                           0x08000567   Thumb Code     0  rt_memcpy_v6.o(.text)
    __rt_memcpy                              0x08000567   Thumb Code   138  rt_memcpy_v6.o(.text)
    _memcpy_lastbytes                        0x080005cd   Thumb Code     0  rt_memcpy_v6.o(.text)
    __aeabi_memcpy4                          0x080005f1   Thumb Code     0  rt_memcpy_w.o(.text)
    __aeabi_memcpy8                          0x080005f1   Thumb Code     0  rt_memcpy_w.o(.text)
    __rt_memcpy_w                            0x080005f1   Thumb Code   100  rt_memcpy_w.o(.text)
    _memcpy_lastbytes_aligned                0x08000639   Thumb Code     0  rt_memcpy_w.o(.text)
    __aeabi_memset                           0x08000655   Thumb Code    16  aeabi_memset.o(.text)
    __aeabi_memclr                           0x08000665   Thumb Code     0  rt_memclr.o(.text)
    __rt_memclr                              0x08000665   Thumb Code    68  rt_memclr.o(.text)
    _memset                                  0x08000669   Thumb Code     0  rt_memclr.o(.text)
    __aeabi_memclr4                          0x080006a9   Thumb Code     0  rt_memclr_w.o(.text)
    __aeabi_memclr8                          0x080006a9   Thumb Code     0  rt_memclr_w.o(.text)
    __rt_memclr_w                            0x080006a9   Thumb Code    78  rt_memclr_w.o(.text)
    _memset_w                                0x080006ad   Thumb Code     0  rt_memclr_w.o(.text)
    __use_two_region_memory                  0x080006f7   Thumb Code     2  heapauxi.o(.text)
    __rt_heap_escrow$2region                 0x080006f9   Thumb Code     2  heapauxi.o(.text)
    __rt_heap_expand$2region                 0x080006fb   Thumb Code     2  heapauxi.o(.text)
    __cpp_initialize__aeabi_                 0x080006fd   Thumb Code    26  init_aeabi.o(.text)
    __user_setup_stackheap                   0x08000721   Thumb Code    74  sys_stackheap_outer.o(.text)
    exit                                     0x0800076b   Thumb Code    18  exit.o(.text)
    __user_libspace                          0x0800077d   Thumb Code     8  libspace.o(.text)
    __user_perproc_libspace                  0x0800077d   Thumb Code     0  libspace.o(.text)
    __user_perthread_libspace                0x0800077d   Thumb Code     0  libspace.o(.text)
    _sys_exit                                0x08000785   Thumb Code     8  sys_exit.o(.text)
    __I$use$semihosting                      0x08000791   Thumb Code     0  use_no_semi.o(.text)
    __use_no_semihosting_swi                 0x08000791   Thumb Code     2  use_no_semi.o(.text)
    BSP_All_Init                             0x08000793   Thumb Code    16  main.o(i.BSP_All_Init)
    __semihosting_library_function           0x08000793   Thumb Code     0  indicate_semi.o(.text)
    Beep                                     0x080007a5   Thumb Code    50  bsp_beep.o(i.Beep)
    BusFault_Handler                         0x080007dd   Thumb Code     2  stm32h7xx_it.o(i.BusFault_Handler)
    DMA1_Stream0_IRQHandler                  0x080007e1   Thumb Code     6  stm32h7xx_it.o(i.DMA1_Stream0_IRQHandler)
    DMA1_Stream1_IRQHandler                  0x080007ed   Thumb Code     6  stm32h7xx_it.o(i.DMA1_Stream1_IRQHandler)
    DMA1_Stream2_IRQHandler                  0x080007f9   Thumb Code     6  stm32h7xx_it.o(i.DMA1_Stream2_IRQHandler)
    DebugMon_Handler                         0x08000a1d   Thumb Code     2  stm32h7xx_it.o(i.DebugMon_Handler)
    Error_Handler                            0x08000a1f   Thumb Code     4  main.o(i.Error_Handler)
    ExitRun0Mode                             0x08000a25   Thumb Code    22  system_stm32h7xx.o(i.ExitRun0Mode)
    FDCAN1_Config                            0x08000a41   Thumb Code   106  bsp_fdcan.o(i.FDCAN1_Config)
    FDCAN1_IT0_IRQHandler                    0x08000ab1   Thumb Code     6  stm32h7xx_it.o(i.FDCAN1_IT0_IRQHandler)
    FDCAN1_IT1_IRQHandler                    0x08000abd   Thumb Code     6  stm32h7xx_it.o(i.FDCAN1_IT1_IRQHandler)
    FDCAN2_Config                            0x08000ac9   Thumb Code   106  bsp_fdcan.o(i.FDCAN2_Config)
    FDCAN2_IT0_IRQHandler                    0x08000b39   Thumb Code     6  stm32h7xx_it.o(i.FDCAN2_IT0_IRQHandler)
    FDCAN2_IT1_IRQHandler                    0x08000b45   Thumb Code     6  stm32h7xx_it.o(i.FDCAN2_IT1_IRQHandler)
    FDCAN3_Config                            0x08000b51   Thumb Code    90  bsp_fdcan.o(i.FDCAN3_Config)
    FDCAN3_IT0_IRQHandler                    0x08000bb1   Thumb Code     6  stm32h7xx_it.o(i.FDCAN3_IT0_IRQHandler)
    FDCAN3_IT1_IRQHandler                    0x08000bbd   Thumb Code     6  stm32h7xx_it.o(i.FDCAN3_IT1_IRQHandler)
    HAL_DMA_Abort                            0x08000d91   Thumb Code   836  stm32h7xx_hal_dma.o(i.HAL_DMA_Abort)
    HAL_DMA_Abort_IT                         0x080010f1   Thumb Code   602  stm32h7xx_hal_dma.o(i.HAL_DMA_Abort_IT)
    HAL_DMA_IRQHandler                       0x08001375   Thumb Code  1756  stm32h7xx_hal_dma.o(i.HAL_DMA_IRQHandler)
    HAL_DMA_Init                             0x08001a5d   Thumb Code   922  stm32h7xx_hal_dma.o(i.HAL_DMA_Init)
    HAL_Delay                                0x08001e19   Thumb Code    32  stm32h7xx_hal.o(i.HAL_Delay)
    HAL_FDCAN_ActivateNotification           0x08001e3d   Thumb Code   126  stm32h7xx_hal_fdcan.o(i.HAL_FDCAN_ActivateNotification)
    HAL_FDCAN_ClockCalibrationCallback       0x08001ec5   Thumb Code     2  stm32h7xx_hal_fdcan.o(i.HAL_FDCAN_ClockCalibrationCallback)
    HAL_FDCAN_ConfigFilter                   0x08001ec7   Thumb Code   126  stm32h7xx_hal_fdcan.o(i.HAL_FDCAN_ConfigFilter)
    HAL_FDCAN_ConfigGlobalFilter             0x08001f45   Thumb Code    50  stm32h7xx_hal_fdcan.o(i.HAL_FDCAN_ConfigGlobalFilter)
    HAL_FDCAN_ErrorCallback                  0x08001f77   Thumb Code     2  stm32h7xx_hal_fdcan.o(i.HAL_FDCAN_ErrorCallback)
    HAL_FDCAN_ErrorStatusCallback            0x08001f79   Thumb Code     2  stm32h7xx_hal_fdcan.o(i.HAL_FDCAN_ErrorStatusCallback)
    HAL_FDCAN_GetRxMessage                   0x08001f7d   Thumb Code   392  stm32h7xx_hal_fdcan.o(i.HAL_FDCAN_GetRxMessage)
    HAL_FDCAN_HighPriorityMessageCallback    0x08002109   Thumb Code     2  stm32h7xx_hal_fdcan.o(i.HAL_FDCAN_HighPriorityMessageCallback)
    HAL_FDCAN_IRQHandler                     0x0800210d   Thumb Code   788  stm32h7xx_hal_fdcan.o(i.HAL_FDCAN_IRQHandler)
    HAL_FDCAN_Init                           0x0800242d   Thumb Code   572  stm32h7xx_hal_fdcan.o(i.HAL_FDCAN_Init)
    HAL_FDCAN_MspInit                        0x08002671   Thumb Code   430  fdcan.o(i.HAL_FDCAN_MspInit)
    HAL_FDCAN_RxBufferNewMessageCallback     0x0800283d   Thumb Code     2  stm32h7xx_hal_fdcan.o(i.HAL_FDCAN_RxBufferNewMessageCallback)
    HAL_FDCAN_RxFifo0Callback                0x08002841   Thumb Code    36  bsp_fdcan.o(i.HAL_FDCAN_RxFifo0Callback)
    HAL_FDCAN_RxFifo1Callback                0x08002871   Thumb Code     2  stm32h7xx_hal_fdcan.o(i.HAL_FDCAN_RxFifo1Callback)
    HAL_FDCAN_Start                          0x08002873   Thumb Code    50  stm32h7xx_hal_fdcan.o(i.HAL_FDCAN_Start)
    HAL_FDCAN_TT_GlobalTimeCallback          0x080028a5   Thumb Code     2  stm32h7xx_hal_fdcan.o(i.HAL_FDCAN_TT_GlobalTimeCallback)
    HAL_FDCAN_TT_ScheduleSyncCallback        0x080028a7   Thumb Code     2  stm32h7xx_hal_fdcan.o(i.HAL_FDCAN_TT_ScheduleSyncCallback)
    HAL_FDCAN_TT_StopWatchCallback           0x080028a9   Thumb Code     2  stm32h7xx_hal_fdcan.o(i.HAL_FDCAN_TT_StopWatchCallback)
    HAL_FDCAN_TT_TimeMarkCallback            0x080028ab   Thumb Code     2  stm32h7xx_hal_fdcan.o(i.HAL_FDCAN_TT_TimeMarkCallback)
    HAL_FDCAN_TimeoutOccurredCallback        0x080028ad   Thumb Code     2  stm32h7xx_hal_fdcan.o(i.HAL_FDCAN_TimeoutOccurredCallback)
    HAL_FDCAN_TimestampWraparoundCallback    0x080028af   Thumb Code     2  stm32h7xx_hal_fdcan.o(i.HAL_FDCAN_TimestampWraparoundCallback)
    HAL_FDCAN_TxBufferAbortCallback          0x080028b1   Thumb Code     2  stm32h7xx_hal_fdcan.o(i.HAL_FDCAN_TxBufferAbortCallback)
    HAL_FDCAN_TxBufferCompleteCallback       0x080028b3   Thumb Code     2  stm32h7xx_hal_fdcan.o(i.HAL_FDCAN_TxBufferCompleteCallback)
    HAL_FDCAN_TxEventFifoCallback            0x080028b5   Thumb Code     2  stm32h7xx_hal_fdcan.o(i.HAL_FDCAN_TxEventFifoCallback)
    HAL_FDCAN_TxFifoEmptyCallback            0x080028b7   Thumb Code     2  stm32h7xx_hal_fdcan.o(i.HAL_FDCAN_TxFifoEmptyCallback)
    HAL_GPIO_Init                            0x080028b9   Thumb Code   496  stm32h7xx_hal_gpio.o(i.HAL_GPIO_Init)
    HAL_GetTick                              0x08002ad5   Thumb Code     6  stm32h7xx_hal.o(i.HAL_GetTick)
    HAL_IncTick                              0x08002ae1   Thumb Code    12  stm32h7xx_hal.o(i.HAL_IncTick)
    HAL_Init                                 0x08002af1   Thumb Code    74  stm32h7xx_hal.o(i.HAL_Init)
    HAL_InitTick                             0x08002b4d   Thumb Code   120  stm32h7xx_hal_timebase_tim.o(i.HAL_InitTick)
    HAL_MspInit                              0x08002bd9   Thumb Code    32  stm32h7xx_hal_msp.o(i.HAL_MspInit)
    HAL_NVIC_EnableIRQ                       0x08002bfd   Thumb Code    26  stm32h7xx_hal_cortex.o(i.HAL_NVIC_EnableIRQ)
    HAL_NVIC_SetPriority                     0x08002c19   Thumb Code    60  stm32h7xx_hal_cortex.o(i.HAL_NVIC_SetPriority)
    HAL_NVIC_SetPriorityGrouping             0x08002c59   Thumb Code    28  stm32h7xx_hal_cortex.o(i.HAL_NVIC_SetPriorityGrouping)
    HAL_PWREx_ConfigSupply                   0x08002c7d   Thumb Code    78  stm32h7xx_hal_pwr_ex.o(i.HAL_PWREx_ConfigSupply)
    HAL_RCCEx_GetD3PCLK1Freq                 0x08002cd1   Thumb Code    26  stm32h7xx_hal_rcc_ex.o(i.HAL_RCCEx_GetD3PCLK1Freq)
    HAL_RCCEx_GetPLL2ClockFreq               0x08002cf5   Thumb Code   296  stm32h7xx_hal_rcc_ex.o(i.HAL_RCCEx_GetPLL2ClockFreq)
    HAL_RCCEx_GetPLL3ClockFreq               0x08002e39   Thumb Code   296  stm32h7xx_hal_rcc_ex.o(i.HAL_RCCEx_GetPLL3ClockFreq)
    HAL_RCCEx_PeriphCLKConfig                0x08002f7d   Thumb Code  2362  stm32h7xx_hal_rcc_ex.o(i.HAL_RCCEx_PeriphCLKConfig)
    HAL_RCC_ClockConfig                      0x080038b9   Thumb Code   580  stm32h7xx_hal_rcc.o(i.HAL_RCC_ClockConfig)
    HAL_RCC_GetClockConfig                   0x08003b15   Thumb Code    84  stm32h7xx_hal_rcc.o(i.HAL_RCC_GetClockConfig)
    HAL_RCC_GetHCLKFreq                      0x08003b71   Thumb Code    52  stm32h7xx_hal_rcc.o(i.HAL_RCC_GetHCLKFreq)
    HAL_RCC_GetPCLK1Freq                     0x08003bb5   Thumb Code    26  stm32h7xx_hal_rcc.o(i.HAL_RCC_GetPCLK1Freq)
    HAL_RCC_GetPCLK2Freq                     0x08003bd9   Thumb Code    26  stm32h7xx_hal_rcc.o(i.HAL_RCC_GetPCLK2Freq)
    HAL_RCC_GetSysClockFreq                  0x08003bfd   Thumb Code   278  stm32h7xx_hal_rcc.o(i.HAL_RCC_GetSysClockFreq)
    HAL_RCC_OscConfig                        0x08003d35   Thumb Code  1318  stm32h7xx_hal_rcc.o(i.HAL_RCC_OscConfig)
    HAL_TIMEx_Break2Callback                 0x0800425b   Thumb Code     2  stm32h7xx_hal_tim_ex.o(i.HAL_TIMEx_Break2Callback)
    HAL_TIMEx_BreakCallback                  0x0800425d   Thumb Code     2  stm32h7xx_hal_tim_ex.o(i.HAL_TIMEx_BreakCallback)
    HAL_TIMEx_CommutCallback                 0x0800425f   Thumb Code     2  stm32h7xx_hal_tim_ex.o(i.HAL_TIMEx_CommutCallback)
    HAL_TIMEx_MasterConfigSynchronization    0x08004261   Thumb Code   146  stm32h7xx_hal_tim_ex.o(i.HAL_TIMEx_MasterConfigSynchronization)
    HAL_TIM_Base_Init                        0x08004319   Thumb Code    98  stm32h7xx_hal_tim.o(i.HAL_TIM_Base_Init)
    HAL_TIM_Base_MspInit                     0x0800437d   Thumb Code    30  tim.o(i.HAL_TIM_Base_MspInit)
    HAL_TIM_Base_Start_IT                    0x080043a5   Thumb Code   118  stm32h7xx_hal_tim.o(i.HAL_TIM_Base_Start_IT)
    HAL_TIM_ConfigClockSource                0x08004445   Thumb Code   248  stm32h7xx_hal_tim.o(i.HAL_TIM_ConfigClockSource)
    HAL_TIM_IC_CaptureCallback               0x08004541   Thumb Code     2  stm32h7xx_hal_tim.o(i.HAL_TIM_IC_CaptureCallback)
    HAL_TIM_IRQHandler                       0x08004543   Thumb Code   328  stm32h7xx_hal_tim.o(i.HAL_TIM_IRQHandler)
    HAL_TIM_MspPostInit                      0x0800468d   Thumb Code    68  tim.o(i.HAL_TIM_MspPostInit)
    HAL_TIM_OC_DelayElapsedCallback          0x080046dd   Thumb Code     2  stm32h7xx_hal_tim.o(i.HAL_TIM_OC_DelayElapsedCallback)
    HAL_TIM_PWM_ConfigChannel                0x080046df   Thumb Code   292  stm32h7xx_hal_tim.o(i.HAL_TIM_PWM_ConfigChannel)
    HAL_TIM_PWM_Init                         0x08004803   Thumb Code    98  stm32h7xx_hal_tim.o(i.HAL_TIM_PWM_Init)
    HAL_TIM_PWM_MspInit                      0x08004865   Thumb Code     2  stm32h7xx_hal_tim.o(i.HAL_TIM_PWM_MspInit)
    HAL_TIM_PWM_PulseFinishedCallback        0x08004867   Thumb Code     2  stm32h7xx_hal_tim.o(i.HAL_TIM_PWM_PulseFinishedCallback)
    HAL_TIM_PWM_Start                        0x08004869   Thumb Code   244  stm32h7xx_hal_tim.o(i.HAL_TIM_PWM_Start)
    HAL_TIM_PWM_Stop                         0x0800498d   Thumb Code   154  stm32h7xx_hal_tim.o(i.HAL_TIM_PWM_Stop)
    HAL_TIM_PeriodElapsedCallback            0x08004a3d   Thumb Code    14  main.o(i.HAL_TIM_PeriodElapsedCallback)
    HAL_TIM_TriggerCallback                  0x08004a51   Thumb Code     2  stm32h7xx_hal_tim.o(i.HAL_TIM_TriggerCallback)
    HAL_UARTEx_DisableFifoMode               0x08004a53   Thumb Code    64  stm32h7xx_hal_uart_ex.o(i.HAL_UARTEx_DisableFifoMode)
    HAL_UARTEx_RxEventCallback               0x08004a93   Thumb Code     2  stm32h7xx_hal_uart.o(i.HAL_UARTEx_RxEventCallback)
    HAL_UARTEx_RxFifoFullCallback            0x08004a95   Thumb Code     2  stm32h7xx_hal_uart_ex.o(i.HAL_UARTEx_RxFifoFullCallback)
    HAL_UARTEx_SetRxFifoThreshold            0x08004a97   Thumb Code    76  stm32h7xx_hal_uart_ex.o(i.HAL_UARTEx_SetRxFifoThreshold)
    HAL_UARTEx_SetTxFifoThreshold            0x08004ae3   Thumb Code    76  stm32h7xx_hal_uart_ex.o(i.HAL_UARTEx_SetTxFifoThreshold)
    HAL_UARTEx_TxFifoEmptyCallback           0x08004b2f   Thumb Code     2  stm32h7xx_hal_uart_ex.o(i.HAL_UARTEx_TxFifoEmptyCallback)
    HAL_UARTEx_WakeupCallback                0x08004b31   Thumb Code     2  stm32h7xx_hal_uart_ex.o(i.HAL_UARTEx_WakeupCallback)
    HAL_UART_ErrorCallback                   0x08004b33   Thumb Code     2  stm32h7xx_hal_uart.o(i.HAL_UART_ErrorCallback)
    HAL_UART_IRQHandler                      0x08004b35   Thumb Code   898  stm32h7xx_hal_uart.o(i.HAL_UART_IRQHandler)
    HAL_UART_Init                            0x08004ed1   Thumb Code   106  stm32h7xx_hal_uart.o(i.HAL_UART_Init)
    HAL_UART_MspInit                         0x08004f3d   Thumb Code   386  usart.o(i.HAL_UART_MspInit)
    HAL_UART_TxCpltCallback                  0x080050dd   Thumb Code     2  stm32h7xx_hal_uart.o(i.HAL_UART_TxCpltCallback)
    HardFault_Handler                        0x080050df   Thumb Code     2  stm32h7xx_it.o(i.HardFault_Handler)
    MX_DMA_Init                              0x080050e1   Thumb Code    72  dma.o(i.MX_DMA_Init)
    MX_FDCAN1_Init                           0x0800512d   Thumb Code    98  fdcan.o(i.MX_FDCAN1_Init)
    MX_FDCAN2_Init                           0x08005199   Thumb Code   108  fdcan.o(i.MX_FDCAN2_Init)
    MX_FDCAN3_Init                           0x0800520d   Thumb Code   114  fdcan.o(i.MX_FDCAN3_Init)
    MX_FREERTOS_Init                         0x08005289   Thumb Code    32  freertos.o(i.MX_FREERTOS_Init)
    MX_GPIO_Init                             0x080052b9   Thumb Code    70  gpio.o(i.MX_GPIO_Init)
    MX_TIM12_Init                            0x08005305   Thumb Code   152  tim.o(i.MX_TIM12_Init)
    MX_UART5_Init                            0x080053a5   Thumb Code    96  usart.o(i.MX_UART5_Init)
    MX_USART1_UART_Init                      0x08005411   Thumb Code    94  usart.o(i.MX_USART1_UART_Init)
    MemManage_Handler                        0x08005479   Thumb Code     2  stm32h7xx_it.o(i.MemManage_Handler)
    NMI_Handler                              0x0800547b   Thumb Code     2  stm32h7xx_it.o(i.NMI_Handler)
    StartDefaultTask                         0x080056bd   Thumb Code     8  freertos.o(i.StartDefaultTask)
    SysTick_Handler                          0x080056c5   Thumb Code    26  cmsis_os2.o(i.SysTick_Handler)
    SystemClock_Config                       0x080056e1   Thumb Code   142  main.o(i.SystemClock_Config)
    SystemInit                               0x08005775   Thumb Code   184  system_stm32h7xx.o(i.SystemInit)
    TIM6_DAC_IRQHandler                      0x0800584d   Thumb Code     6  stm32h7xx_it.o(i.TIM6_DAC_IRQHandler)
    TIM_Base_SetConfig                       0x08005859   Thumb Code   182  stm32h7xx_hal_tim.o(i.TIM_Base_SetConfig)
    TIM_CCxChannelCmd                        0x08005939   Thumb Code    26  stm32h7xx_hal_tim.o(i.TIM_CCxChannelCmd)
    TIM_ETR_SetConfig                        0x08005953   Thumb Code    18  stm32h7xx_hal_tim.o(i.TIM_ETR_SetConfig)
    TIM_OC2_SetConfig                        0x08005a1d   Thumb Code   126  stm32h7xx_hal_tim.o(i.TIM_OC2_SetConfig)
    UART_AdvFeatureConfig                    0x08005d39   Thumb Code   200  stm32h7xx_hal_uart.o(i.UART_AdvFeatureConfig)
    UART_CheckIdleState                      0x08005e01   Thumb Code   170  stm32h7xx_hal_uart.o(i.UART_CheckIdleState)
    UART_SetConfig                           0x08005f11   Thumb Code   914  stm32h7xx_hal_uart.o(i.UART_SetConfig)
    UART_WaitOnFlagUntilTimeout              0x080062ed   Thumb Code   148  stm32h7xx_hal_uart.o(i.UART_WaitOnFlagUntilTimeout)
    USART1_IRQHandler                        0x08006381   Thumb Code     6  stm32h7xx_it.o(i.USART1_IRQHandler)
    UsageFault_Handler                       0x0800638d   Thumb Code     2  stm32h7xx_it.o(i.UsageFault_Handler)
    RobStrite_Motor::RobStrite_Motor(unsigned char, FDCAN_HandleTypeDef*, int, float) 0x08006391   Thumb Code    50  robstride.o(i._ZN15RobStrite_MotorC1EhP19FDCAN_HandleTypeDefif)
    RobStrite_Motor::RobStrite_Motor__sub_object(unsigned char, FDCAN_HandleTypeDef*, int, float) 0x08006391   Thumb Code     0  robstride.o(i._ZN15RobStrite_MotorC1EhP19FDCAN_HandleTypeDefif)
    data_read_write::data_read_write(const unsigned short*) 0x080063c9   Thumb Code    76  robstride.o(i._ZN15data_read_writeC1EPKt)
    data_read_write::data_read_write__sub_object(const unsigned short*) 0x080063c9   Thumb Code     0  robstride.o(i._ZN15data_read_writeC1EPKt)
    bsp_can_init                             0x080064a9   Thumb Code    18  bsp_fdcan.o(i.bsp_can_init)
    chassis_task                             0x080064bb   Thumb Code    22  chassis_task.o(i.chassis_task)
    fdcan1_rx_callback                       0x080064d1   Thumb Code    74  bsp_fdcan.o(i.fdcan1_rx_callback)
    fdcan2_rx_callback                       0x08006525   Thumb Code    74  bsp_fdcan.o(i.fdcan2_rx_callback)
    fdcan3_rx_callback                       0x08006579   Thumb Code    74  bsp_fdcan.o(i.fdcan3_rx_callback)
    fdcanx_receive                           0x080065cd   Thumb Code    96  bsp_fdcan.o(i.fdcanx_receive)
    main                                     0x0800662d   Thumb Code    58  main.o(i.main)
    osDelay                                  0x08006667   Thumb Code    28  cmsis_os2.o(i.osDelay)
    osDelayUntil                             0x08006683   Thumb Code    46  cmsis_os2.o(i.osDelayUntil)
    osKernelGetTickCount                     0x080066b1   Thumb Code    14  cmsis_os2.o(i.osKernelGetTickCount)
    osKernelInitialize                       0x080066c1   Thumb Code    32  cmsis_os2.o(i.osKernelInitialize)
    osKernelStart                            0x080066e5   Thumb Code    48  cmsis_os2.o(i.osKernelStart)
    osThreadNew                              0x0800671d   Thumb Code   144  cmsis_os2.o(i.osThreadNew)
    pvPortMalloc                             0x08006f45   Thumb Code   216  heap_4.o(i.pvPortMalloc)
    pxPortInitialiseStack                    0x08007021   Thumb Code    42  port.o(i.pxPortInitialiseStack)
    uxListRemove                             0x08007051   Thumb Code    38  list.o(i.uxListRemove)
    vApplicationGetIdleTaskMemory            0x08007079   Thumb Code    18  cmsis_os2.o(i.vApplicationGetIdleTaskMemory)
    vApplicationGetTimerTaskMemory           0x08007091   Thumb Code    20  cmsis_os2.o(i.vApplicationGetTimerTaskMemory)
    vListInitialise                          0x080070a9   Thumb Code    22  list.o(i.vListInitialise)
    vListInitialiseItem                      0x080070bf   Thumb Code     6  list.o(i.vListInitialiseItem)
    vListInsert                              0x080070c5   Thumb Code    48  list.o(i.vListInsert)
    vListInsertEnd                           0x080070f5   Thumb Code    24  list.o(i.vListInsertEnd)
    vPortEnterCritical                       0x0800710d   Thumb Code    54  port.o(i.vPortEnterCritical)
    vPortExitCritical                        0x0800714d   Thumb Code    34  port.o(i.vPortExitCritical)
    vPortFree                                0x08007175   Thumb Code    94  heap_4.o(i.vPortFree)
    vPortSetupTimerInterrupt                 0x080071d9   Thumb Code    32  port.o(i.vPortSetupTimerInterrupt)
    vPortValidateInterruptPriority           0x080071fd   Thumb Code    74  port.o(i.vPortValidateInterruptPriority)
    vQueueAddToRegistry                      0x08007251   Thumb Code    34  queue.o(i.vQueueAddToRegistry)
    vQueueWaitForMessageRestricted           0x08007279   Thumb Code    68  queue.o(i.vQueueWaitForMessageRestricted)
    vTaskDelay                               0x080072bd   Thumb Code    66  tasks.o(i.vTaskDelay)
    vTaskDelayUntil                          0x08007309   Thumb Code   132  tasks.o(i.vTaskDelayUntil)
    vTaskInternalSetTimeOutState             0x08007395   Thumb Code    12  tasks.o(i.vTaskInternalSetTimeOutState)
    vTaskMissedYield                         0x080073a5   Thumb Code     8  tasks.o(i.vTaskMissedYield)
    vTaskPlaceOnEventList                    0x080073b1   Thumb Code    44  tasks.o(i.vTaskPlaceOnEventList)
    vTaskPlaceOnEventListRestricted          0x080073e1   Thumb Code    52  tasks.o(i.vTaskPlaceOnEventListRestricted)
    vTaskStartScheduler                      0x08007419   Thumb Code   118  tasks.o(i.vTaskStartScheduler)
    vTaskSuspendAll                          0x080074a1   Thumb Code    10  tasks.o(i.vTaskSuspendAll)
    vTaskSwitchContext                       0x080074b1   Thumb Code    90  tasks.o(i.vTaskSwitchContext)
    xPortStartScheduler                      0x08007515   Thumb Code   222  port.o(i.xPortStartScheduler)
    xPortSysTickHandler                      0x08007609   Thumb Code    38  port.o(i.xPortSysTickHandler)
    xQueueGenericCreateStatic                0x08007635   Thumb Code   102  queue.o(i.xQueueGenericCreateStatic)
    xQueueGenericReset                       0x0800769d   Thumb Code   144  queue.o(i.xQueueGenericReset)
    xQueueGenericSend                        0x08007731   Thumb Code   346  queue.o(i.xQueueGenericSend)
    xQueueGenericSendFromISR                 0x08007891   Thumb Code   190  queue.o(i.xQueueGenericSendFromISR)
    xQueueReceive                            0x08007951   Thumb Code   310  queue.o(i.xQueueReceive)
    xTaskCheckForTimeOut                     0x08007a8d   Thumb Code   116  tasks.o(i.xTaskCheckForTimeOut)
    xTaskCreate                              0x08007b05   Thumb Code    90  tasks.o(i.xTaskCreate)
    xTaskCreateStatic                        0x08007b5f   Thumb Code    86  tasks.o(i.xTaskCreateStatic)
    xTaskGetSchedulerState                   0x08007bb5   Thumb Code    22  tasks.o(i.xTaskGetSchedulerState)
    xTaskGetTickCount                        0x08007bd1   Thumb Code     6  tasks.o(i.xTaskGetTickCount)
    xTaskGetTickCountFromISR                 0x08007bdd   Thumb Code    12  tasks.o(i.xTaskGetTickCountFromISR)
    xTaskIncrementTick                       0x08007bed   Thumb Code   192  tasks.o(i.xTaskIncrementTick)
    xTaskPriorityDisinherit                  0x08007cb5   Thumb Code   116  tasks.o(i.xTaskPriorityDisinherit)
    xTaskRemoveFromEventList                 0x08007d31   Thumb Code   100  tasks.o(i.xTaskRemoveFromEventList)
    xTaskResumeAll                           0x08007da1   Thumb Code   184  tasks.o(i.xTaskResumeAll)
    xTimerCreateTimerTask                    0x08007e65   Thumb Code    78  timers.o(i.xTimerCreateTimerTask)
    xTimerGenericCommand                     0x08007ec5   Thumb Code    98  timers.o(i.xTimerGenericCommand)
    _fp_init                                 0x08007f2d   Thumb Code    10  fpinit.o(x$fpl$fpinit)
    __fplib_config_fpu_vfp                   0x08007f35   Thumb Code     0  fpinit.o(x$fpl$fpinit)
    __fplib_config_pureend_doubles           0x08007f35   Thumb Code     0  fpinit.o(x$fpl$fpinit)
    defaultTask_attributes                   0x08007f38   Data          36  freertos.o(.constdata)
    Chasis_Task_attributes                   0x08007f5c   Data          36  freertos.o(.constdata)
    UARTPrescTable                           0x08007fe4   Data          24  stm32h7xx_hal_uart.o(.constdata)
    D1CorePrescTable                         0x0800800c   Data          16  system_stm32h7xx.o(.constdata)
    Region$$Table$$Base                      0x08008054   Number         0  anon$$obj.o(Region$$Table)
    Region$$Table$$Limit                     0x08008074   Number         0  anon$$obj.o(Region$$Table)
    SHT$$INIT_ARRAY$$Base                    0x08008074   Number         0  robstride.o(.init_array)
    SHT$$INIT_ARRAY$$Limit                   0x08008078   Number         0  init_aeabi.o(.init_array)
    defaultTaskHandle                        0x24000000   Data           4  freertos.o(.data)
    Chasis_TaskHandle                        0x24000004   Data           4  freertos.o(.data)
    uwTickFreq                               0x2400000c   Data           1  stm32h7xx_hal.o(.data)
    uwTickPrio                               0x24000010   Data           4  stm32h7xx_hal.o(.data)
    uwTick                                   0x24000014   Data           4  stm32h7xx_hal.o(.data)
    SystemCoreClock                          0x24000018   Data           4  system_stm32h7xx.o(.data)
    SystemD2Clock                            0x2400001c   Data           4  system_stm32h7xx.o(.data)
    pxCurrentTCB                             0x24000020   Data           4  tasks.o(.data)
    defaultTaskBuffer                        0x240000a0   Data         512  freertos.o(.bss)
    defaultTaskControlBlock                  0x240002a0   Data          92  freertos.o(.bss)
    Chasis_TaskBuffer                        0x240002fc   Data        2048  freertos.o(.bss)
    Chasis_TaskControlBlock                  0x24000afc   Data          92  freertos.o(.bss)
    hfdcan1                                  0x24000b58   Data         160  fdcan.o(.bss)
    hfdcan2                                  0x24000bf8   Data         160  fdcan.o(.bss)
    hfdcan3                                  0x24000c98   Data         160  fdcan.o(.bss)
    htim12                                   0x24000d38   Data          76  tim.o(.bss)
    huart5                                   0x24000d84   Data         148  usart.o(.bss)
    huart1                                   0x24000e18   Data         148  usart.o(.bss)
    hdma_uart5_rx                            0x24000eac   Data         120  usart.o(.bss)
    hdma_usart1_rx                           0x24000f24   Data         120  usart.o(.bss)
    hdma_usart1_tx                           0x24000f9c   Data         120  usart.o(.bss)
    htim6                                    0x24001014   Data          76  stm32h7xx_hal_timebase_tim.o(.bss)
    xQueueRegistry                           0x24001060   Data          64  queue.o(.bss)
    CAN_M3508                                0x24005934   Data         144  djimotor.o(.bss)
    RobStrite03                              0x240059c4   Data         912  robstride.o(.bss)
    __libspace_start                         0x24005d54   Data          96  libspace.o(.bss)
    __temporary_stack_top$libspace           0x24005db4   Data           0  libspace.o(.bss)



==============================================================================

Memory Map of the image

  Image Entry point : 0x080002cd

  Load Region LR_IROM1 (Base: 0x08000000, Size: 0x00008118, Max: 0x00100000, ABSOLUTE)

    Execution Region ER_IROM1 (Exec base: 0x08000000, Load base: 0x08000000, Size: 0x00008078, Max: 0x00100000, ABSOLUTE)

    Exec Addr    Load Addr    Size         Type   Attr      Idx    E Section Name        Object

    0x08000000   0x08000000   0x000002cc   Data   RO            3    RESET               startup_stm32h723xx.o
    0x080002cc   0x080002cc   0x00000008   Code   RO         7727  * !!!main             c_w.l(__main.o)
    0x080002d4   0x080002d4   0x00000034   Code   RO         7902    !!!scatter          c_w.l(__scatter.o)
    0x08000308   0x08000308   0x0000001a   Code   RO         7904    !!handler_copy      c_w.l(__scatter_copy.o)
    0x08000322   0x08000322   0x00000002   PAD
    0x08000324   0x08000324   0x0000001c   Code   RO         7906    !!handler_zi        c_w.l(__scatter_zi.o)
    0x08000340   0x08000340   0x00000002   Code   RO         7823    .ARM.Collect$$libinit$$00000000  c_w.l(libinit.o)
    0x08000342   0x08000342   0x00000004   Code   RO         7740    .ARM.Collect$$libinit$$00000001  c_w.l(libinit2.o)
    0x08000346   0x08000346   0x00000000   Code   RO         7743    .ARM.Collect$$libinit$$00000004  c_w.l(libinit2.o)
    0x08000346   0x08000346   0x00000000   Code   RO         7746    .ARM.Collect$$libinit$$0000000A  c_w.l(libinit2.o)
    0x08000346   0x08000346   0x00000000   Code   RO         7748    .ARM.Collect$$libinit$$0000000C  c_w.l(libinit2.o)
    0x08000346   0x08000346   0x00000000   Code   RO         7750    .ARM.Collect$$libinit$$0000000E  c_w.l(libinit2.o)
    0x08000346   0x08000346   0x00000000   Code   RO         7753    .ARM.Collect$$libinit$$00000011  c_w.l(libinit2.o)
    0x08000346   0x08000346   0x00000000   Code   RO         7755    .ARM.Collect$$libinit$$00000013  c_w.l(libinit2.o)
    0x08000346   0x08000346   0x00000000   Code   RO         7757    .ARM.Collect$$libinit$$00000015  c_w.l(libinit2.o)
    0x08000346   0x08000346   0x00000000   Code   RO         7759    .ARM.Collect$$libinit$$00000017  c_w.l(libinit2.o)
    0x08000346   0x08000346   0x00000000   Code   RO         7761    .ARM.Collect$$libinit$$00000019  c_w.l(libinit2.o)
    0x08000346   0x08000346   0x00000000   Code   RO         7763    .ARM.Collect$$libinit$$0000001B  c_w.l(libinit2.o)
    0x08000346   0x08000346   0x00000000   Code   RO         7765    .ARM.Collect$$libinit$$0000001D  c_w.l(libinit2.o)
    0x08000346   0x08000346   0x00000000   Code   RO         7767    .ARM.Collect$$libinit$$0000001F  c_w.l(libinit2.o)
    0x08000346   0x08000346   0x00000000   Code   RO         7769    .ARM.Collect$$libinit$$00000021  c_w.l(libinit2.o)
    0x08000346   0x08000346   0x00000000   Code   RO         7771    .ARM.Collect$$libinit$$00000023  c_w.l(libinit2.o)
    0x08000346   0x08000346   0x00000000   Code   RO         7773    .ARM.Collect$$libinit$$00000025  c_w.l(libinit2.o)
    0x08000346   0x08000346   0x00000000   Code   RO         7777    .ARM.Collect$$libinit$$0000002C  c_w.l(libinit2.o)
    0x08000346   0x08000346   0x00000000   Code   RO         7779    .ARM.Collect$$libinit$$0000002E  c_w.l(libinit2.o)
    0x08000346   0x08000346   0x00000000   Code   RO         7781    .ARM.Collect$$libinit$$00000030  c_w.l(libinit2.o)
    0x08000346   0x08000346   0x00000004   Code   RO         7782    .ARM.Collect$$libinit$$00000031  c_w.l(libinit2.o)
    0x0800034a   0x0800034a   0x00000000   Code   RO         7783    .ARM.Collect$$libinit$$00000032  c_w.l(libinit2.o)
    0x0800034a   0x0800034a   0x00000002   Code   RO         7784    .ARM.Collect$$libinit$$00000033  c_w.l(libinit2.o)
    0x0800034c   0x0800034c   0x00000002   Code   RO         7867    .ARM.Collect$$libshutdown$$00000000  c_w.l(libshutdown.o)
    0x0800034e   0x0800034e   0x00000000   Code   RO         7883    .ARM.Collect$$libshutdown$$00000002  c_w.l(libshutdown2.o)
    0x0800034e   0x0800034e   0x00000000   Code   RO         7885    .ARM.Collect$$libshutdown$$00000004  c_w.l(libshutdown2.o)
    0x0800034e   0x0800034e   0x00000000   Code   RO         7887    .ARM.Collect$$libshutdown$$00000006  c_w.l(libshutdown2.o)
    0x0800034e   0x0800034e   0x00000000   Code   RO         7890    .ARM.Collect$$libshutdown$$00000009  c_w.l(libshutdown2.o)
    0x0800034e   0x0800034e   0x00000000   Code   RO         7893    .ARM.Collect$$libshutdown$$0000000C  c_w.l(libshutdown2.o)
    0x0800034e   0x0800034e   0x00000000   Code   RO         7895    .ARM.Collect$$libshutdown$$0000000E  c_w.l(libshutdown2.o)
    0x0800034e   0x0800034e   0x00000000   Code   RO         7898    .ARM.Collect$$libshutdown$$00000011  c_w.l(libshutdown2.o)
    0x0800034e   0x0800034e   0x00000002   Code   RO         7899    .ARM.Collect$$libshutdown$$00000012  c_w.l(libshutdown2.o)
    0x08000350   0x08000350   0x00000000   Code   RO         7735    .ARM.Collect$$rtentry$$00000000  c_w.l(__rtentry.o)
    0x08000350   0x08000350   0x00000000   Code   RO         7786    .ARM.Collect$$rtentry$$00000002  c_w.l(__rtentry2.o)
    0x08000350   0x08000350   0x00000006   Code   RO         7798    .ARM.Collect$$rtentry$$00000004  c_w.l(__rtentry4.o)
    0x08000356   0x08000356   0x00000000   Code   RO         7788    .ARM.Collect$$rtentry$$00000009  c_w.l(__rtentry2.o)
    0x08000356   0x08000356   0x00000004   Code   RO         7789    .ARM.Collect$$rtentry$$0000000A  c_w.l(__rtentry2.o)
    0x0800035a   0x0800035a   0x00000000   Code   RO         7791    .ARM.Collect$$rtentry$$0000000C  c_w.l(__rtentry2.o)
    0x0800035a   0x0800035a   0x00000008   Code   RO         7792    .ARM.Collect$$rtentry$$0000000D  c_w.l(__rtentry2.o)
    0x08000362   0x08000362   0x00000002   Code   RO         7829    .ARM.Collect$$rtexit$$00000000  c_w.l(rtexit.o)
    0x08000364   0x08000364   0x00000000   Code   RO         7849    .ARM.Collect$$rtexit$$00000002  c_w.l(rtexit2.o)
    0x08000364   0x08000364   0x00000004   Code   RO         7850    .ARM.Collect$$rtexit$$00000003  c_w.l(rtexit2.o)
    0x08000368   0x08000368   0x00000006   Code   RO         7851    .ARM.Collect$$rtexit$$00000004  c_w.l(rtexit2.o)
    0x0800036e   0x0800036e   0x00000002   PAD
    0x08000370   0x08000370   0x000000be   Code   RO         6985    .emb_text           port.o
    0x0800042e   0x0800042e   0x00000002   PAD
    0x08000430   0x08000430   0x00000048   Code   RO            4    .text               startup_stm32h723xx.o
    0x08000478   0x08000478   0x000000ee   Code   RO         7711    .text               c_w.l(lludivv7m.o)
    0x08000566   0x08000566   0x0000008a   Code   RO         7713    .text               c_w.l(rt_memcpy_v6.o)
    0x080005f0   0x080005f0   0x00000064   Code   RO         7715    .text               c_w.l(rt_memcpy_w.o)
    0x08000654   0x08000654   0x00000010   Code   RO         7719    .text               c_w.l(aeabi_memset.o)
    0x08000664   0x08000664   0x00000044   Code   RO         7721    .text               c_w.l(rt_memclr.o)
    0x080006a8   0x080006a8   0x0000004e   Code   RO         7723    .text               c_w.l(rt_memclr_w.o)
    0x080006f6   0x080006f6   0x00000006   Code   RO         7725    .text               c_w.l(heapauxi.o)
    0x080006fc   0x080006fc   0x00000024   Code   RO         7732    .text               c_w.l(init_aeabi.o)
    0x08000720   0x08000720   0x0000004a   Code   RO         7806    .text               c_w.l(sys_stackheap_outer.o)
    0x0800076a   0x0800076a   0x00000012   Code   RO         7808    .text               c_w.l(exit.o)
    0x0800077c   0x0800077c   0x00000008   Code   RO         7826    .text               c_w.l(libspace.o)
    0x08000784   0x08000784   0x0000000c   Code   RO         7843    .text               c_w.l(sys_exit.o)
    0x08000790   0x08000790   0x00000002   Code   RO         7845    .text               c_w.l(use_no_semi.o)
    0x08000792   0x08000792   0x00000000   Code   RO         7847    .text               c_w.l(indicate_semi.o)
    0x08000792   0x08000792   0x00000010   Code   RO           13    i.BSP_All_Init      main.o
    0x080007a2   0x080007a2   0x00000002   PAD
    0x080007a4   0x080007a4   0x00000038   Code   RO         7065    i.Beep              bsp_beep.o
    0x080007dc   0x080007dc   0x00000002   Code   RO          488    i.BusFault_Handler  stm32h7xx_it.o
    0x080007de   0x080007de   0x00000002   PAD
    0x080007e0   0x080007e0   0x0000000c   Code   RO          489    i.DMA1_Stream0_IRQHandler  stm32h7xx_it.o
    0x080007ec   0x080007ec   0x0000000c   Code   RO          490    i.DMA1_Stream1_IRQHandler  stm32h7xx_it.o
    0x080007f8   0x080007f8   0x0000000c   Code   RO          491    i.DMA1_Stream2_IRQHandler  stm32h7xx_it.o
    0x08000804   0x08000804   0x000000b4   Code   RO         3085    i.DMA_CalcBaseAndBitshift  stm32h7xx_hal_dma.o
    0x080008b8   0x080008b8   0x0000009c   Code   RO         3086    i.DMA_CalcDMAMUXChannelBaseAndMask  stm32h7xx_hal_dma.o
    0x08000954   0x08000954   0x00000074   Code   RO         3087    i.DMA_CalcDMAMUXRequestGenBaseAndMask  stm32h7xx_hal_dma.o
    0x080009c8   0x080009c8   0x00000054   Code   RO         3088    i.DMA_CheckFifoParam  stm32h7xx_hal_dma.o
    0x08000a1c   0x08000a1c   0x00000002   Code   RO          492    i.DebugMon_Handler  stm32h7xx_it.o
    0x08000a1e   0x08000a1e   0x00000004   Code   RO           14    i.Error_Handler     main.o
    0x08000a22   0x08000a22   0x00000002   PAD
    0x08000a24   0x08000a24   0x0000001c   Code   RO         5264    i.ExitRun0Mode      system_stm32h7xx.o
    0x08000a40   0x08000a40   0x00000070   Code   RO         7142    i.FDCAN1_Config     bsp_fdcan.o
    0x08000ab0   0x08000ab0   0x0000000c   Code   RO          493    i.FDCAN1_IT0_IRQHandler  stm32h7xx_it.o
    0x08000abc   0x08000abc   0x0000000c   Code   RO          494    i.FDCAN1_IT1_IRQHandler  stm32h7xx_it.o
    0x08000ac8   0x08000ac8   0x00000070   Code   RO         7143    i.FDCAN2_Config     bsp_fdcan.o
    0x08000b38   0x08000b38   0x0000000c   Code   RO          495    i.FDCAN2_IT0_IRQHandler  stm32h7xx_it.o
    0x08000b44   0x08000b44   0x0000000c   Code   RO          496    i.FDCAN2_IT1_IRQHandler  stm32h7xx_it.o
    0x08000b50   0x08000b50   0x00000060   Code   RO         7144    i.FDCAN3_Config     bsp_fdcan.o
    0x08000bb0   0x08000bb0   0x0000000c   Code   RO          497    i.FDCAN3_IT0_IRQHandler  stm32h7xx_it.o
    0x08000bbc   0x08000bbc   0x0000000c   Code   RO          498    i.FDCAN3_IT1_IRQHandler  stm32h7xx_it.o
    0x08000bc8   0x08000bc8   0x000001c8   Code   RO         1847    i.FDCAN_CalcultateRamBlockAddresses  stm32h7xx_hal_fdcan.o
    0x08000d90   0x08000d90   0x00000360   Code   RO         3090    i.HAL_DMA_Abort     stm32h7xx_hal_dma.o
    0x080010f0   0x080010f0   0x00000284   Code   RO         3091    i.HAL_DMA_Abort_IT  stm32h7xx_hal_dma.o
    0x08001374   0x08001374   0x000006e8   Code   RO         3095    i.HAL_DMA_IRQHandler  stm32h7xx_hal_dma.o
    0x08001a5c   0x08001a5c   0x000003bc   Code   RO         3096    i.HAL_DMA_Init      stm32h7xx_hal_dma.o
    0x08001e18   0x08001e18   0x00000024   Code   RO         3787    i.HAL_Delay         stm32h7xx_hal.o
    0x08001e3c   0x08001e3c   0x00000088   Code   RO         1850    i.HAL_FDCAN_ActivateNotification  stm32h7xx_hal_fdcan.o
    0x08001ec4   0x08001ec4   0x00000002   Code   RO         1853    i.HAL_FDCAN_ClockCalibrationCallback  stm32h7xx_hal_fdcan.o
    0x08001ec6   0x08001ec6   0x0000007e   Code   RO         1857    i.HAL_FDCAN_ConfigFilter  stm32h7xx_hal_fdcan.o
    0x08001f44   0x08001f44   0x00000032   Code   RO         1858    i.HAL_FDCAN_ConfigGlobalFilter  stm32h7xx_hal_fdcan.o
    0x08001f76   0x08001f76   0x00000002   Code   RO         1879    i.HAL_FDCAN_ErrorCallback  stm32h7xx_hal_fdcan.o
    0x08001f78   0x08001f78   0x00000002   Code   RO         1880    i.HAL_FDCAN_ErrorStatusCallback  stm32h7xx_hal_fdcan.o
    0x08001f7a   0x08001f7a   0x00000002   PAD
    0x08001f7c   0x08001f7c   0x0000018c   Code   RO         1891    i.HAL_FDCAN_GetRxMessage  stm32h7xx_hal_fdcan.o
    0x08002108   0x08002108   0x00000002   Code   RO         1897    i.HAL_FDCAN_HighPriorityMessageCallback  stm32h7xx_hal_fdcan.o
    0x0800210a   0x0800210a   0x00000002   PAD
    0x0800210c   0x0800210c   0x00000320   Code   RO         1898    i.HAL_FDCAN_IRQHandler  stm32h7xx_hal_fdcan.o
    0x0800242c   0x0800242c   0x00000244   Code   RO         1899    i.HAL_FDCAN_Init    stm32h7xx_hal_fdcan.o
    0x08002670   0x08002670   0x000001cc   Code   RO          338    i.HAL_FDCAN_MspInit  fdcan.o
    0x0800283c   0x0800283c   0x00000002   Code   RO         1908    i.HAL_FDCAN_RxBufferNewMessageCallback  stm32h7xx_hal_fdcan.o
    0x0800283e   0x0800283e   0x00000002   PAD
    0x08002840   0x08002840   0x00000030   Code   RO         7145    i.HAL_FDCAN_RxFifo0Callback  bsp_fdcan.o
    0x08002870   0x08002870   0x00000002   Code   RO         1910    i.HAL_FDCAN_RxFifo1Callback  stm32h7xx_hal_fdcan.o
    0x08002872   0x08002872   0x00000032   Code   RO         1911    i.HAL_FDCAN_Start   stm32h7xx_hal_fdcan.o
    0x080028a4   0x080028a4   0x00000002   Code   RO         1933    i.HAL_FDCAN_TT_GlobalTimeCallback  stm32h7xx_hal_fdcan.o
    0x080028a6   0x080028a6   0x00000002   Code   RO         1934    i.HAL_FDCAN_TT_ScheduleSyncCallback  stm32h7xx_hal_fdcan.o
    0x080028a8   0x080028a8   0x00000002   Code   RO         1939    i.HAL_FDCAN_TT_StopWatchCallback  stm32h7xx_hal_fdcan.o
    0x080028aa   0x080028aa   0x00000002   Code   RO         1940    i.HAL_FDCAN_TT_TimeMarkCallback  stm32h7xx_hal_fdcan.o
    0x080028ac   0x080028ac   0x00000002   Code   RO         1941    i.HAL_FDCAN_TimeoutOccurredCallback  stm32h7xx_hal_fdcan.o
    0x080028ae   0x080028ae   0x00000002   Code   RO         1942    i.HAL_FDCAN_TimestampWraparoundCallback  stm32h7xx_hal_fdcan.o
    0x080028b0   0x080028b0   0x00000002   Code   RO         1943    i.HAL_FDCAN_TxBufferAbortCallback  stm32h7xx_hal_fdcan.o
    0x080028b2   0x080028b2   0x00000002   Code   RO         1944    i.HAL_FDCAN_TxBufferCompleteCallback  stm32h7xx_hal_fdcan.o
    0x080028b4   0x080028b4   0x00000002   Code   RO         1945    i.HAL_FDCAN_TxEventFifoCallback  stm32h7xx_hal_fdcan.o
    0x080028b6   0x080028b6   0x00000002   Code   RO         1946    i.HAL_FDCAN_TxFifoEmptyCallback  stm32h7xx_hal_fdcan.o
    0x080028b8   0x080028b8   0x0000021c   Code   RO         2938    i.HAL_GPIO_Init     stm32h7xx_hal_gpio.o
    0x08002ad4   0x08002ad4   0x0000000c   Code   RO         3803    i.HAL_GetTick       stm32h7xx_hal.o
    0x08002ae0   0x08002ae0   0x00000010   Code   RO         3809    i.HAL_IncTick       stm32h7xx_hal.o
    0x08002af0   0x08002af0   0x0000005c   Code   RO         3810    i.HAL_Init          stm32h7xx_hal.o
    0x08002b4c   0x08002b4c   0x0000008c   Code   RO          636    i.HAL_InitTick      stm32h7xx_hal_timebase_tim.o
    0x08002bd8   0x08002bd8   0x00000024   Code   RO          612    i.HAL_MspInit       stm32h7xx_hal_msp.o
    0x08002bfc   0x08002bfc   0x0000001a   Code   RO         1702    i.HAL_NVIC_EnableIRQ  stm32h7xx_hal_cortex.o
    0x08002c16   0x08002c16   0x00000002   PAD
    0x08002c18   0x08002c18   0x00000040   Code   RO         1708    i.HAL_NVIC_SetPriority  stm32h7xx_hal_cortex.o
    0x08002c58   0x08002c58   0x00000024   Code   RO         1709    i.HAL_NVIC_SetPriorityGrouping  stm32h7xx_hal_cortex.o
    0x08002c7c   0x08002c7c   0x00000054   Code   RO         3539    i.HAL_PWREx_ConfigSupply  stm32h7xx_hal_pwr_ex.o
    0x08002cd0   0x08002cd0   0x00000024   Code   RO         2581    i.HAL_RCCEx_GetD3PCLK1Freq  stm32h7xx_hal_rcc_ex.o
    0x08002cf4   0x08002cf4   0x00000144   Code   RO         2583    i.HAL_RCCEx_GetPLL2ClockFreq  stm32h7xx_hal_rcc_ex.o
    0x08002e38   0x08002e38   0x00000144   Code   RO         2584    i.HAL_RCCEx_GetPLL3ClockFreq  stm32h7xx_hal_rcc_ex.o
    0x08002f7c   0x08002f7c   0x0000093a   Code   RO         2590    i.HAL_RCCEx_PeriphCLKConfig  stm32h7xx_hal_rcc_ex.o
    0x080038b6   0x080038b6   0x00000002   PAD
    0x080038b8   0x080038b8   0x0000025c   Code   RO         2466    i.HAL_RCC_ClockConfig  stm32h7xx_hal_rcc.o
    0x08003b14   0x08003b14   0x0000005c   Code   RO         2470    i.HAL_RCC_GetClockConfig  stm32h7xx_hal_rcc.o
    0x08003b70   0x08003b70   0x00000044   Code   RO         2471    i.HAL_RCC_GetHCLKFreq  stm32h7xx_hal_rcc.o
    0x08003bb4   0x08003bb4   0x00000024   Code   RO         2473    i.HAL_RCC_GetPCLK1Freq  stm32h7xx_hal_rcc.o
    0x08003bd8   0x08003bd8   0x00000024   Code   RO         2474    i.HAL_RCC_GetPCLK2Freq  stm32h7xx_hal_rcc.o
    0x08003bfc   0x08003bfc   0x00000138   Code   RO         2475    i.HAL_RCC_GetSysClockFreq  stm32h7xx_hal_rcc.o
    0x08003d34   0x08003d34   0x00000526   Code   RO         2478    i.HAL_RCC_OscConfig  stm32h7xx_hal_rcc.o
    0x0800425a   0x0800425a   0x00000002   Code   RO         1391    i.HAL_TIMEx_Break2Callback  stm32h7xx_hal_tim_ex.o
    0x0800425c   0x0800425c   0x00000002   Code   RO         1392    i.HAL_TIMEx_BreakCallback  stm32h7xx_hal_tim_ex.o
    0x0800425e   0x0800425e   0x00000002   Code   RO         1393    i.HAL_TIMEx_CommutCallback  stm32h7xx_hal_tim_ex.o
    0x08004260   0x08004260   0x000000b8   Code   RO         1414    i.HAL_TIMEx_MasterConfigSynchronization  stm32h7xx_hal_tim_ex.o
    0x08004318   0x08004318   0x00000062   Code   RO          677    i.HAL_TIM_Base_Init  stm32h7xx_hal_tim.o
    0x0800437a   0x0800437a   0x00000002   PAD
    0x0800437c   0x0800437c   0x00000028   Code   RO          393    i.HAL_TIM_Base_MspInit  tim.o
    0x080043a4   0x080043a4   0x000000a0   Code   RO          682    i.HAL_TIM_Base_Start_IT  stm32h7xx_hal_tim.o
    0x08004444   0x08004444   0x000000fc   Code   RO          686    i.HAL_TIM_ConfigClockSource  stm32h7xx_hal_tim.o
    0x08004540   0x08004540   0x00000002   Code   RO          711    i.HAL_TIM_IC_CaptureCallback  stm32h7xx_hal_tim.o
    0x08004542   0x08004542   0x00000148   Code   RO          725    i.HAL_TIM_IRQHandler  stm32h7xx_hal_tim.o
    0x0800468a   0x0800468a   0x00000002   PAD
    0x0800468c   0x0800468c   0x00000050   Code   RO          394    i.HAL_TIM_MspPostInit  tim.o
    0x080046dc   0x080046dc   0x00000002   Code   RO          728    i.HAL_TIM_OC_DelayElapsedCallback  stm32h7xx_hal_tim.o
    0x080046de   0x080046de   0x00000124   Code   RO          749    i.HAL_TIM_PWM_ConfigChannel  stm32h7xx_hal_tim.o
    0x08004802   0x08004802   0x00000062   Code   RO          752    i.HAL_TIM_PWM_Init  stm32h7xx_hal_tim.o
    0x08004864   0x08004864   0x00000002   Code   RO          754    i.HAL_TIM_PWM_MspInit  stm32h7xx_hal_tim.o
    0x08004866   0x08004866   0x00000002   Code   RO          755    i.HAL_TIM_PWM_PulseFinishedCallback  stm32h7xx_hal_tim.o
    0x08004868   0x08004868   0x00000124   Code   RO          757    i.HAL_TIM_PWM_Start  stm32h7xx_hal_tim.o
    0x0800498c   0x0800498c   0x000000b0   Code   RO          760    i.HAL_TIM_PWM_Stop  stm32h7xx_hal_tim.o
    0x08004a3c   0x08004a3c   0x00000014   Code   RO           15    i.HAL_TIM_PeriodElapsedCallback  main.o
    0x08004a50   0x08004a50   0x00000002   Code   RO          768    i.HAL_TIM_TriggerCallback  stm32h7xx_hal_tim.o
    0x08004a52   0x08004a52   0x00000040   Code   RO         5146    i.HAL_UARTEx_DisableFifoMode  stm32h7xx_hal_uart_ex.o
    0x08004a92   0x08004a92   0x00000002   Code   RO         4735    i.HAL_UARTEx_RxEventCallback  stm32h7xx_hal_uart.o
    0x08004a94   0x08004a94   0x00000002   Code   RO         5154    i.HAL_UARTEx_RxFifoFullCallback  stm32h7xx_hal_uart_ex.o
    0x08004a96   0x08004a96   0x0000004c   Code   RO         5155    i.HAL_UARTEx_SetRxFifoThreshold  stm32h7xx_hal_uart_ex.o
    0x08004ae2   0x08004ae2   0x0000004c   Code   RO         5156    i.HAL_UARTEx_SetTxFifoThreshold  stm32h7xx_hal_uart_ex.o
    0x08004b2e   0x08004b2e   0x00000002   Code   RO         5158    i.HAL_UARTEx_TxFifoEmptyCallback  stm32h7xx_hal_uart_ex.o
    0x08004b30   0x08004b30   0x00000002   Code   RO         5159    i.HAL_UARTEx_WakeupCallback  stm32h7xx_hal_uart_ex.o
    0x08004b32   0x08004b32   0x00000002   Code   RO         4751    i.HAL_UART_ErrorCallback  stm32h7xx_hal_uart.o
    0x08004b34   0x08004b34   0x0000039c   Code   RO         4754    i.HAL_UART_IRQHandler  stm32h7xx_hal_uart.o
    0x08004ed0   0x08004ed0   0x0000006a   Code   RO         4755    i.HAL_UART_Init     stm32h7xx_hal_uart.o
    0x08004f3a   0x08004f3a   0x00000002   PAD
    0x08004f3c   0x08004f3c   0x000001a0   Code   RO          441    i.HAL_UART_MspInit  usart.o
    0x080050dc   0x080050dc   0x00000002   Code   RO         4767    i.HAL_UART_TxCpltCallback  stm32h7xx_hal_uart.o
    0x080050de   0x080050de   0x00000002   Code   RO          499    i.HardFault_Handler  stm32h7xx_it.o
    0x080050e0   0x080050e0   0x0000004c   Code   RO          313    i.MX_DMA_Init       dma.o
    0x0800512c   0x0800512c   0x0000006c   Code   RO          339    i.MX_FDCAN1_Init    fdcan.o
    0x08005198   0x08005198   0x00000074   Code   RO          340    i.MX_FDCAN2_Init    fdcan.o
    0x0800520c   0x0800520c   0x0000007c   Code   RO          341    i.MX_FDCAN3_Init    fdcan.o
    0x08005288   0x08005288   0x00000030   Code   RO          266    i.MX_FREERTOS_Init  freertos.o
    0x080052b8   0x080052b8   0x0000004c   Code   RO          242    i.MX_GPIO_Init      gpio.o
    0x08005304   0x08005304   0x000000a0   Code   RO          395    i.MX_TIM12_Init     tim.o
    0x080053a4   0x080053a4   0x0000006c   Code   RO          442    i.MX_UART5_Init     usart.o
    0x08005410   0x08005410   0x00000068   Code   RO          443    i.MX_USART1_UART_Init  usart.o
    0x08005478   0x08005478   0x00000002   Code   RO          500    i.MemManage_Handler  stm32h7xx_it.o
    0x0800547a   0x0800547a   0x00000002   Code   RO          501    i.NMI_Handler       stm32h7xx_it.o
    0x0800547c   0x0800547c   0x00000120   Code   RO         2593    i.RCCEx_PLL2_Config  stm32h7xx_hal_rcc_ex.o
    0x0800559c   0x0800559c   0x00000120   Code   RO         2594    i.RCCEx_PLL3_Config  stm32h7xx_hal_rcc_ex.o
    0x080056bc   0x080056bc   0x00000008   Code   RO          267    i.StartDefaultTask  freertos.o
    0x080056c4   0x080056c4   0x0000001a   Code   RO         6417    i.SysTick_Handler   cmsis_os2.o
    0x080056de   0x080056de   0x00000002   PAD
    0x080056e0   0x080056e0   0x00000094   Code   RO           16    i.SystemClock_Config  main.o
    0x08005774   0x08005774   0x000000d8   Code   RO         5266    i.SystemInit        system_stm32h7xx.o
    0x0800584c   0x0800584c   0x0000000c   Code   RO          502    i.TIM6_DAC_IRQHandler  stm32h7xx_it.o
    0x08005858   0x08005858   0x000000e0   Code   RO          770    i.TIM_Base_SetConfig  stm32h7xx_hal_tim.o
    0x08005938   0x08005938   0x0000001a   Code   RO          771    i.TIM_CCxChannelCmd  stm32h7xx_hal_tim.o
    0x08005952   0x08005952   0x00000012   Code   RO          781    i.TIM_ETR_SetConfig  stm32h7xx_hal_tim.o
    0x08005964   0x08005964   0x00000014   Code   RO          782    i.TIM_ITRx_SetConfig  stm32h7xx_hal_tim.o
    0x08005978   0x08005978   0x000000a4   Code   RO          783    i.TIM_OC1_SetConfig  stm32h7xx_hal_tim.o
    0x08005a1c   0x08005a1c   0x00000098   Code   RO          784    i.TIM_OC2_SetConfig  stm32h7xx_hal_tim.o
    0x08005ab4   0x08005ab4   0x00000098   Code   RO          785    i.TIM_OC3_SetConfig  stm32h7xx_hal_tim.o
    0x08005b4c   0x08005b4c   0x00000078   Code   RO          786    i.TIM_OC4_SetConfig  stm32h7xx_hal_tim.o
    0x08005bc4   0x08005bc4   0x00000074   Code   RO          787    i.TIM_OC5_SetConfig  stm32h7xx_hal_tim.o
    0x08005c38   0x08005c38   0x00000074   Code   RO          788    i.TIM_OC6_SetConfig  stm32h7xx_hal_tim.o
    0x08005cac   0x08005cac   0x00000022   Code   RO          790    i.TIM_TI1_ConfigInputStage  stm32h7xx_hal_tim.o
    0x08005cce   0x08005cce   0x00000024   Code   RO          792    i.TIM_TI2_ConfigInputStage  stm32h7xx_hal_tim.o
    0x08005cf2   0x08005cf2   0x00000002   PAD
    0x08005cf4   0x08005cf4   0x00000044   Code   RO         5160    i.UARTEx_SetNbDataToProcess  stm32h7xx_hal_uart_ex.o
    0x08005d38   0x08005d38   0x000000c8   Code   RO         4769    i.UART_AdvFeatureConfig  stm32h7xx_hal_uart.o
    0x08005e00   0x08005e00   0x000000aa   Code   RO         4770    i.UART_CheckIdleState  stm32h7xx_hal_uart.o
    0x08005eaa   0x08005eaa   0x00000010   Code   RO         4771    i.UART_DMAAbortOnError  stm32h7xx_hal_uart.o
    0x08005eba   0x08005eba   0x00000002   PAD
    0x08005ebc   0x08005ebc   0x00000054   Code   RO         4781    i.UART_EndRxTransfer  stm32h7xx_hal_uart.o
    0x08005f10   0x08005f10   0x000003dc   Code   RO         4787    i.UART_SetConfig    stm32h7xx_hal_uart.o
    0x080062ec   0x080062ec   0x00000094   Code   RO         4794    i.UART_WaitOnFlagUntilTimeout  stm32h7xx_hal_uart.o
    0x08006380   0x08006380   0x0000000c   Code   RO          503    i.USART1_IRQHandler  stm32h7xx_it.o
    0x0800638c   0x0800638c   0x00000002   Code   RO          504    i.UsageFault_Handler  stm32h7xx_it.o
    0x0800638e   0x0800638e   0x00000002   PAD
    0x08006390   0x08006390   0x00000038   Code   RO         7409    i._ZN15RobStrite_MotorC1EhP19FDCAN_HandleTypeDefif  robstride.o
    0x080063c8   0x080063c8   0x0000004c   Code   RO         7410    i._ZN15data_read_writeC1EPKt  robstride.o
    0x08006414   0x08006414   0x00000022   Code   RO         1715    i.__NVIC_SetPriority  stm32h7xx_hal_cortex.o
    0x08006436   0x08006436   0x00000002   PAD
    0x08006438   0x08006438   0x00000070   Code   RO         7411    i.__sti___13_RobStride_cpp_c2bdf3d8  robstride.o
    0x080064a8   0x080064a8   0x00000012   Code   RO         7146    i.bsp_can_init      bsp_fdcan.o
    0x080064ba   0x080064ba   0x00000016   Code   RO         7682    i.chassis_task      chassis_task.o
    0x080064d0   0x080064d0   0x00000054   Code   RO         7147    i.fdcan1_rx_callback  bsp_fdcan.o
    0x08006524   0x08006524   0x00000054   Code   RO         7148    i.fdcan2_rx_callback  bsp_fdcan.o
    0x08006578   0x08006578   0x00000054   Code   RO         7149    i.fdcan3_rx_callback  bsp_fdcan.o
    0x080065cc   0x080065cc   0x00000060   Code   RO         7150    i.fdcanx_receive    bsp_fdcan.o
    0x0800662c   0x0800662c   0x0000003a   Code   RO           17    i.main              main.o
    0x08006666   0x08006666   0x0000001c   Code   RO         6419    i.osDelay           cmsis_os2.o
    0x08006682   0x08006682   0x0000002e   Code   RO         6420    i.osDelayUntil      cmsis_os2.o
    0x080066b0   0x080066b0   0x0000000e   Code   RO         6431    i.osKernelGetTickCount  cmsis_os2.o
    0x080066be   0x080066be   0x00000002   PAD
    0x080066c0   0x080066c0   0x00000024   Code   RO         6433    i.osKernelInitialize  cmsis_os2.o
    0x080066e4   0x080066e4   0x00000038   Code   RO         6436    i.osKernelStart     cmsis_os2.o
    0x0800671c   0x0800671c   0x00000090   Code   RO         6478    i.osThreadNew       cmsis_os2.o
    0x080067ac   0x080067ac   0x0000005c   Code   RO         5878    i.prvAddCurrentTaskToDelayedList  tasks.o
    0x08006808   0x08006808   0x000000d0   Code   RO         5879    i.prvAddNewTaskToReadyList  tasks.o
    0x080068d8   0x080068d8   0x00000058   Code   RO         6243    i.prvCheckForValidListAndQueue  timers.o
    0x08006930   0x08006930   0x00000026   Code   RO         5475    i.prvCopyDataFromQueue  queue.o
    0x08006956   0x08006956   0x0000006c   Code   RO         5476    i.prvCopyDataToQueue  queue.o
    0x080069c2   0x080069c2   0x00000034   Code   RO         5880    i.prvDeleteTCB      tasks.o
    0x080069f6   0x080069f6   0x00000002   PAD
    0x080069f8   0x080069f8   0x00000050   Code   RO         6930    i.prvHeapInit       heap_4.o
    0x08006a48   0x08006a48   0x00000060   Code   RO         5881    i.prvIdleTask       tasks.o
    0x08006aa8   0x08006aa8   0x00000022   Code   RO         5478    i.prvInitialiseNewQueue  queue.o
    0x08006aca   0x08006aca   0x000000b0   Code   RO         5882    i.prvInitialiseNewTask  tasks.o
    0x08006b7a   0x08006b7a   0x00000002   PAD
    0x08006b7c   0x08006b7c   0x0000004c   Code   RO         6931    i.prvInsertBlockIntoFreeList  heap_4.o
    0x08006bc8   0x08006bc8   0x0000003c   Code   RO         6245    i.prvInsertTimerInActiveList  timers.o
    0x08006c04   0x08006c04   0x0000001c   Code   RO         5479    i.prvIsQueueEmpty   queue.o
    0x08006c20   0x08006c20   0x000000f8   Code   RO         6246    i.prvProcessReceivedCommands  timers.o
    0x08006d18   0x08006d18   0x000000c0   Code   RO         6247    i.prvProcessTimerOrBlockTask  timers.o
    0x08006dd8   0x08006dd8   0x00000020   Code   RO         5884    i.prvResetNextTaskUnblockTime  tasks.o
    0x08006df8   0x08006df8   0x00000028   Code   RO         6248    i.prvSampleTimeNow  timers.o
    0x08006e20   0x08006e20   0x0000006c   Code   RO         6249    i.prvSwitchTimerLists  timers.o
    0x08006e8c   0x08006e8c   0x00000028   Code   RO         6986    i.prvTaskExitError  port.o
    0x08006eb4   0x08006eb4   0x00000024   Code   RO         6250    i.prvTimerTask      timers.o
    0x08006ed8   0x08006ed8   0x0000006a   Code   RO         5480    i.prvUnlockQueue    queue.o
    0x08006f42   0x08006f42   0x00000002   PAD
    0x08006f44   0x08006f44   0x000000dc   Code   RO         6932    i.pvPortMalloc      heap_4.o
    0x08007020   0x08007020   0x00000030   Code   RO         6987    i.pxPortInitialiseStack  port.o
    0x08007050   0x08007050   0x00000026   Code   RO         5435    i.uxListRemove      list.o
    0x08007076   0x08007076   0x00000002   PAD
    0x08007078   0x08007078   0x00000018   Code   RO         6490    i.vApplicationGetIdleTaskMemory  cmsis_os2.o
    0x08007090   0x08007090   0x00000018   Code   RO         6491    i.vApplicationGetTimerTaskMemory  cmsis_os2.o
    0x080070a8   0x080070a8   0x00000016   Code   RO         5436    i.vListInitialise   list.o
    0x080070be   0x080070be   0x00000006   Code   RO         5437    i.vListInitialiseItem  list.o
    0x080070c4   0x080070c4   0x00000030   Code   RO         5438    i.vListInsert       list.o
    0x080070f4   0x080070f4   0x00000018   Code   RO         5439    i.vListInsertEnd    list.o
    0x0800710c   0x0800710c   0x00000040   Code   RO         6989    i.vPortEnterCritical  port.o
    0x0800714c   0x0800714c   0x00000028   Code   RO         6990    i.vPortExitCritical  port.o
    0x08007174   0x08007174   0x00000064   Code   RO         6933    i.vPortFree         heap_4.o
    0x080071d8   0x080071d8   0x00000024   Code   RO         6991    i.vPortSetupTimerInterrupt  port.o
    0x080071fc   0x080071fc   0x00000054   Code   RO         6992    i.vPortValidateInterruptPriority  port.o
    0x08007250   0x08007250   0x00000028   Code   RO         5486    i.vQueueAddToRegistry  queue.o
    0x08007278   0x08007278   0x00000044   Code   RO         5490    i.vQueueWaitForMessageRestricted  queue.o
    0x080072bc   0x080072bc   0x0000004c   Code   RO         5897    i.vTaskDelay        tasks.o
    0x08007308   0x08007308   0x0000008c   Code   RO         5898    i.vTaskDelayUntil   tasks.o
    0x08007394   0x08007394   0x00000010   Code   RO         5902    i.vTaskInternalSetTimeOutState  tasks.o
    0x080073a4   0x080073a4   0x0000000c   Code   RO         5903    i.vTaskMissedYield  tasks.o
    0x080073b0   0x080073b0   0x00000030   Code   RO         5905    i.vTaskPlaceOnEventList  tasks.o
    0x080073e0   0x080073e0   0x00000038   Code   RO         5906    i.vTaskPlaceOnEventListRestricted  tasks.o
    0x08007418   0x08007418   0x00000088   Code   RO         5914    i.vTaskStartScheduler  tasks.o
    0x080074a0   0x080074a0   0x00000010   Code   RO         5916    i.vTaskSuspendAll   tasks.o
    0x080074b0   0x080074b0   0x00000064   Code   RO         5917    i.vTaskSwitchContext  tasks.o
    0x08007514   0x08007514   0x000000f4   Code   RO         6993    i.xPortStartScheduler  port.o
    0x08007608   0x08007608   0x0000002c   Code   RO         6994    i.xPortSysTickHandler  port.o
    0x08007634   0x08007634   0x00000066   Code   RO         5496    i.xQueueGenericCreateStatic  queue.o
    0x0800769a   0x0800769a   0x00000002   PAD
    0x0800769c   0x0800769c   0x00000094   Code   RO         5497    i.xQueueGenericReset  queue.o
    0x08007730   0x08007730   0x00000160   Code   RO         5498    i.xQueueGenericSend  queue.o
    0x08007890   0x08007890   0x000000be   Code   RO         5499    i.xQueueGenericSendFromISR  queue.o
    0x0800794e   0x0800794e   0x00000002   PAD
    0x08007950   0x08007950   0x0000013c   Code   RO         5508    i.xQueueReceive     queue.o
    0x08007a8c   0x08007a8c   0x00000078   Code   RO         5919    i.xTaskCheckForTimeOut  tasks.o
    0x08007b04   0x08007b04   0x0000005a   Code   RO         5920    i.xTaskCreate       tasks.o
    0x08007b5e   0x08007b5e   0x00000056   Code   RO         5921    i.xTaskCreateStatic  tasks.o
    0x08007bb4   0x08007bb4   0x0000001c   Code   RO         5925    i.xTaskGetSchedulerState  tasks.o
    0x08007bd0   0x08007bd0   0x0000000c   Code   RO         5926    i.xTaskGetTickCount  tasks.o
    0x08007bdc   0x08007bdc   0x00000010   Code   RO         5927    i.xTaskGetTickCountFromISR  tasks.o
    0x08007bec   0x08007bec   0x000000c8   Code   RO         5928    i.xTaskIncrementTick  tasks.o
    0x08007cb4   0x08007cb4   0x0000007c   Code   RO         5931    i.xTaskPriorityDisinherit  tasks.o
    0x08007d30   0x08007d30   0x00000070   Code   RO         5933    i.xTaskRemoveFromEventList  tasks.o
    0x08007da0   0x08007da0   0x000000c4   Code   RO         5934    i.xTaskResumeAll    tasks.o
    0x08007e64   0x08007e64   0x00000060   Code   RO         6259    i.xTimerCreateTimerTask  timers.o
    0x08007ec4   0x08007ec4   0x00000068   Code   RO         6260    i.xTimerGenericCommand  timers.o
    0x08007f2c   0x08007f2c   0x0000000a   Code   RO         7804    x$fpl$fpinit        fz_wv.l(fpinit.o)
    0x08007f36   0x08007f36   0x00000002   PAD
    0x08007f38   0x08007f38   0x00000048   Data   RO          272    .constdata          freertos.o
    0x08007f80   0x08007f80   0x0000005c   Data   RO         1947    .constdata          stm32h7xx_hal_fdcan.o
    0x08007fdc   0x08007fdc   0x00000008   Data   RO         3102    .constdata          stm32h7xx_hal_dma.o
    0x08007fe4   0x08007fe4   0x00000018   Data   RO         4795    .constdata          stm32h7xx_hal_uart.o
    0x08007ffc   0x08007ffc   0x00000010   Data   RO         5161    .constdata          stm32h7xx_hal_uart_ex.o
    0x0800800c   0x0800800c   0x00000010   Data   RO         5267    .constdata          system_stm32h7xx.o
    0x0800801c   0x0800801c   0x0000001e   Data   RO         7434    .constdata          robstride.o
    0x0800803a   0x0800803a   0x00000002   PAD
    0x0800803c   0x0800803c   0x00000018   Data   RO          273    .conststring        freertos.o
    0x08008054   0x08008054   0x00000020   Data   RO         7900    Region$$Table       anon$$obj.o
    0x08008074   0x08008074   0x00000004   Data   RO         7437    .init_array         robstride.o
    0x08008078   0x08008074   0x00000000   Data   RO         7730    .init_array         c_w.l(init_aeabi.o)


    Execution Region RW_IRAM1 (Exec base: 0x20000000, Load base: 0x08008078, Size: 0x00000000, Max: 0x00020000, ABSOLUTE)

    **** No section assigned to this execution region ****


    Execution Region RW_IRAM2 (Exec base: 0x24000000, Load base: 0x08008078, Size: 0x000063b8, Max: 0x00050000, ABSOLUTE)

    Exec Addr    Load Addr    Size         Type   Attr      Idx    E Section Name        Object

    0x24000000   0x08008078   0x00000008   Data   RW          274    .data               freertos.o
    0x24000008   0x08008080   0x00000004   Data   RW          343    .data               fdcan.o
    0x2400000c   0x08008084   0x0000000c   Data   RW         3834    .data               stm32h7xx_hal.o
    0x24000018   0x08008090   0x00000008   Data   RW         5268    .data               system_stm32h7xx.o
    0x24000020   0x08008098   0x0000003c   Data   RW         5937    .data               tasks.o
    0x2400005c   0x080080d4   0x00000014   Data   RW         6268    .data               timers.o
    0x24000070   0x080080e8   0x00000004   Data   RW         6493    .data               cmsis_os2.o
    0x24000074   0x080080ec   0x00000020   Data   RW         6939    .data               heap_4.o
    0x24000094   0x0800810c   0x0000000c   Data   RW         6995    .data               port.o
    0x240000a0        -       0x00000200   Zero   RW          268    .bss                freertos.o
    0x240002a0        -       0x0000005c   Zero   RW          269    .bss                freertos.o
    0x240002fc        -       0x00000800   Zero   RW          270    .bss                freertos.o
    0x24000afc        -       0x0000005c   Zero   RW          271    .bss                freertos.o
    0x24000b58        -       0x000001e0   Zero   RW          342    .bss                fdcan.o
    0x24000d38        -       0x0000004c   Zero   RW          396    .bss                tim.o
    0x24000d84        -       0x00000290   Zero   RW          444    .bss                usart.o
    0x24001014        -       0x0000004c   Zero   RW          639    .bss                stm32h7xx_hal_timebase_tim.o
    0x24001060        -       0x00000040   Zero   RW         5512    .bss                queue.o
    0x240010a0        -       0x000004c4   Zero   RW         5936    .bss                tasks.o
    0x24001564        -       0x00000118   Zero   RW         6267    .bss                timers.o
    0x2400167c        -       0x000006b8   Zero   RW         6492    .bss                cmsis_os2.o
    0x24001d34        -       0x00003c00   Zero   RW         6938    .bss                heap_4.o
    0x24005934        -       0x00000090   Zero   RW         7225    .bss                djimotor.o
    0x240059c4        -       0x00000390   Zero   RW         7433    .bss                robstride.o
    0x24005d54        -       0x00000060   Zero   RW         7827    .bss                c_w.l(libspace.o)
    0x24005db4   0x08008118   0x00000004   PAD
    0x24005db8        -       0x00000200   Zero   RW            2    HEAP                startup_stm32h723xx.o
    0x24005fb8        -       0x00000400   Zero   RW            1    STACK               startup_stm32h723xx.o


==============================================================================

Image component sizes


      Code (inc. data)   RO Data    RW Data    ZI Data      Debug   Object Name

        56          6          0          0          0        539   bsp_beep.o
       734         60          0          0          0       5911   bsp_fdcan.o
        22          0          0          0          0        555   chassis_task.o
       398         22          0          4       1720      72781   cmsis_os2.o
         0          0          0          0        144       1850   djimotor.o
        76          4          0          0          0        930   dma.o
         0          0          0          0          0      19448   event_groups.o
       808         58          0          4        480       3713   fdcan.o
        56         16         96          8       2744       2270   freertos.o
        76          6          0          0          0        999   gpio.o
       476         24          0         32      15360       5039   heap_4.o
       138          0          0          0          0       3726   list.o
       246         12          0          0          0    1246421   main.o
       790         84          0         12          0      11741   port.o
      1530         22          0          0         64      17740   queue.o
       244         40         34          0        912     940894   robstride.o
        72         30        716          0       1536        856   startup_stm32h723xx.o
       156         32          0         12          0      23114   stm32h7xx_hal.o
       160         12          0          0          0      38862   stm32h7xx_hal_cortex.o
      4768        176          8          0          0      10007   stm32h7xx_hal_dma.o
      2626         44         92          0          0      20932   stm32h7xx_hal_fdcan.o
       540         44          0          0          0       1684   stm32h7xx_hal_gpio.o
        36          4          0          0          0        970   stm32h7xx_hal_msp.o
        84          6          0          0          0        797   stm32h7xx_hal_pwr_ex.o
      2466        110          0          0          0       7929   stm32h7xx_hal_rcc.o
      3622        112          0          0          0       7889   stm32h7xx_hal_rcc_ex.o
      2884        322          0          0          0      19957   stm32h7xx_hal_tim.o
       190         38          0          0          0       3324   stm32h7xx_hal_tim_ex.o
       140         20          0          0         76       1635   stm32h7xx_hal_timebase_tim.o
      2642        148         24          0          0      30148   stm32h7xx_hal_uart.o
       290          6         16          0          0       5594   stm32h7xx_hal_uart_ex.o
       144         66          0          0          0       8173   stm32h7xx_it.o
         0          0          0          0          0        392   stream_buffer.o
       244         38         16          8          0       2037   system_stm32h7xx.o
      2240        174          0         60       1220      29085   tasks.o
       280         30          0          0         76       2570   tim.o
       972         84          0         20        280      32371   timers.o
       628         52          0          0        656       3097   usart.o

    ----------------------------------------------------------------------
     30882       1902       1036        160      25268    2585980   Object Totals
         0          0         32          0          0          0   (incl. Generated)
        48          0          2          0          0          0   (incl. Padding)

    ----------------------------------------------------------------------

      Code (inc. data)   RO Data    RW Data    ZI Data      Debug   Library Member Name

         8          0          0          0          0         68   __main.o
         0          0          0          0          0          0   __rtentry.o
        12          0          0          0          0          0   __rtentry2.o
         6          0          0          0          0          0   __rtentry4.o
        52          8          0          0          0          0   __scatter.o
        26          0          0          0          0          0   __scatter_copy.o
        28          0          0          0          0          0   __scatter_zi.o
        16          0          0          0          0         68   aeabi_memset.o
        18          0          0          0          0         80   exit.o
         6          0          0          0          0        152   heapauxi.o
         0          0          0          0          0          0   indicate_semi.o
        36         10          0          0          0         80   init_aeabi.o
         2          0          0          0          0          0   libinit.o
        10          0          0          0          0          0   libinit2.o
         2          0          0          0          0          0   libshutdown.o
         2          0          0          0          0          0   libshutdown2.o
         8          4          0          0         96         68   libspace.o
       238          0          0          0          0        100   lludivv7m.o
        68          0          0          0          0         68   rt_memclr.o
        78          0          0          0          0         80   rt_memclr_w.o
       138          0          0          0          0         68   rt_memcpy_v6.o
       100          0          0          0          0         80   rt_memcpy_w.o
         2          0          0          0          0          0   rtexit.o
        10          0          0          0          0          0   rtexit2.o
        12          4          0          0          0         68   sys_exit.o
        74          0          0          0          0         80   sys_stackheap_outer.o
         2          0          0          0          0         68   use_no_semi.o
        10          0          0          0          0        116   fpinit.o

    ----------------------------------------------------------------------
       970         26          0          0        100       1244   Library Totals
         6          0          0          0          4          0   (incl. Padding)

    ----------------------------------------------------------------------

      Code (inc. data)   RO Data    RW Data    ZI Data      Debug   Library Name

       954         26          0          0         96       1128   c_w.l
        10          0          0          0          0        116   fz_wv.l

    ----------------------------------------------------------------------
       970         26          0          0        100       1244   Library Totals

    ----------------------------------------------------------------------

==============================================================================


      Code (inc. data)   RO Data    RW Data    ZI Data      Debug   

     31852       1928       1036        160      25368    2564904   Grand Totals
     31852       1928       1036        160      25368    2564904   ELF Image Totals
     31852       1928       1036        160          0          0   ROM Totals

==============================================================================

    Total RO  Size (Code + RO Data)                32888 (  32.12kB)
    Total RW  Size (RW Data + ZI Data)             25528 (  24.93kB)
    Total ROM Size (Code + RO Data + RW Data)      33048 (  32.27kB)

==============================================================================

