Component: ARM Compiler 5.06 update 7 (build 960) Tool: armlink [4d3601]

==============================================================================

Section Cross References

    startup_stm32h723xx.o(STACK) refers (Special) to heapauxi.o(.text) for __use_two_region_memory
    startup_stm32h723xx.o(HEAP) refers (Special) to heapauxi.o(.text) for __use_two_region_memory
    startup_stm32h723xx.o(RESET) refers (Special) to heapauxi.o(.text) for __use_two_region_memory
    startup_stm32h723xx.o(RESET) refers to startup_stm32h723xx.o(STACK) for __initial_sp
    startup_stm32h723xx.o(RESET) refers to startup_stm32h723xx.o(.text) for Reset_Handler
    startup_stm32h723xx.o(RESET) refers to stm32h7xx_it.o(i.NMI_Handler) for NMI_Handler
    startup_stm32h723xx.o(RESET) refers to stm32h7xx_it.o(i.HardFault_Handler) for HardFault_Handler
    startup_stm32h723xx.o(RESET) refers to stm32h7xx_it.o(i.MemManage_Handler) for MemManage_Handler
    startup_stm32h723xx.o(RESET) refers to stm32h7xx_it.o(i.BusFault_Handler) for BusFault_Handler
    startup_stm32h723xx.o(RESET) refers to stm32h7xx_it.o(i.UsageFault_Handler) for UsageFault_Handler
    startup_stm32h723xx.o(RESET) refers to port.o(.emb_text) for SVC_Handler
    startup_stm32h723xx.o(RESET) refers to stm32h7xx_it.o(i.DebugMon_Handler) for DebugMon_Handler
    startup_stm32h723xx.o(RESET) refers to cmsis_os2.o(i.SysTick_Handler) for SysTick_Handler
    startup_stm32h723xx.o(RESET) refers to stm32h7xx_it.o(i.DMA1_Stream0_IRQHandler) for DMA1_Stream0_IRQHandler
    startup_stm32h723xx.o(RESET) refers to stm32h7xx_it.o(i.DMA1_Stream1_IRQHandler) for DMA1_Stream1_IRQHandler
    startup_stm32h723xx.o(RESET) refers to stm32h7xx_it.o(i.DMA1_Stream2_IRQHandler) for DMA1_Stream2_IRQHandler
    startup_stm32h723xx.o(RESET) refers to stm32h7xx_it.o(i.FDCAN1_IT0_IRQHandler) for FDCAN1_IT0_IRQHandler
    startup_stm32h723xx.o(RESET) refers to stm32h7xx_it.o(i.FDCAN2_IT0_IRQHandler) for FDCAN2_IT0_IRQHandler
    startup_stm32h723xx.o(RESET) refers to stm32h7xx_it.o(i.FDCAN1_IT1_IRQHandler) for FDCAN1_IT1_IRQHandler
    startup_stm32h723xx.o(RESET) refers to stm32h7xx_it.o(i.FDCAN2_IT1_IRQHandler) for FDCAN2_IT1_IRQHandler
    startup_stm32h723xx.o(RESET) refers to stm32h7xx_it.o(i.USART1_IRQHandler) for USART1_IRQHandler
    startup_stm32h723xx.o(RESET) refers to stm32h7xx_it.o(i.TIM6_DAC_IRQHandler) for TIM6_DAC_IRQHandler
    startup_stm32h723xx.o(RESET) refers to stm32h7xx_it.o(i.OTG_HS_IRQHandler) for OTG_HS_IRQHandler
    startup_stm32h723xx.o(RESET) refers to stm32h7xx_it.o(i.FDCAN3_IT0_IRQHandler) for FDCAN3_IT0_IRQHandler
    startup_stm32h723xx.o(RESET) refers to stm32h7xx_it.o(i.FDCAN3_IT1_IRQHandler) for FDCAN3_IT1_IRQHandler
    startup_stm32h723xx.o(.text) refers (Special) to heapauxi.o(.text) for __use_two_region_memory
    startup_stm32h723xx.o(.text) refers to system_stm32h7xx.o(i.ExitRun0Mode) for ExitRun0Mode
    startup_stm32h723xx.o(.text) refers to system_stm32h7xx.o(i.SystemInit) for SystemInit
    startup_stm32h723xx.o(.text) refers to __main.o(!!!main) for __main
    startup_stm32h723xx.o(.text) refers to startup_stm32h723xx.o(HEAP) for Heap_Mem
    startup_stm32h723xx.o(.text) refers to startup_stm32h723xx.o(STACK) for Stack_Mem
    main.o(i.BSP_All_Init) refers to bsp_fdcan.o(i.bsp_can_init) for bsp_can_init
    main.o(i.BSP_All_Init) refers to bsp_beep.o(i.Beep) for Beep
    main.o(i.HAL_TIM_PeriodElapsedCallback) refers to stm32h7xx_hal.o(i.HAL_IncTick) for HAL_IncTick
    main.o(i.SystemClock_Config) refers to rt_memclr_w.o(.text) for __aeabi_memclr4
    main.o(i.SystemClock_Config) refers to stm32h7xx_hal_pwr_ex.o(i.HAL_PWREx_ConfigSupply) for HAL_PWREx_ConfigSupply
    main.o(i.SystemClock_Config) refers to stm32h7xx_hal_rcc.o(i.HAL_RCC_OscConfig) for HAL_RCC_OscConfig
    main.o(i.SystemClock_Config) refers to main.o(i.Error_Handler) for Error_Handler
    main.o(i.SystemClock_Config) refers to stm32h7xx_hal_rcc.o(i.HAL_RCC_ClockConfig) for HAL_RCC_ClockConfig
    main.o(i.main) refers to stm32h7xx_hal.o(i.HAL_Init) for HAL_Init
    main.o(i.main) refers to main.o(i.SystemClock_Config) for SystemClock_Config
    main.o(i.main) refers to gpio.o(i.MX_GPIO_Init) for MX_GPIO_Init
    main.o(i.main) refers to dma.o(i.MX_DMA_Init) for MX_DMA_Init
    main.o(i.main) refers to tim.o(i.MX_TIM12_Init) for MX_TIM12_Init
    main.o(i.main) refers to usart.o(i.MX_UART5_Init) for MX_UART5_Init
    main.o(i.main) refers to fdcan.o(i.MX_FDCAN1_Init) for MX_FDCAN1_Init
    main.o(i.main) refers to usart.o(i.MX_USART1_UART_Init) for MX_USART1_UART_Init
    main.o(i.main) refers to fdcan.o(i.MX_FDCAN2_Init) for MX_FDCAN2_Init
    main.o(i.main) refers to fdcan.o(i.MX_FDCAN3_Init) for MX_FDCAN3_Init
    main.o(i.main) refers to main.o(i.BSP_All_Init) for BSP_All_Init
    main.o(i.main) refers to cmsis_os2.o(i.osKernelInitialize) for osKernelInitialize
    main.o(i.main) refers to freertos.o(i.MX_FREERTOS_Init) for MX_FREERTOS_Init
[...]
    UART_AdvFeatureConfig                    0x08008d81   Thumb Code   248  stm32h7xx_hal_uart.o(i.UART_AdvFeatureConfig)
    UART_CheckIdleState                      0x08008e79   Thumb Code   234  stm32h7xx_hal_uart.o(i.UART_CheckIdleState)
    UART_SetConfig                           0x08009015   Thumb Code  1558  stm32h7xx_hal_uart.o(i.UART_SetConfig)
    UART_WaitOnFlagUntilTimeout              0x0800963d   Thumb Code   172  stm32h7xx_hal_uart.o(i.UART_WaitOnFlagUntilTimeout)
    USART1_IRQHandler                        0x080096e9   Thumb Code    10  stm32h7xx_it.o(i.USART1_IRQHandler)
    USBD_CDC_GetDeviceQualifierDescriptor    0x08009929   Thumb Code    10  usbd_cdc.o(i.USBD_CDC_GetDeviceQualifierDescriptor)
    USBD_CDC_ReceivePacket                   0x08009ba9   Thumb Code    74  usbd_cdc.o(i.USBD_CDC_ReceivePacket)
    USBD_CDC_RegisterInterface               0x08009bf9   Thumb Code    24  usbd_cdc.o(i.USBD_CDC_RegisterInterface)
    USBD_CDC_SetRxBuffer                     0x08009c11   Thumb Code    30  usbd_cdc.o(i.USBD_CDC_SetRxBuffer)
    USBD_CDC_SetTxBuffer                     0x08009c2f   Thumb Code    36  usbd_cdc.o(i.USBD_CDC_SetTxBuffer)
    USBD_CDC_TransmitPacket                  0x08009d95   Thumb Code    86  usbd_cdc.o(i.USBD_CDC_TransmitPacket)
    USBD_ClrClassConfig                      0x08009df1   Thumb Code    28  usbd_core.o(i.USBD_ClrClassConfig)
    USBD_CoreFindEP                          0x08009e4b   Thumb Code     6  usbd_core.o(i.USBD_CoreFindEP)
    USBD_CoreFindIF                          0x08009e51   Thumb Code     6  usbd_core.o(i.USBD_CoreFindIF)
    USBD_CtlContinueRx                       0x08009e57   Thumb Code    24  usbd_ioreq.o(i.USBD_CtlContinueRx)
    USBD_CtlContinueSendData                 0x08009e6f   Thumb Code    24  usbd_ioreq.o(i.USBD_CtlContinueSendData)
    USBD_CtlError                            0x08009e87   Thumb Code    24  usbd_ctlreq.o(i.USBD_CtlError)
    USBD_CtlPrepareRx                        0x08009e9f   Thumb Code    40  usbd_ioreq.o(i.USBD_CtlPrepareRx)
    USBD_CtlReceiveStatus                    0x08009ec7   Thumb Code    26  usbd_ioreq.o(i.USBD_CtlReceiveStatus)
    USBD_CtlSendData                         0x08009ee1   Thumb Code    34  usbd_ioreq.o(i.USBD_CtlSendData)
    USBD_CtlSendStatus                       0x08009f03   Thumb Code    26  usbd_ioreq.o(i.USBD_CtlSendStatus)
    USBD_GetEpDesc                           0x0800a1a5   Thumb Code    80  usbd_core.o(i.USBD_GetEpDesc)
    USBD_GetNextDesc                         0x0800a20b   Thumb Code    20  usbd_core.o(i.USBD_GetNextDesc)
    USBD_GetString                           0x0800a279   Thumb Code   104  usbd_ctlreq.o(i.USBD_GetString)
    USBD_Get_USB_Status                      0x0800a2e1   Thumb Code    44  usbd_conf.o(i.USBD_Get_USB_Status)
    USBD_HS_ConfigStrDescriptor              0x0800a30d   Thumb Code    34  usbd_desc.o(i.USBD_HS_ConfigStrDescriptor)
    USBD_HS_DeviceDescriptor                 0x0800a341   Thumb Code    10  usbd_desc.o(i.USBD_HS_DeviceDescriptor)
    USBD_HS_InterfaceStrDescriptor           0x0800a351   Thumb Code    34  usbd_desc.o(i.USBD_HS_InterfaceStrDescriptor)
    USBD_HS_LangIDStrDescriptor              0x0800a389   Thumb Code    10  usbd_desc.o(i.USBD_HS_LangIDStrDescriptor)
    USBD_HS_ManufacturerStrDescriptor        0x0800a399   Thumb Code    20  usbd_desc.o(i.USBD_HS_ManufacturerStrDescriptor)
    USBD_HS_ProductStrDescriptor             0x0800a3c5   Thumb Code    34  usbd_desc.o(i.USBD_HS_ProductStrDescriptor)
    USBD_HS_SerialStrDescriptor              0x0800a405   Thumb Code    18  usbd_desc.o(i.USBD_HS_SerialStrDescriptor)
    USBD_Init                                0x0800a41d   Thumb Code    58  usbd_core.o(i.USBD_Init)
    USBD_LL_ClearStallEP                     0x0800a457   Thumb Code    38  usbd_conf.o(i.USBD_LL_ClearStallEP)
    USBD_LL_CloseEP                          0x0800a47d   Thumb Code    38  usbd_conf.o(i.USBD_LL_CloseEP)
    USBD_LL_DataInStage                      0x0800a4a3   Thumb Code   264  usbd_core.o(i.USBD_LL_DataInStage)
    USBD_LL_DataOutStage                     0x0800a5ab   Thumb Code   258  usbd_core.o(i.USBD_LL_DataOutStage)
    USBD_LL_DevConnected                     0x0800a6ad   Thumb Code     6  usbd_core.o(i.USBD_LL_DevConnected)
    USBD_LL_DevDisconnected                  0x0800a6b3   Thumb Code    38  usbd_core.o(i.USBD_LL_DevDisconnected)
    USBD_LL_GetRxDataSize                    0x0800a6d9   Thumb Code    18  usbd_conf.o(i.USBD_LL_GetRxDataSize)
    USBD_LL_Init                             0x0800a6ed   Thumb Code   104  usbd_conf.o(i.USBD_LL_Init)
    USBD_LL_IsStallEP                        0x0800a75d   Thumb Code    56  usbd_conf.o(i.USBD_LL_IsStallEP)
    USBD_LL_IsoINIncomplete                  0x0800a795   Thumb Code    72  usbd_core.o(i.USBD_LL_IsoINIncomplete)
    USBD_LL_IsoOUTIncomplete                 0x0800a7dd   Thumb Code    72  usbd_core.o(i.USBD_LL_IsoOUTIncomplete)
    USBD_LL_OpenEP                           0x0800a825   Thumb Code    48  usbd_conf.o(i.USBD_LL_OpenEP)
    USBD_LL_PrepareReceive                   0x0800a855   Thumb Code    48  usbd_conf.o(i.USBD_LL_PrepareReceive)
    USBD_LL_Reset                            0x0800a885   Thumb Code   108  usbd_core.o(i.USBD_LL_Reset)
    USBD_LL_Resume                           0x0800a8f1   Thumb Code    22  usbd_core.o(i.USBD_LL_Resume)
    USBD_LL_SOF                              0x0800a907   Thumb Code    40  usbd_core.o(i.USBD_LL_SOF)
    USBD_LL_SetSpeed                         0x0800a92f   Thumb Code     8  usbd_core.o(i.USBD_LL_SetSpeed)
    USBD_LL_SetUSBAddress                    0x0800a937   Thumb Code    38  usbd_conf.o(i.USBD_LL_SetUSBAddress)
    USBD_LL_SetupStage                       0x0800a95d   Thumb Code   118  usbd_core.o(i.USBD_LL_SetupStage)
    USBD_LL_StallEP                          0x0800a9d3   Thumb Code    38  usbd_conf.o(i.USBD_LL_StallEP)
    USBD_LL_Start                            0x0800a9f9   Thumb Code    30  usbd_conf.o(i.USBD_LL_Start)
    USBD_LL_Suspend                          0x0800aa17   Thumb Code    28  usbd_core.o(i.USBD_LL_Suspend)
    USBD_LL_Transmit                         0x0800aa33   Thumb Code    48  usbd_conf.o(i.USBD_LL_Transmit)
    USBD_ParseSetupRequest                   0x0800aa63   Thumb Code    54  usbd_ctlreq.o(i.USBD_ParseSetupRequest)
    USBD_RegisterClass                       0x0800aa99   Thumb Code    72  usbd_core.o(i.USBD_RegisterClass)
    USBD_RunTestMode                         0x0800aae1   Thumb Code     6  usbd_core.o(i.USBD_RunTestMode)
    USBD_SetClassConfig                      0x0800ab41   Thumb Code    32  usbd_core.o(i.USBD_SetClassConfig)
    USBD_Start                               0x0800ac9d   Thumb Code    12  usbd_core.o(i.USBD_Start)
    USBD_StdDevReq                           0x0800aca9   Thumb Code   174  usbd_ctlreq.o(i.USBD_StdDevReq)
    USBD_StdEPReq                            0x0800ad57   Thumb Code   640  usbd_ctlreq.o(i.USBD_StdEPReq)
    USBD_StdItfReq                           0x0800afd7   Thumb Code   174  usbd_ctlreq.o(i.USBD_StdItfReq)
    USBD_static_free                         0x0800b085   Thumb Code     2  usbd_conf.o(i.USBD_static_free)
    USBD_static_malloc                       0x0800b089   Thumb Code     6  usbd_conf.o(i.USBD_static_malloc)
    USB_ActivateEndpoint                     0x0800b095   Thumb Code   202  stm32h7xx_ll_usb.o(i.USB_ActivateEndpoint)
    USB_ActivateSetup                        0x0800b165   Thumb Code    40  stm32h7xx_ll_usb.o(i.USB_ActivateSetup)
    USB_CoreInit                             0x0800b18d   Thumb Code   150  stm32h7xx_ll_usb.o(i.USB_CoreInit)
    USB_DeactivateEndpoint                   0x0800b281   Thumb Code   318  stm32h7xx_ll_usb.o(i.USB_DeactivateEndpoint)
    USB_DevConnect                           0x0800b3cd   Thumb Code    36  stm32h7xx_ll_usb.o(i.USB_DevConnect)
    USB_DevDisconnect                        0x0800b3f1   Thumb Code    36  stm32h7xx_ll_usb.o(i.USB_DevDisconnect)
    USB_DevInit                              0x0800b415   Thumb Code   472  stm32h7xx_ll_usb.o(i.USB_DevInit)
    USB_DisableGlobalInt                     0x0800b5f5   Thumb Code    14  stm32h7xx_ll_usb.o(i.USB_DisableGlobalInt)
    USB_EP0_OutStart                         0x0800b605   Thumb Code   106  stm32h7xx_ll_usb.o(i.USB_EP0_OutStart)
    USB_EPClearStall                         0x0800b675   Thumb Code   142  stm32h7xx_ll_usb.o(i.USB_EPClearStall)
    USB_EPSetStall                           0x0800b703   Thumb Code   154  stm32h7xx_ll_usb.o(i.USB_EPSetStall)
    USB_EPStartXfer                          0x0800b79d   Thumb Code   954  stm32h7xx_ll_usb.o(i.USB_EPStartXfer)
    USB_EPStopXfer                           0x0800bb5d   Thumb Code   236  stm32h7xx_ll_usb.o(i.USB_EPStopXfer)
    USB_EnableGlobalInt                      0x0800bc49   Thumb Code    14  stm32h7xx_ll_usb.o(i.USB_EnableGlobalInt)
    USB_FlushRxFifo                          0x0800bc57   Thumb Code    80  stm32h7xx_ll_usb.o(i.USB_FlushRxFifo)
    USB_FlushTxFifo                          0x0800bca7   Thumb Code    84  stm32h7xx_ll_usb.o(i.USB_FlushTxFifo)
    USB_GetDevSpeed                          0x0800bcfb   Thumb Code    38  stm32h7xx_ll_usb.o(i.USB_GetDevSpeed)
    USB_GetMode                              0x0800bd21   Thumb Code    10  stm32h7xx_ll_usb.o(i.USB_GetMode)
    USB_ReadDevAllInEpInterrupt              0x0800bd2b   Thumb Code    20  stm32h7xx_ll_usb.o(i.USB_ReadDevAllInEpInterrupt)
    USB_ReadDevAllOutEpInterrupt             0x0800bd3f   Thumb Code    20  stm32h7xx_ll_usb.o(i.USB_ReadDevAllOutEpInterrupt)
    USB_ReadDevInEPInterrupt                 0x0800bd53   Thumb Code    50  stm32h7xx_ll_usb.o(i.USB_ReadDevInEPInterrupt)
    USB_ReadDevOutEPInterrupt                0x0800bd85   Thumb Code    26  stm32h7xx_ll_usb.o(i.USB_ReadDevOutEPInterrupt)
    USB_ReadInterrupts                       0x0800bd9f   Thumb Code    10  stm32h7xx_ll_usb.o(i.USB_ReadInterrupts)
    USB_ReadPacket                           0x0800bda9   Thumb Code    96  stm32h7xx_ll_usb.o(i.USB_ReadPacket)
    USB_SetCurrentMode                       0x0800be09   Thumb Code   104  stm32h7xx_ll_usb.o(i.USB_SetCurrentMode)
    USB_SetDevAddress                        0x0800be71   Thumb Code    42  stm32h7xx_ll_usb.o(i.USB_SetDevAddress)
    USB_SetDevSpeed                          0x0800be9b   Thumb Code    18  stm32h7xx_ll_usb.o(i.USB_SetDevSpeed)
    USB_SetTurnaroundTime                    0x0800bead   Thumb Code   192  stm32h7xx_ll_usb.o(i.USB_SetTurnaroundTime)
    USB_WritePacket                          0x0800bf95   Thumb Code    68  stm32h7xx_ll_usb.o(i.USB_WritePacket)
    UsageFault_Handler                       0x0800bfd9   Thumb Code     4  stm32h7xx_it.o(i.UsageFault_Handler)
    RobStrite_Motor::Enable_Motor()          0x0800c02d   Thumb Code    76  robstride.o(i._ZN15RobStrite_Motor12Enable_MotorEv)
    RobStrite_Motor::RobStrite_Motor_move_control(float, float, float, float, float) 0x0800c079   Thumb Code   408  robstride.o(i._ZN15RobStrite_Motor28RobStrite_Motor_move_controlEfffff)
    RobStrite_Motor::Get_RobStrite_Motor_parameter(unsigned short) 0x0800c221   Thumb Code    90  robstride.o(i._ZN15RobStrite_Motor29Get_RobStrite_Motor_parameterEt)
    RobStrite_Motor::Set_RobStrite_Motor_parameter(unsigned short, float, char) 0x0800c27b   Thumb Code   164  robstride.o(i._ZN15RobStrite_Motor29Set_RobStrite_Motor_parameterEtfc)
    RobStrite_Motor::RobStrite_Motor(unsigned char, FDCAN_HandleTypeDef*) 0x0800c321   Thumb Code    38  robstride.o(i._ZN15RobStrite_MotorC1EhP19FDCAN_HandleTypeDef)
    RobStrite_Motor::RobStrite_Motor__sub_object(unsigned char, FDCAN_HandleTypeDef*) 0x0800c321   Thumb Code     0  robstride.o(i._ZN15RobStrite_MotorC1EhP19FDCAN_HandleTypeDef)
    data_read_write::data_read_write(const unsigned short*) 0x0800c34d   Thumb Code    76  robstride.o(i._ZN15data_read_writeC1EPKt)
    data_read_write::data_read_write__sub_object(const unsigned short*) 0x0800c34d   Thumb Code     0  robstride.o(i._ZN15data_read_writeC1EPKt)
    bsp_can_init                             0x0800c3f1   Thumb Code    16  bsp_fdcan.o(i.bsp_can_init)
    chassis_task                             0x0800c401   Thumb Code    32  chassis_task.o(i.chassis_task)
    dm_motor_ctrl_send                       0x0800c429   Thumb Code   162  dm_motor_drv.o(i.dm_motor_ctrl_send)
    dm_motor_enable                          0x0800c4cb   Thumb Code    86  dm_motor_drv.o(i.dm_motor_enable)
    dm_motor_fbdata                          0x0800c521   Thumb Code   146  dm_motor_drv.o(i.dm_motor_fbdata)
    dm_motor_init                            0x0800c5bd   Thumb Code    10  dm_motor_drv.o(i.dm_motor_init)
    enable_motor_mode                        0x0800c5c7   Thumb Code    66  dm_motor_drv.o(i.enable_motor_mode)
    fdcan1_rx_callback                       0x0800c609   Thumb Code    28  bsp_fdcan.o(i.fdcan1_rx_callback)
    fdcan2_rx_callback                       0x0800c62d   Thumb Code    86  bsp_fdcan.o(i.fdcan2_rx_callback)
    fdcan3_rx_callback                       0x0800c68d   Thumb Code    86  bsp_fdcan.o(i.fdcan3_rx_callback)
    fdcanx_receive                           0x0800c6ed   Thumb Code   118  bsp_fdcan.o(i.fdcanx_receive)
    fdcanx_send_data                         0x0800c763   Thumb Code   134  bsp_fdcan.o(i.fdcanx_send_data)
    gimbal_task                              0x0800c81d   Thumb Code    56  gimbal_task.o(i.gimbal_task)
    main                                     0x0800c85d   Thumb Code    60  main.o(i.main)
    mit_ctrl                                 0x0800c899   Thumb Code   232  dm_motor_drv.o(i.mit_ctrl)
    osDelay                                  0x0800c991   Thumb Code    30  cmsis_os2.o(i.osDelay)
    osDelayUntil                             0x0800c9af   Thumb Code    52  cmsis_os2.o(i.osDelayUntil)
    osKernelGetTickCount                     0x0800c9e3   Thumb Code    26  cmsis_os2.o(i.osKernelGetTickCount)
    osKernelInitialize                       0x0800c9fd   Thumb Code    38  cmsis_os2.o(i.osKernelInitialize)
    osKernelStart                            0x0800ca29   Thumb Code    82  cmsis_os2.o(i.osKernelStart)
    osThreadNew                              0x0800ca89   Thumb Code   184  cmsis_os2.o(i.osThreadNew)
    pos_ctrl                                 0x0800cb41   Thumb Code    92  dm_motor_drv.o(i.pos_ctrl)
    psi_ctrl                                 0x0800d5c1   Thumb Code   152  dm_motor_drv.o(i.psi_ctrl)
    pvPortMalloc                             0x0800d661   Thumb Code   306  heap_4.o(i.pvPortMalloc)
    pxPortInitialiseStack                    0x0800d7ad   Thumb Code    38  port.o(i.pxPortInitialiseStack)
    shoot_task                               0x0800d7d9   Thumb Code   134  shoot_task.o(i.shoot_task)
    spd_ctrl                                 0x0800d881   Thumb Code    60  dm_motor_drv.o(i.spd_ctrl)
    uxListRemove                             0x0800d8f1   Thumb Code    40  list.o(i.uxListRemove)
    vApplicationGetIdleTaskMemory            0x0800d919   Thumb Code    14  cmsis_os2.o(i.vApplicationGetIdleTaskMemory)
    vApplicationGetTimerTaskMemory           0x0800d931   Thumb Code    16  cmsis_os2.o(i.vApplicationGetTimerTaskMemory)
    vListInitialise                          0x0800d949   Thumb Code    26  list.o(i.vListInitialise)
    vListInitialiseItem                      0x0800d963   Thumb Code     6  list.o(i.vListInitialiseItem)
    vListInsert                              0x0800d969   Thumb Code    52  list.o(i.vListInsert)
    vListInsertEnd                           0x0800d99d   Thumb Code    24  list.o(i.vListInsertEnd)
    vPortEnterCritical                       0x0800d9b5   Thumb Code    76  port.o(i.vPortEnterCritical)
    vPortExitCritical                        0x0800da09   Thumb Code    56  port.o(i.vPortExitCritical)
    vPortFree                                0x0800da45   Thumb Code   150  heap_4.o(i.vPortFree)
    vPortSetupTimerInterrupt                 0x0800dae9   Thumb Code    36  port.o(i.vPortSetupTimerInterrupt)
    vPortValidateInterruptPriority           0x0800db11   Thumb Code   106  port.o(i.vPortValidateInterruptPriority)
    vQueueAddToRegistry                      0x0800db89   Thumb Code    38  queue.o(i.vQueueAddToRegistry)
    vQueueWaitForMessageRestricted           0x0800dbb5   Thumb Code    74  queue.o(i.vQueueWaitForMessageRestricted)
    vTaskDelay                               0x0800dc01   Thumb Code    82  tasks.o(i.vTaskDelay)
    vTaskDelayUntil                          0x0800dc5d   Thumb Code   200  tasks.o(i.vTaskDelayUntil)
    vTaskInternalSetTimeOutState             0x0800dd31   Thumb Code    14  tasks.o(i.vTaskInternalSetTimeOutState)
    vTaskMissedYield                         0x0800dd49   Thumb Code     8  tasks.o(i.vTaskMissedYield)
    vTaskPlaceOnEventList                    0x0800dd55   Thumb Code    52  tasks.o(i.vTaskPlaceOnEventList)
    vTaskPlaceOnEventListRestricted          0x0800dd8d   Thumb Code    60  tasks.o(i.vTaskPlaceOnEventListRestricted)
    vTaskStartScheduler                      0x0800ddcd   Thumb Code   156  tasks.o(i.vTaskStartScheduler)
    vTaskSuspendAll                          0x0800de85   Thumb Code    12  tasks.o(i.vTaskSuspendAll)
    vTaskSwitchContext                       0x0800de95   Thumb Code   122  tasks.o(i.vTaskSwitchContext)
    xPortStartScheduler                      0x0800df25   Thumb Code   330  port.o(i.xPortStartScheduler)
    xPortSysTickHandler                      0x0800e08d   Thumb Code    46  port.o(i.xPortSysTickHandler)
    xQueueGenericCreateStatic                0x0800e0c1   Thumb Code   224  queue.o(i.xQueueGenericCreateStatic)
    xQueueGenericReset                       0x0800e1a1   Thumb Code   146  queue.o(i.xQueueGenericReset)
    xQueueGenericSend                        0x0800e239   Thumb Code   420  queue.o(i.xQueueGenericSend)
    xQueueGenericSendFromISR                 0x0800e3e1   Thumb Code   252  queue.o(i.xQueueGenericSendFromISR)
    xQueueReceive                            0x0800e4dd   Thumb Code   356  queue.o(i.xQueueReceive)
    xTaskCheckForTimeOut                     0x0800e645   Thumb Code   132  tasks.o(i.xTaskCheckForTimeOut)
    xTaskCreate                              0x0800e6d1   Thumb Code   100  tasks.o(i.xTaskCreate)
    xTaskCreateStatic                        0x0800e735   Thumb Code   186  tasks.o(i.xTaskCreateStatic)
    xTaskGetSchedulerState                   0x0800e7f1   Thumb Code    24  tasks.o(i.xTaskGetSchedulerState)
    xTaskGetTickCount                        0x0800e811   Thumb Code     6  tasks.o(i.xTaskGetTickCount)
    xTaskGetTickCountFromISR                 0x0800e81d   Thumb Code    16  tasks.o(i.xTaskGetTickCountFromISR)
    xTaskIncrementTick                       0x0800e831   Thumb Code   280  tasks.o(i.xTaskIncrementTick)
    xTaskPriorityDisinherit                  0x0800e975   Thumb Code   152  tasks.o(i.xTaskPriorityDisinherit)
    xTaskRemoveFromEventList                 0x0800ea19   Thumb Code   126  tasks.o(i.xTaskRemoveFromEventList)
    xTaskResumeAll                           0x0800eab1   Thumb Code   222  tasks.o(i.xTaskResumeAll)
    xTimerCreateTimerTask                    0x0800ebb5   Thumb Code   100  timers.o(i.xTimerCreateTimerTask)
    xTimerGenericCommand                     0x0800ec2d   Thumb Code   128  timers.o(i.xTimerGenericCommand)
    _fp_init                                 0x0800ecb1   Thumb Code    10  fpinit.o(x$fpl$fpinit)
    __fplib_config_fpu_vfp                   0x0800ecb9   Thumb Code     0  fpinit.o(x$fpl$fpinit)
    __fplib_config_pureend_doubles           0x0800ecb9   Thumb Code     0  fpinit.o(x$fpl$fpinit)
    defaultTask_attributes                   0x0800ecbc   Data          36  freertos.o(.constdata)
    Chasis_Task_attributes                   0x0800ece0   Data          36  freertos.o(.constdata)
    Gimbal_Task_attributes                   0x0800ed04   Data          36  freertos.o(.constdata)
    Shoot_Task_attributes                    0x0800ed28   Data          36  freertos.o(.constdata)
    UARTPrescTable                           0x0800edb0   Data          24  stm32h7xx_hal_uart.o(.constdata)
    D1CorePrescTable                         0x0800edd8   Data          16  system_stm32h7xx.o(.constdata)
    Region$$Table$$Base                      0x0800ee38   Number         0  anon$$obj.o(Region$$Table)
    Region$$Table$$Limit                     0x0800ee58   Number         0  anon$$obj.o(Region$$Table)
    SHT$$INIT_ARRAY$$Base                    0x0800ee58   Number         0  robstride.o(.init_array)
    SHT$$INIT_ARRAY$$Limit                   0x0800ee5c   Number         0  init_aeabi.o(.init_array)
    defaultTaskHandle                        0x24000000   Data           4  freertos.o(.data)
    Chasis_TaskHandle                        0x24000004   Data           4  freertos.o(.data)
    Gimbal_TaskHandle                        0x24000008   Data           4  freertos.o(.data)
    Shoot_TaskHandle                         0x2400000c   Data           4  freertos.o(.data)
    uwTick                                   0x24000014   Data           4  stm32h7xx_hal.o(.data)
    uwTickPrio                               0x24000018   Data           4  stm32h7xx_hal.o(.data)
    uwTickFreq                               0x2400001c   Data           1  stm32h7xx_hal.o(.data)
    SystemCoreClock                          0x24000020   Data           4  system_stm32h7xx.o(.data)
    SystemD2Clock                            0x24000024   Data           4  system_stm32h7xx.o(.data)
    pxCurrentTCB                             0x24000028   Data           4  tasks.o(.data)
    HS_Desc                                  0x240000a8   Data          32  usbd_desc.o(.data)
    USBD_HS_DeviceDesc                       0x240000c8   Data          18  usbd_desc.o(.data)
    USBD_HS_BOSDesc                          0x240000dc   Data          12  usbd_desc.o(.data)
    USBD_LangIDDesc                          0x240000e8   Data           4  usbd_desc.o(.data)
    USBD_StringSerial                        0x240000ec   Data          26  usbd_desc.o(.data)
    myUSBRxNum                               0x24000108   Data           2  usbd_cdc_if.o(.data)
    USBD_Interface_fops_HS                   0x2400010c   Data          20  usbd_cdc_if.o(.data)
    USBD_CDC                                 0x24000130   Data          56  usbd_cdc.o(.data)
    defaultTaskBuffer                        0x240001b0   Data         512  freertos.o(.bss)
    defaultTaskControlBlock                  0x240003b0   Data          92  freertos.o(.bss)
    Chasis_TaskBuffer                        0x2400040c   Data        2048  freertos.o(.bss)
    Chasis_TaskControlBlock                  0x24000c0c   Data          92  freertos.o(.bss)
    Gimbal_TaskBuffer                        0x24000c68   Data        2048  freertos.o(.bss)
    Gimbal_TaskControlBlock                  0x24001468   Data          92  freertos.o(.bss)
    Shoot_TaskBuffer                         0x240014c4   Data        2048  freertos.o(.bss)
    Shoot_TaskControlBlock                   0x24001cc4   Data          92  freertos.o(.bss)
    hfdcan1                                  0x24001d20   Data         160  fdcan.o(.bss)
    hfdcan2                                  0x24001dc0   Data         160  fdcan.o(.bss)
    hfdcan3                                  0x24001e60   Data         160  fdcan.o(.bss)
    htim12                                   0x24001f00   Data          76  tim.o(.bss)
    huart5                                   0x24001f4c   Data         148  usart.o(.bss)
    huart1                                   0x24001fe0   Data         148  usart.o(.bss)
    hdma_uart5_rx                            0x24002074   Data         120  usart.o(.bss)
    hdma_usart1_rx                           0x240020ec   Data         120  usart.o(.bss)
    hdma_usart1_tx                           0x24002164   Data         120  usart.o(.bss)
    htim6                                    0x240021dc   Data          76  stm32h7xx_hal_timebase_tim.o(.bss)
    xQueueRegistry                           0x24002228   Data          64  queue.o(.bss)
    CAN_GM6020                               0x24006afc   Data         144  djimotor.o(.bss)
    CAN_M2006                                0x24006b8c   Data          20  djimotor.o(.bss)
    CAN_M3508                                0x24006ba0   Data         144  djimotor.o(.bss)
    DM4310                                   0x24006c30   Data         272  dm_motor_drv.o(.bss)
    RobStrite00                              0x24006d40   Data         220  robstride.o(.bss)
    PID_GM6020                               0x24006e1c   Data         168  pid.o(.bss)
    PID_GM6020_speed                         0x24006ec4   Data         168  pid.o(.bss)
    PID_GM6020_PC                            0x24006f6c   Data         168  pid.o(.bss)
    PID_GM6020_speed_PC                      0x24007014   Data         168  pid.o(.bss)
    PID_GM6020_Vision                        0x240070bc   Data         168  pid.o(.bss)
    PID_GM6020_speed_Vision                  0x24007164   Data         168  pid.o(.bss)
    PID_M2006                                0x2400720c   Data         168  pid.o(.bss)
    PID_M2006_speed                          0x240072b4   Data         168  pid.o(.bss)
    PID_M3508                                0x2400735c   Data         588  pid.o(.bss)
    PID_M3508_speed                          0x240075a8   Data         588  pid.o(.bss)
    PID_M3508_Follow                         0x240077f4   Data          84  pid.o(.bss)
    PID_HEAT_PWM                             0x24007848   Data          84  pid.o(.bss)
    PID_DM4310                               0x2400789c   Data          84  pid.o(.bss)
    PID_DM4310_speed                         0x240078f0   Data          84  pid.o(.bss)
    hUsbDeviceHS                             0x24007944   Data         732  usb_device.o(.bss)
    USBD_StrDesc                             0x24007c20   Data         512  usbd_desc.o(.bss)
    UserRxBufferHS                           0x24007e20   Data        2048  usbd_cdc_if.o(.bss)
    UserTxBufferHS                           0x24008620   Data        2048  usbd_cdc_if.o(.bss)
    myUSBRxData                              0x24008e20   Data          64  usbd_cdc_if.o(.bss)
    hpcd_USB_OTG_HS                          0x24008e60   Data        1252  usbd_conf.o(.bss)
    __libspace_start                         0x24009564   Data          96  libspace.o(.bss)
    __temporary_stack_top$libspace           0x240095c4   Data           0  libspace.o(.bss)



==============================================================================

Memory Map of the image

  Image Entry point : 0x080002cd

  Load Region LR_IROM1 (Base: 0x08000000, Size: 0x0000f00c, Max: 0x00100000, ABSOLUTE, COMPRESSED[0x0000ef28])

    Execution Region ER_IROM1 (Exec base: 0x08000000, Load base: 0x08000000, Size: 0x0000ee5c, Max: 0x00100000, ABSOLUTE)

    Exec Addr    Load Addr    Size         Type   Attr      Idx    E Section Name        Object

    0x08000000   0x08000000   0x000002cc   Data   RO            3    RESET               startup_stm32h723xx.o
    0x080002cc   0x080002cc   0x00000008   Code   RO         9775  * !!!main             c_w.l(__main.o)
    0x080002d4   0x080002d4   0x00000034   Code   RO        10002    !!!scatter          c_w.l(__scatter.o)
    0x08000308   0x08000308   0x0000005a   Code   RO        10000    !!dczerorl2         c_w.l(__dczerorl2.o)
    0x08000362   0x08000362   0x00000002   PAD
    0x08000364   0x08000364   0x0000001c   Code   RO        10004    !!handler_zi        c_w.l(__scatter_zi.o)
    0x08000380   0x08000380   0x00000002   Code   RO         9937    .ARM.Collect$$libinit$$00000000  c_w.l(libinit.o)
    0x08000382   0x08000382   0x00000004   Code   RO         9823    .ARM.Collect$$libinit$$00000001  c_w.l(libinit2.o)
    0x08000386   0x08000386   0x00000000   Code   RO         9826    .ARM.Collect$$libinit$$00000004  c_w.l(libinit2.o)
    0x08000386   0x08000386   0x00000000   Code   RO         9829    .ARM.Collect$$libinit$$0000000A  c_w.l(libinit2.o)
    0x08000386   0x08000386   0x00000000   Code   RO         9831    .ARM.Collect$$libinit$$0000000C  c_w.l(libinit2.o)
    0x08000386   0x08000386   0x00000000   Code   RO         9833    .ARM.Collect$$libinit$$0000000E  c_w.l(libinit2.o)
    0x08000386   0x08000386   0x00000000   Code   RO         9836    .ARM.Collect$$libinit$$00000011  c_w.l(libinit2.o)
    0x08000386   0x08000386   0x00000000   Code   RO         9838    .ARM.Collect$$libinit$$00000013  c_w.l(libinit2.o)
    0x08000386   0x08000386   0x00000000   Code   RO         9840    .ARM.Collect$$libinit$$00000015  c_w.l(libinit2.o)
    0x08000386   0x08000386   0x00000000   Code   RO         9842    .ARM.Collect$$libinit$$00000017  c_w.l(libinit2.o)
    0x08000386   0x08000386   0x00000000   Code   RO         9844    .ARM.Collect$$libinit$$00000019  c_w.l(libinit2.o)
    0x08000386   0x08000386   0x00000000   Code   RO         9846    .ARM.Collect$$libinit$$0000001B  c_w.l(libinit2.o)
    0x08000386   0x08000386   0x00000000   Code   RO         9848    .ARM.Collect$$libinit$$0000001D  c_w.l(libinit2.o)
    0x08000386   0x08000386   0x00000000   Code   RO         9850    .ARM.Collect$$libinit$$0000001F  c_w.l(libinit2.o)
    0x08000386   0x08000386   0x00000000   Code   RO         9852    .ARM.Collect$$libinit$$00000021  c_w.l(libinit2.o)
    0x08000386   0x08000386   0x00000000   Code   RO         9854    .ARM.Collect$$libinit$$00000023  c_w.l(libinit2.o)
    0x08000386   0x08000386   0x00000000   Code   RO         9856    .ARM.Collect$$libinit$$00000025  c_w.l(libinit2.o)
    0x08000386   0x08000386   0x00000000   Code   RO         9860    .ARM.Collect$$libinit$$0000002C  c_w.l(libinit2.o)
    0x08000386   0x08000386   0x00000000   Code   RO         9862    .ARM.Collect$$libinit$$0000002E  c_w.l(libinit2.o)
    0x08000386   0x08000386   0x00000000   Code   RO         9864    .ARM.Collect$$libinit$$00000030  c_w.l(libinit2.o)
    0x08000386   0x08000386   0x00000004   Code   RO         9865    .ARM.Collect$$libinit$$00000031  c_w.l(libinit2.o)
    0x0800038a   0x0800038a   0x00000000   Code   RO         9866    .ARM.Collect$$libinit$$00000032  c_w.l(libinit2.o)
    0x0800038a   0x0800038a   0x00000002   Code   RO         9867    .ARM.Collect$$libinit$$00000033  c_w.l(libinit2.o)
    0x0800038c   0x0800038c   0x00000002   Code   RO         9997    .ARM.Collect$$libshutdown$$00000000  c_w.l(libshutdown.o)
    0x0800038e   0x0800038e   0x00000000   Code   RO         9953    .ARM.Collect$$libshutdown$$00000002  c_w.l(libshutdown2.o)
    0x0800038e   0x0800038e   0x00000000   Code   RO         9955    .ARM.Collect$$libshutdown$$00000004  c_w.l(libshutdown2.o)
    0x0800038e   0x0800038e   0x00000000   Code   RO         9957    .ARM.Collect$$libshutdown$$00000006  c_w.l(libshutdown2.o)
    0x0800038e   0x0800038e   0x00000000   Code   RO         9960    .ARM.Collect$$libshutdown$$00000009  c_w.l(libshutdown2.o)
    0x0800038e   0x0800038e   0x00000000   Code   RO         9963    .ARM.Collect$$libshutdown$$0000000C  c_w.l(libshutdown2.o)
    0x0800038e   0x0800038e   0x00000000   Code   RO         9965    .ARM.Collect$$libshutdown$$0000000E  c_w.l(libshutdown2.o)
    0x0800038e   0x0800038e   0x00000000   Code   RO         9968    .ARM.Collect$$libshutdown$$00000011  c_w.l(libshutdown2.o)
    0x0800038e   0x0800038e   0x00000002   Code   RO         9969    .ARM.Collect$$libshutdown$$00000012  c_w.l(libshutdown2.o)
    0x08000390   0x08000390   0x00000000   Code   RO         9785    .ARM.Collect$$rtentry$$00000000  c_w.l(__rtentry.o)
    0x08000390   0x08000390   0x00000000   Code   RO         9874    .ARM.Collect$$rtentry$$00000002  c_w.l(__rtentry2.o)
    0x08000390   0x08000390   0x00000006   Code   RO         9886    .ARM.Collect$$rtentry$$00000004  c_w.l(__rtentry4.o)
    0x08000396   0x08000396   0x00000000   Code   RO         9876    .ARM.Collect$$rtentry$$00000009  c_w.l(__rtentry2.o)
    0x08000396   0x08000396   0x00000004   Code   RO         9877    .ARM.Collect$$rtentry$$0000000A  c_w.l(__rtentry2.o)
    0x0800039a   0x0800039a   0x00000000   Code   RO         9879    .ARM.Collect$$rtentry$$0000000C  c_w.l(__rtentry2.o)
    0x0800039a   0x0800039a   0x00000008   Code   RO         9880    .ARM.Collect$$rtentry$$0000000D  c_w.l(__rtentry2.o)
    0x080003a2   0x080003a2   0x00000002   Code   RO         9940    .ARM.Collect$$rtexit$$00000000  c_w.l(rtexit.o)
    0x080003a4   0x080003a4   0x00000000   Code   RO         9973    .ARM.Collect$$rtexit$$00000002  c_w.l(rtexit2.o)
    0x080003a4   0x080003a4   0x00000004   Code   RO         9974    .ARM.Collect$$rtexit$$00000003  c_w.l(rtexit2.o)
    0x080003a8   0x080003a8   0x00000006   Code   RO         9975    .ARM.Collect$$rtexit$$00000004  c_w.l(rtexit2.o)
    0x080003ae   0x080003ae   0x00000002   PAD
    0x080003b0   0x080003b0   0x000000be   Code   RO         7815    .emb_text           port.o
    0x0800046e   0x0800046e   0x00000002   PAD
    0x08000470   0x08000470   0x00000048   Code   RO            4    .text               startup_stm32h723xx.o
    0x080004b8   0x080004b8   0x000000ee   Code   RO         9759    .text               c_w.l(lludivv7m.o)
    0x080005a6   0x080005a6   0x0000008a   Code   RO         9761    .text               c_w.l(rt_memcpy_v6.o)
    0x08000630   0x08000630   0x00000064   Code   RO         9763    .text               c_w.l(rt_memcpy_w.o)
    0x08000694   0x08000694   0x00000010   Code   RO         9767    .text               c_w.l(aeabi_memset.o)
    0x080006a4   0x080006a4   0x00000044   Code   RO         9769    .text               c_w.l(rt_memclr.o)
    0x080006e8   0x080006e8   0x0000004e   Code   RO         9771    .text               c_w.l(rt_memclr_w.o)
    0x08000736   0x08000736   0x00000006   Code   RO         9773    .text               c_w.l(heapauxi.o)
    0x0800073c   0x0800073c   0x00000024   Code   RO         9780    .text               c_w.l(init_aeabi.o)
    0x08000760   0x08000760   0x00000008   Code   RO         9870    .text               c_w.l(libspace.o)
    0x08000768   0x08000768   0x00000002   Code   RO         9909    .text               c_w.l(use_no_semi.o)
    0x0800076a   0x0800076a   0x00000000   Code   RO         9911    .text               c_w.l(indicate_semi.o)
    0x0800076a   0x0800076a   0x0000004a   Code   RO         9912    .text               c_w.l(sys_stackheap_outer.o)
    0x080007b4   0x080007b4   0x00000012   Code   RO         9918    .text               c_w.l(exit.o)
    0x080007c6   0x080007c6   0x00000002   PAD
    0x080007c8   0x080007c8   0x0000000c   Code   RO         9938    .text               c_w.l(sys_exit.o)
    0x080007d4   0x080007d4   0x0000000e   Code   RO           13    i.BSP_All_Init      main.o
    0x080007e2   0x080007e2   0x00000002   PAD
    0x080007e4   0x080007e4   0x00000040   Code   RO         7895    i.Beep              bsp_beep.o
    0x08000824   0x08000824   0x00000004   Code   RO          515    i.BusFault_Handler  stm32h7xx_it.o
    0x08000828   0x08000828   0x00000044   Code   RO         8986    i.CDC_Control_HS    usbd_cdc_if.o
    0x0800086c   0x0800086c   0x00000004   Code   RO         8987    i.CDC_DeInit_HS     usbd_cdc_if.o
    0x08000870   0x08000870   0x00000024   Code   RO         8988    i.CDC_Init_HS       usbd_cdc_if.o
    0x08000894   0x08000894   0x00000044   Code   RO         8989    i.CDC_Receive_HS    usbd_cdc_if.o
    0x080008d8   0x080008d8   0x0000000c   Code   RO         8990    i.CDC_TransmitCplt_HS  usbd_cdc_if.o
    0x080008e4   0x080008e4   0x00000038   Code   RO         8991    i.CDC_Transmit_HS   usbd_cdc_if.o
    0x0800091c   0x0800091c   0x00000010   Code   RO          516    i.DMA1_Stream0_IRQHandler  stm32h7xx_it.o
    0x0800092c   0x0800092c   0x00000010   Code   RO          517    i.DMA1_Stream1_IRQHandler  stm32h7xx_it.o
    0x0800093c   0x0800093c   0x00000010   Code   RO          518    i.DMA1_Stream2_IRQHandler  stm32h7xx_it.o
    0x0800094c   0x0800094c   0x000000ec   Code   RO         3078    i.DMA_CalcBaseAndBitshift  stm32h7xx_hal_dma.o
    0x08000a38   0x08000a38   0x000000c4   Code   RO         3079    i.DMA_CalcDMAMUXChannelBaseAndMask  stm32h7xx_hal_dma.o
    0x08000afc   0x08000afc   0x00000098   Code   RO         3080    i.DMA_CalcDMAMUXRequestGenBaseAndMask  stm32h7xx_hal_dma.o
    0x08000b94   0x08000b94   0x000000ae   Code   RO         3081    i.DMA_CheckFifoParam  stm32h7xx_hal_dma.o
    0x08000c42   0x08000c42   0x00000002   Code   RO          519    i.DebugMon_Handler  stm32h7xx_it.o
    0x08000c44   0x08000c44   0x00000006   Code   RO           14    i.Error_Handler     main.o
    0x08000c4a   0x08000c4a   0x00000002   PAD
    0x08000c4c   0x08000c4c   0x00000024   Code   RO         6043    i.ExitRun0Mode      system_stm32h7xx.o
    0x08000c70   0x08000c70   0x00000094   Code   RO         7965    i.FDCAN1_Config     bsp_fdcan.o
    0x08000d04   0x08000d04   0x00000010   Code   RO          520    i.FDCAN1_IT0_IRQHandler  stm32h7xx_it.o
    0x08000d14   0x08000d14   0x00000010   Code   RO          521    i.FDCAN1_IT1_IRQHandler  stm32h7xx_it.o
    0x08000d24   0x08000d24   0x00000098   Code   RO         7966    i.FDCAN2_Config     bsp_fdcan.o
    0x08000dbc   0x08000dbc   0x00000010   Code   RO          522    i.FDCAN2_IT0_IRQHandler  stm32h7xx_it.o
    0x08000dcc   0x08000dcc   0x00000010   Code   RO          523    i.FDCAN2_IT1_IRQHandler  stm32h7xx_it.o
    0x08000ddc   0x08000ddc   0x00000094   Code   RO         7967    i.FDCAN3_Config     bsp_fdcan.o
    0x08000e70   0x08000e70   0x00000010   Code   RO          524    i.FDCAN3_IT0_IRQHandler  stm32h7xx_it.o
    0x08000e80   0x08000e80   0x00000010   Code   RO          525    i.FDCAN3_IT1_IRQHandler  stm32h7xx_it.o
    0x08000e90   0x08000e90   0x00000220   Code   RO         4877    i.FDCAN_CalcultateRamBlockAddresses  stm32h7xx_hal_fdcan.o
    0x080010b0   0x080010b0   0x000000d0   Code   RO         4878    i.FDCAN_CopyMessageToRAM  stm32h7xx_hal_fdcan.o
    0x08001180   0x08001180   0x00000034   Code   RO         8890    i.Get_SerialNum     usbd_desc.o
    0x080011b4   0x080011b4   0x000004dc   Code   RO         3083    i.HAL_DMA_Abort     stm32h7xx_hal_dma.o
    0x08001690   0x08001690   0x00000398   Code   RO         3084    i.HAL_DMA_Abort_IT  stm32h7xx_hal_dma.o
    0x08001a28   0x08001a28   0x00000af8   Code   RO         3088    i.HAL_DMA_IRQHandler  stm32h7xx_hal_dma.o
    0x08002520   0x08002520   0x00000514   Code   RO         3089    i.HAL_DMA_Init      stm32h7xx_hal_dma.o
    0x08002a34   0x08002a34   0x00000028   Code   RO         3938    i.HAL_Delay         stm32h7xx_hal.o
    0x08002a5c   0x08002a5c   0x000000a8   Code   RO         4880    i.HAL_FDCAN_ActivateNotification  stm32h7xx_hal_fdcan.o
    0x08002b04   0x08002b04   0x00000090   Code   RO         4882    i.HAL_FDCAN_AddMessageToTxFifoQ  stm32h7xx_hal_fdcan.o
    0x08002b94   0x08002b94   0x00000002   Code   RO         4883    i.HAL_FDCAN_ClockCalibrationCallback  stm32h7xx_hal_fdcan.o
    0x08002b96   0x08002b96   0x000000a8   Code   RO         4887    i.HAL_FDCAN_ConfigFilter  stm32h7xx_hal_fdcan.o
    0x08002c3e   0x08002c3e   0x00000034   Code   RO         4888    i.HAL_FDCAN_ConfigGlobalFilter  stm32h7xx_hal_fdcan.o
    0x08002c72   0x08002c72   0x00000002   Code   RO         4909    i.HAL_FDCAN_ErrorCallback  stm32h7xx_hal_fdcan.o
    0x08002c74   0x08002c74   0x00000002   Code   RO         4910    i.HAL_FDCAN_ErrorStatusCallback  stm32h7xx_hal_fdcan.o
    0x08002c76   0x08002c76   0x00000002   PAD
    0x08002c78   0x08002c78   0x000001f4   Code   RO         4921    i.HAL_FDCAN_GetRxMessage  stm32h7xx_hal_fdcan.o
    0x08002e6c   0x08002e6c   0x0000000e   Code   RO         4926    i.HAL_FDCAN_GetTxFifoFreeLevel  stm32h7xx_hal_fdcan.o
    0x08002e7a   0x08002e7a   0x00000002   Code   RO         4927    i.HAL_FDCAN_HighPriorityMessageCallback  stm32h7xx_hal_fdcan.o
    0x08002e7c   0x08002e7c   0x000003d4   Code   RO         4928    i.HAL_FDCAN_IRQHandler  stm32h7xx_hal_fdcan.o
    0x08003250   0x08003250   0x000002e0   Code   RO         4929    i.HAL_FDCAN_Init    stm32h7xx_hal_fdcan.o
    0x08003530   0x08003530   0x0000023c   Code   RO          365    i.HAL_FDCAN_MspInit  fdcan.o
    0x0800376c   0x0800376c   0x00000002   Code   RO         4938    i.HAL_FDCAN_RxBufferNewMessageCallback  stm32h7xx_hal_fdcan.o
    0x0800376e   0x0800376e   0x00000002   PAD
    0x08003770   0x08003770   0x0000003c   Code   RO         7968    i.HAL_FDCAN_RxFifo0Callback  bsp_fdcan.o
    0x080037ac   0x080037ac   0x0000003c   Code   RO         7969    i.HAL_FDCAN_RxFifo1Callback  bsp_fdcan.o
    0x080037e8   0x080037e8   0x00000034   Code   RO         4941    i.HAL_FDCAN_Start   stm32h7xx_hal_fdcan.o
    0x0800381c   0x0800381c   0x00000002   Code   RO         4963    i.HAL_FDCAN_TT_GlobalTimeCallback  stm32h7xx_hal_fdcan.o
    0x0800381e   0x0800381e   0x00000002   Code   RO         4964    i.HAL_FDCAN_TT_ScheduleSyncCallback  stm32h7xx_hal_fdcan.o
    0x08003820   0x08003820   0x00000002   Code   RO         4969    i.HAL_FDCAN_TT_StopWatchCallback  stm32h7xx_hal_fdcan.o
    0x08003822   0x08003822   0x00000002   Code   RO         4970    i.HAL_FDCAN_TT_TimeMarkCallback  stm32h7xx_hal_fdcan.o
    0x08003824   0x08003824   0x00000002   Code   RO         4971    i.HAL_FDCAN_TimeoutOccurredCallback  stm32h7xx_hal_fdcan.o
    0x08003826   0x08003826   0x00000002   Code   RO         4972    i.HAL_FDCAN_TimestampWraparoundCallback  stm32h7xx_hal_fdcan.o
    0x08003828   0x08003828   0x00000002   Code   RO         4973    i.HAL_FDCAN_TxBufferAbortCallback  stm32h7xx_hal_fdcan.o
    0x0800382a   0x0800382a   0x00000002   Code   RO         4974    i.HAL_FDCAN_TxBufferCompleteCallback  stm32h7xx_hal_fdcan.o
    0x0800382c   0x0800382c   0x00000002   Code   RO         4975    i.HAL_FDCAN_TxEventFifoCallback  stm32h7xx_hal_fdcan.o
    0x0800382e   0x0800382e   0x00000002   Code   RO         4976    i.HAL_FDCAN_TxFifoEmptyCallback  stm32h7xx_hal_fdcan.o
    0x08003830   0x08003830   0x000001f0   Code   RO         2931    i.HAL_GPIO_Init     stm32h7xx_hal_gpio.o
    0x08003a20   0x08003a20   0x0000000c   Code   RO         3954    i.HAL_GetTick       stm32h7xx_hal.o
    0x08003a2c   0x08003a2c   0x00000018   Code   RO         3960    i.HAL_IncTick       stm32h7xx_hal.o
    0x08003a44   0x08003a44   0x00000060   Code   RO         3961    i.HAL_Init          stm32h7xx_hal.o
    0x08003aa4   0x08003aa4   0x000000a0   Code   RO          669    i.HAL_InitTick      stm32h7xx_hal_timebase_tim.o
    0x08003b44   0x08003b44   0x00000030   Code   RO          645    i.HAL_MspInit       stm32h7xx_hal_msp.o
    0x08003b74   0x08003b74   0x00000028   Code   RO         3781    i.HAL_NVIC_EnableIRQ  stm32h7xx_hal_cortex.o
    0x08003b9c   0x08003b9c   0x0000007a   Code   RO         3787    i.HAL_NVIC_SetPriority  stm32h7xx_hal_cortex.o
    0x08003c16   0x08003c16   0x00000002   PAD
    0x08003c18   0x08003c18   0x00000028   Code   RO         3788    i.HAL_NVIC_SetPriorityGrouping  stm32h7xx_hal_cortex.o
    0x08003c40   0x08003c40   0x00000028   Code   RO         1976    i.HAL_PCDEx_ActivateLPM  stm32h7xx_hal_pcd_ex.o
    0x08003c68   0x08003c68   0x00000002   Code   RO         1981    i.HAL_PCDEx_LPM_Callback  stm32h7xx_hal_pcd_ex.o
    0x08003c6a   0x08003c6a   0x0000000a   Code   RO         1982    i.HAL_PCDEx_SetRxFiFo  stm32h7xx_hal_pcd_ex.o
    0x08003c74   0x08003c74   0x0000004e   Code   RO         1983    i.HAL_PCDEx_SetTxFiFo  stm32h7xx_hal_pcd_ex.o
    0x08003cc2   0x08003cc2   0x0000000e   Code   RO         9047    i.HAL_PCD_ConnectCallback  usbd_conf.o
    0x08003cd0   0x08003cd0   0x00000020   Code   RO         9048    i.HAL_PCD_DataInStageCallback  usbd_conf.o
    0x08003cf0   0x08003cf0   0x00000020   Code   RO         9049    i.HAL_PCD_DataOutStageCallback  usbd_conf.o
    0x08003d10   0x08003d10   0x0000000e   Code   RO         9050    i.HAL_PCD_DisconnectCallback  usbd_conf.o
    0x08003d1e   0x08003d1e   0x00000042   Code   RO         1747    i.HAL_PCD_EP_Abort  stm32h7xx_hal_pcd.o
    0x08003d60   0x08003d60   0x0000006a   Code   RO         1748    i.HAL_PCD_EP_Close  stm32h7xx_hal_pcd.o
    0x08003dca   0x08003dca   0x0000007c   Code   RO         1749    i.HAL_PCD_EP_ClrStall  stm32h7xx_hal_pcd.o
    0x08003e46   0x08003e46   0x00000016   Code   RO         1751    i.HAL_PCD_EP_GetRxCount  stm32h7xx_hal_pcd.o
    0x08003e5c   0x08003e5c   0x0000008e   Code   RO         1752    i.HAL_PCD_EP_Open   stm32h7xx_hal_pcd.o
    0x08003eea   0x08003eea   0x00000046   Code   RO         1753    i.HAL_PCD_EP_Receive  stm32h7xx_hal_pcd.o
    0x08003f30   0x08003f30   0x0000008a   Code   RO         1754    i.HAL_PCD_EP_SetStall  stm32h7xx_hal_pcd.o
    0x08003fba   0x08003fba   0x00000048   Code   RO         1755    i.HAL_PCD_EP_Transmit  stm32h7xx_hal_pcd.o
    0x08004002   0x08004002   0x0000070e   Code   RO         1757    i.HAL_PCD_IRQHandler  stm32h7xx_hal_pcd.o
    0x08004710   0x08004710   0x00000012   Code   RO         9051    i.HAL_PCD_ISOINIncompleteCallback  usbd_conf.o
    0x08004722   0x08004722   0x00000012   Code   RO         9052    i.HAL_PCD_ISOOUTIncompleteCallback  usbd_conf.o
    0x08004734   0x08004734   0x0000015e   Code   RO         1760    i.HAL_PCD_Init      stm32h7xx_hal_pcd.o
    0x08004892   0x08004892   0x00000002   PAD
    0x08004894   0x08004894   0x00000070   Code   RO         9054    i.HAL_PCD_MspInit   usbd_conf.o
    0x08004904   0x08004904   0x00000030   Code   RO         9055    i.HAL_PCD_ResetCallback  usbd_conf.o
    0x08004934   0x08004934   0x0000000e   Code   RO         9056    i.HAL_PCD_ResumeCallback  usbd_conf.o
    0x08004942   0x08004942   0x0000000e   Code   RO         9057    i.HAL_PCD_SOFCallback  usbd_conf.o
    0x08004950   0x08004950   0x00000034   Code   RO         1766    i.HAL_PCD_SetAddress  stm32h7xx_hal_pcd.o
    0x08004984   0x08004984   0x00000012   Code   RO         9058    i.HAL_PCD_SetupStageCallback  usbd_conf.o
    0x08004996   0x08004996   0x0000004c   Code   RO         1769    i.HAL_PCD_Start     stm32h7xx_hal_pcd.o
    0x080049e2   0x080049e2   0x00000002   PAD
    0x080049e4   0x080049e4   0x00000034   Code   RO         9059    i.HAL_PCD_SuspendCallback  usbd_conf.o
    0x08004a18   0x08004a18   0x00000060   Code   RO         3532    i.HAL_PWREx_ConfigSupply  stm32h7xx_hal_pwr_ex.o
    0x08004a78   0x08004a78   0x00000014   Code   RO         3549    i.HAL_PWREx_EnableUSBVoltageDetector  stm32h7xx_hal_pwr_ex.o
    0x08004a8c   0x08004a8c   0x00000024   Code   RO         2474    i.HAL_RCCEx_GetD3PCLK1Freq  stm32h7xx_hal_rcc_ex.o
    0x08004ab0   0x08004ab0   0x00000230   Code   RO         2476    i.HAL_RCCEx_GetPLL2ClockFreq  stm32h7xx_hal_rcc_ex.o
    0x08004ce0   0x08004ce0   0x00000230   Code   RO         2477    i.HAL_RCCEx_GetPLL3ClockFreq  stm32h7xx_hal_rcc_ex.o
    0x08004f10   0x08004f10   0x00000cc8   Code   RO         2483    i.HAL_RCCEx_PeriphCLKConfig  stm32h7xx_hal_rcc_ex.o
    0x08005bd8   0x08005bd8   0x00000320   Code   RO         2359    i.HAL_RCC_ClockConfig  stm32h7xx_hal_rcc.o
    0x08005ef8   0x08005ef8   0x0000006c   Code   RO         2363    i.HAL_RCC_GetClockConfig  stm32h7xx_hal_rcc.o
    0x08005f64   0x08005f64   0x0000004c   Code   RO         2364    i.HAL_RCC_GetHCLKFreq  stm32h7xx_hal_rcc.o
    0x08005fb0   0x08005fb0   0x00000024   Code   RO         2366    i.HAL_RCC_GetPCLK1Freq  stm32h7xx_hal_rcc.o
    0x08005fd4   0x08005fd4   0x00000024   Code   RO         2367    i.HAL_RCC_GetPCLK2Freq  stm32h7xx_hal_rcc.o
    0x08005ff8   0x08005ff8   0x0000022c   Code   RO         2368    i.HAL_RCC_GetSysClockFreq  stm32h7xx_hal_rcc.o
    0x08006224   0x08006224   0x0000075c   Code   RO         2371    i.HAL_RCC_OscConfig  stm32h7xx_hal_rcc.o
    0x08006980   0x08006980   0x00000002   Code   RO         1435    i.HAL_TIMEx_Break2Callback  stm32h7xx_hal_tim_ex.o
    0x08006982   0x08006982   0x00000002   Code   RO         1436    i.HAL_TIMEx_BreakCallback  stm32h7xx_hal_tim_ex.o
    0x08006984   0x08006984   0x00000002   Code   RO         1437    i.HAL_TIMEx_CommutCallback  stm32h7xx_hal_tim_ex.o
    0x08006986   0x08006986   0x00000002   PAD
    0x08006988   0x08006988   0x000000e4   Code   RO         1458    i.HAL_TIMEx_MasterConfigSynchronization  stm32h7xx_hal_tim_ex.o
    0x08006a6c   0x08006a6c   0x0000006e   Code   RO          710    i.HAL_TIM_Base_Init  stm32h7xx_hal_tim.o
    0x08006ada   0x08006ada   0x00000002   PAD
    0x08006adc   0x08006adc   0x00000030   Code   RO          420    i.HAL_TIM_Base_MspInit  tim.o
    0x08006b0c   0x08006b0c   0x000000cc   Code   RO          715    i.HAL_TIM_Base_Start_IT  stm32h7xx_hal_tim.o
    0x08006bd8   0x08006bd8   0x00000134   Code   RO          719    i.HAL_TIM_ConfigClockSource  stm32h7xx_hal_tim.o
    0x08006d0c   0x08006d0c   0x00000002   Code   RO          744    i.HAL_TIM_IC_CaptureCallback  stm32h7xx_hal_tim.o
    0x08006d0e   0x08006d0e   0x00000198   Code   RO          758    i.HAL_TIM_IRQHandler  stm32h7xx_hal_tim.o
    0x08006ea6   0x08006ea6   0x00000002   PAD
    0x08006ea8   0x08006ea8   0x00000060   Code   RO          421    i.HAL_TIM_MspPostInit  tim.o
    0x08006f08   0x08006f08   0x00000002   Code   RO          761    i.HAL_TIM_OC_DelayElapsedCallback  stm32h7xx_hal_tim.o
    0x08006f0a   0x08006f0a   0x00000170   Code   RO          782    i.HAL_TIM_PWM_ConfigChannel  stm32h7xx_hal_tim.o
    0x0800707a   0x0800707a   0x0000006e   Code   RO          785    i.HAL_TIM_PWM_Init  stm32h7xx_hal_tim.o
    0x080070e8   0x080070e8   0x00000002   Code   RO          787    i.HAL_TIM_PWM_MspInit  stm32h7xx_hal_tim.o
    0x080070ea   0x080070ea   0x00000002   Code   RO          788    i.HAL_TIM_PWM_PulseFinishedCallback  stm32h7xx_hal_tim.o
    0x080070ec   0x080070ec   0x0000017c   Code   RO          790    i.HAL_TIM_PWM_Start  stm32h7xx_hal_tim.o
    0x08007268   0x08007268   0x000000e4   Code   RO          793    i.HAL_TIM_PWM_Stop  stm32h7xx_hal_tim.o
    0x0800734c   0x0800734c   0x00000018   Code   RO           15    i.HAL_TIM_PeriodElapsedCallback  main.o
    0x08007364   0x08007364   0x00000002   Code   RO          801    i.HAL_TIM_TriggerCallback  stm32h7xx_hal_tim.o
    0x08007366   0x08007366   0x0000004e   Code   RO         5920    i.HAL_UARTEx_DisableFifoMode  stm32h7xx_hal_uart_ex.o
    0x080073b4   0x080073b4   0x00000002   Code   RO         5504    i.HAL_UARTEx_RxEventCallback  stm32h7xx_hal_uart.o
    0x080073b6   0x080073b6   0x00000002   Code   RO         5928    i.HAL_UARTEx_RxFifoFullCallback  stm32h7xx_hal_uart_ex.o
    0x080073b8   0x080073b8   0x0000005e   Code   RO         5929    i.HAL_UARTEx_SetRxFifoThreshold  stm32h7xx_hal_uart_ex.o
    0x08007416   0x08007416   0x0000005e   Code   RO         5930    i.HAL_UARTEx_SetTxFifoThreshold  stm32h7xx_hal_uart_ex.o
    0x08007474   0x08007474   0x00000002   Code   RO         5932    i.HAL_UARTEx_TxFifoEmptyCallback  stm32h7xx_hal_uart_ex.o
    0x08007476   0x08007476   0x00000002   Code   RO         5933    i.HAL_UARTEx_WakeupCallback  stm32h7xx_hal_uart_ex.o
    0x08007478   0x08007478   0x00000002   Code   RO         5520    i.HAL_UART_ErrorCallback  stm32h7xx_hal_uart.o
    0x0800747a   0x0800747a   0x00000002   PAD
    0x0800747c   0x0800747c   0x000004b6   Code   RO         5523    i.HAL_UART_IRQHandler  stm32h7xx_hal_uart.o
    0x08007932   0x08007932   0x00000078   Code   RO         5524    i.HAL_UART_Init     stm32h7xx_hal_uart.o
    0x080079aa   0x080079aa   0x00000002   PAD
    0x080079ac   0x080079ac   0x00000204   Code   RO          468    i.HAL_UART_MspInit  usart.o
    0x08007bb0   0x08007bb0   0x00000002   Code   RO         5536    i.HAL_UART_TxCpltCallback  stm32h7xx_hal_uart.o
    0x08007bb2   0x08007bb2   0x00000004   Code   RO          526    i.HardFault_Handler  stm32h7xx_it.o
    0x08007bb6   0x08007bb6   0x0000003e   Code   RO         8891    i.IntToUnicode      usbd_desc.o
    0x08007bf4   0x08007bf4   0x00000054   Code   RO          340    i.MX_DMA_Init       dma.o
    0x08007c48   0x08007c48   0x00000080   Code   RO          366    i.MX_FDCAN1_Init    fdcan.o
    0x08007cc8   0x08007cc8   0x00000084   Code   RO          367    i.MX_FDCAN2_Init    fdcan.o
    0x08007d4c   0x08007d4c   0x00000080   Code   RO          368    i.MX_FDCAN3_Init    fdcan.o
    0x08007dcc   0x08007dcc   0x0000006c   Code   RO          296    i.MX_FREERTOS_Init  freertos.o
    0x08007e38   0x08007e38   0x00000074   Code   RO          272    i.MX_GPIO_Init      gpio.o
    0x08007eac   0x08007eac   0x000000ac   Code   RO          422    i.MX_TIM12_Init     tim.o
    0x08007f58   0x08007f58   0x00000070   Code   RO          469    i.MX_UART5_Init     usart.o
    0x08007fc8   0x08007fc8   0x0000006c   Code   RO          470    i.MX_USART1_UART_Init  usart.o
    0x08008034   0x08008034   0x00000050   Code   RO         8855    i.MX_USB_DEVICE_Init  usb_device.o
    0x08008084   0x08008084   0x00000004   Code   RO          527    i.MemManage_Handler  stm32h7xx_it.o
    0x08008088   0x08008088   0x00000004   Code   RO          528    i.NMI_Handler       stm32h7xx_it.o
    0x0800808c   0x0800808c   0x00000010   Code   RO          529    i.OTG_HS_IRQHandler  stm32h7xx_it.o
    0x0800809c   0x0800809c   0x00000064   Code   RO         1772    i.PCD_EP_OutSetupPacket_int  stm32h7xx_hal_pcd.o
    0x08008100   0x08008100   0x00000144   Code   RO         1773    i.PCD_EP_OutXfrComplete_int  stm32h7xx_hal_pcd.o
    0x08008244   0x08008244   0x000000b6   Code   RO         1774    i.PCD_WriteEmptyTxFifo  stm32h7xx_hal_pcd.o
    0x080082fa   0x080082fa   0x00000002   PAD
    0x080082fc   0x080082fc   0x00000068   Code   RO         8674    i.PID_Init          pid.o
    0x08008364   0x08008364   0x00000164   Code   RO         2486    i.RCCEx_PLL2_Config  stm32h7xx_hal_rcc_ex.o
    0x080084c8   0x080084c8   0x00000164   Code   RO         2487    i.RCCEx_PLL3_Config  stm32h7xx_hal_rcc_ex.o
    0x0800862c   0x0800862c   0x00000012   Code   RO         9424    i.SWAPBYTE          usbd_ctlreq.o
    0x0800863e   0x0800863e   0x0000000e   Code   RO          297    i.StartDefaultTask  freertos.o
    0x0800864c   0x0800864c   0x00000016   Code   RO         7230    i.SysTick_Handler   cmsis_os2.o
    0x08008662   0x08008662   0x00000002   PAD
    0x08008664   0x08008664   0x000000b8   Code   RO           16    i.SystemClock_Config  main.o
    0x0800871c   0x0800871c   0x0000010c   Code   RO         6045    i.SystemInit        system_stm32h7xx.o
    0x08008828   0x08008828   0x00000010   Code   RO          530    i.TIM6_DAC_IRQHandler  stm32h7xx_it.o
    0x08008838   0x08008838   0x000000e8   Code   RO          803    i.TIM_Base_SetConfig  stm32h7xx_hal_tim.o
    0x08008920   0x08008920   0x00000022   Code   RO          804    i.TIM_CCxChannelCmd  stm32h7xx_hal_tim.o
    0x08008942   0x08008942   0x00000016   Code   RO          814    i.TIM_ETR_SetConfig  stm32h7xx_hal_tim.o
    0x08008958   0x08008958   0x00000018   Code   RO          815    i.TIM_ITRx_SetConfig  stm32h7xx_hal_tim.o
    0x08008970   0x08008970   0x000000ac   Code   RO          816    i.TIM_OC1_SetConfig  stm32h7xx_hal_tim.o
    0x08008a1c   0x08008a1c   0x000000b4   Code   RO          817    i.TIM_OC2_SetConfig  stm32h7xx_hal_tim.o
    0x08008ad0   0x08008ad0   0x000000b4   Code   RO          818    i.TIM_OC3_SetConfig  stm32h7xx_hal_tim.o
    0x08008b84   0x08008b84   0x00000074   Code   RO          819    i.TIM_OC4_SetConfig  stm32h7xx_hal_tim.o
    0x08008bf8   0x08008bf8   0x00000070   Code   RO          820    i.TIM_OC5_SetConfig  stm32h7xx_hal_tim.o
    0x08008c68   0x08008c68   0x00000070   Code   RO          821    i.TIM_OC6_SetConfig  stm32h7xx_hal_tim.o
    0x08008cd8   0x08008cd8   0x00000026   Code   RO          823    i.TIM_TI1_ConfigInputStage  stm32h7xx_hal_tim.o
    0x08008cfe   0x08008cfe   0x00000028   Code   RO          825    i.TIM_TI2_ConfigInputStage  stm32h7xx_hal_tim.o
    0x08008d26   0x08008d26   0x00000002   PAD
    0x08008d28   0x08008d28   0x00000058   Code   RO         5934    i.UARTEx_SetNbDataToProcess  stm32h7xx_hal_uart_ex.o
    0x08008d80   0x08008d80   0x000000f8   Code   RO         5538    i.UART_AdvFeatureConfig  stm32h7xx_hal_uart.o
    0x08008e78   0x08008e78   0x000000ea   Code   RO         5539    i.UART_CheckIdleState  stm32h7xx_hal_uart.o
    0x08008f62   0x08008f62   0x00000014   Code   RO         5540    i.UART_DMAAbortOnError  stm32h7xx_hal_uart.o
    0x08008f76   0x08008f76   0x00000002   PAD
    0x08008f78   0x08008f78   0x0000006c   Code   RO         5550    i.UART_EndRxTransfer  stm32h7xx_hal_uart.o
    0x08008fe4   0x08008fe4   0x00000030   Code   RO         5551    i.UART_EndTransmit_IT  stm32h7xx_hal_uart.o
    0x08009014   0x08009014   0x00000628   Code   RO         5557    i.UART_SetConfig    stm32h7xx_hal_uart.o
    0x0800963c   0x0800963c   0x000000ac   Code   RO         5564    i.UART_WaitOnFlagUntilTimeout  stm32h7xx_hal_uart.o
    0x080096e8   0x080096e8   0x00000010   Code   RO          531    i.USART1_IRQHandler  stm32h7xx_it.o
    0x080096f8   0x080096f8   0x000000c4   Code   RO         9595    i.USBD_CDC_DataIn   usbd_cdc.o
    0x080097bc   0x080097bc   0x00000048   Code   RO         9596    i.USBD_CDC_DataOut  usbd_cdc.o
    0x08009804   0x08009804   0x000000d4   Code   RO         9597    i.USBD_CDC_DeInit   usbd_cdc.o
    0x080098d8   0x080098d8   0x00000050   Code   RO         9598    i.USBD_CDC_EP0_RxReady  usbd_cdc.o
    0x08009928   0x08009928   0x00000010   Code   RO         9599    i.USBD_CDC_GetDeviceQualifierDescriptor  usbd_cdc.o
    0x08009938   0x08009938   0x00000044   Code   RO         9600    i.USBD_CDC_GetFSCfgDesc  usbd_cdc.o
    0x0800997c   0x0800997c   0x00000048   Code   RO         9601    i.USBD_CDC_GetHSCfgDesc  usbd_cdc.o
    0x080099c4   0x080099c4   0x00000044   Code   RO         9602    i.USBD_CDC_GetOtherSpeedCfgDesc  usbd_cdc.o
    0x08009a08   0x08009a08   0x000001a0   Code   RO         9603    i.USBD_CDC_Init     usbd_cdc.o
    0x08009ba8   0x08009ba8   0x00000050   Code   RO         9604    i.USBD_CDC_ReceivePacket  usbd_cdc.o
    0x08009bf8   0x08009bf8   0x00000018   Code   RO         9605    i.USBD_CDC_RegisterInterface  usbd_cdc.o
    0x08009c10   0x08009c10   0x0000001e   Code   RO         9606    i.USBD_CDC_SetRxBuffer  usbd_cdc.o
    0x08009c2e   0x08009c2e   0x00000024   Code   RO         9607    i.USBD_CDC_SetTxBuffer  usbd_cdc.o
    0x08009c52   0x08009c52   0x00000140   Code   RO         9608    i.USBD_CDC_Setup    usbd_cdc.o
    0x08009d92   0x08009d92   0x00000002   PAD
    0x08009d94   0x08009d94   0x0000005c   Code   RO         9609    i.USBD_CDC_TransmitPacket  usbd_cdc.o
    0x08009df0   0x08009df0   0x0000001c   Code   RO         9258    i.USBD_ClrClassConfig  usbd_core.o
    0x08009e0c   0x08009e0c   0x0000003e   Code   RO         9425    i.USBD_ClrFeature   usbd_ctlreq.o
    0x08009e4a   0x08009e4a   0x00000006   Code   RO         9259    i.USBD_CoreFindEP   usbd_core.o
    0x08009e50   0x08009e50   0x00000006   Code   RO         9260    i.USBD_CoreFindIF   usbd_core.o
    0x08009e56   0x08009e56   0x00000018   Code   RO         9531    i.USBD_CtlContinueRx  usbd_ioreq.o
    0x08009e6e   0x08009e6e   0x00000018   Code   RO         9532    i.USBD_CtlContinueSendData  usbd_ioreq.o
    0x08009e86   0x08009e86   0x00000018   Code   RO         9426    i.USBD_CtlError     usbd_ctlreq.o
    0x08009e9e   0x08009e9e   0x00000028   Code   RO         9533    i.USBD_CtlPrepareRx  usbd_ioreq.o
    0x08009ec6   0x08009ec6   0x0000001a   Code   RO         9534    i.USBD_CtlReceiveStatus  usbd_ioreq.o
    0x08009ee0   0x08009ee0   0x00000022   Code   RO         9535    i.USBD_CtlSendData  usbd_ioreq.o
    0x08009f02   0x08009f02   0x0000001a   Code   RO         9536    i.USBD_CtlSendStatus  usbd_ioreq.o
    0x08009f1c   0x08009f1c   0x00000056   Code   RO         9427    i.USBD_GetConfig    usbd_ctlreq.o
    0x08009f72   0x08009f72   0x00000232   Code   RO         9428    i.USBD_GetDescriptor  usbd_ctlreq.o
    0x0800a1a4   0x0800a1a4   0x00000050   Code   RO         9262    i.USBD_GetEpDesc    usbd_core.o
    0x0800a1f4   0x0800a1f4   0x00000016   Code   RO         9429    i.USBD_GetLen       usbd_ctlreq.o
    0x0800a20a   0x0800a20a   0x00000014   Code   RO         9263    i.USBD_GetNextDesc  usbd_core.o
    0x0800a21e   0x0800a21e   0x0000005a   Code   RO         9430    i.USBD_GetStatus    usbd_ctlreq.o
    0x0800a278   0x0800a278   0x00000068   Code   RO         9431    i.USBD_GetString    usbd_ctlreq.o
    0x0800a2e0   0x0800a2e0   0x0000002c   Code   RO         9060    i.USBD_Get_USB_Status  usbd_conf.o
    0x0800a30c   0x0800a30c   0x00000034   Code   RO         8892    i.USBD_HS_ConfigStrDescriptor  usbd_desc.o
    0x0800a340   0x0800a340   0x00000010   Code   RO         8893    i.USBD_HS_DeviceDescriptor  usbd_desc.o
    0x0800a350   0x0800a350   0x00000038   Code   RO         8894    i.USBD_HS_InterfaceStrDescriptor  usbd_desc.o
    0x0800a388   0x0800a388   0x00000010   Code   RO         8895    i.USBD_HS_LangIDStrDescriptor  usbd_desc.o
    0x0800a398   0x0800a398   0x0000002c   Code   RO         8896    i.USBD_HS_ManufacturerStrDescriptor  usbd_desc.o
    0x0800a3c4   0x0800a3c4   0x00000040   Code   RO         8897    i.USBD_HS_ProductStrDescriptor  usbd_desc.o
    0x0800a404   0x0800a404   0x00000018   Code   RO         8898    i.USBD_HS_SerialStrDescriptor  usbd_desc.o
    0x0800a41c   0x0800a41c   0x0000003a   Code   RO         9264    i.USBD_Init         usbd_core.o
    0x0800a456   0x0800a456   0x00000026   Code   RO         9061    i.USBD_LL_ClearStallEP  usbd_conf.o
    0x0800a47c   0x0800a47c   0x00000026   Code   RO         9062    i.USBD_LL_CloseEP   usbd_conf.o
    0x0800a4a2   0x0800a4a2   0x00000108   Code   RO         9265    i.USBD_LL_DataInStage  usbd_core.o
    0x0800a5aa   0x0800a5aa   0x00000102   Code   RO         9266    i.USBD_LL_DataOutStage  usbd_core.o
    0x0800a6ac   0x0800a6ac   0x00000006   Code   RO         9267    i.USBD_LL_DevConnected  usbd_core.o
    0x0800a6b2   0x0800a6b2   0x00000026   Code   RO         9268    i.USBD_LL_DevDisconnected  usbd_core.o
    0x0800a6d8   0x0800a6d8   0x00000012   Code   RO         9066    i.USBD_LL_GetRxDataSize  usbd_conf.o
    0x0800a6ea   0x0800a6ea   0x00000002   PAD
    0x0800a6ec   0x0800a6ec   0x00000070   Code   RO         9067    i.USBD_LL_Init      usbd_conf.o
    0x0800a75c   0x0800a75c   0x00000038   Code   RO         9068    i.USBD_LL_IsStallEP  usbd_conf.o
    0x0800a794   0x0800a794   0x00000048   Code   RO         9269    i.USBD_LL_IsoINIncomplete  usbd_core.o
    0x0800a7dc   0x0800a7dc   0x00000048   Code   RO         9270    i.USBD_LL_IsoOUTIncomplete  usbd_core.o
    0x0800a824   0x0800a824   0x00000030   Code   RO         9069    i.USBD_LL_OpenEP    usbd_conf.o
    0x0800a854   0x0800a854   0x00000030   Code   RO         9070    i.USBD_LL_PrepareReceive  usbd_conf.o
    0x0800a884   0x0800a884   0x0000006c   Code   RO         9271    i.USBD_LL_Reset     usbd_core.o
    0x0800a8f0   0x0800a8f0   0x00000016   Code   RO         9272    i.USBD_LL_Resume    usbd_core.o
    0x0800a906   0x0800a906   0x00000028   Code   RO         9273    i.USBD_LL_SOF       usbd_core.o
    0x0800a92e   0x0800a92e   0x00000008   Code   RO         9274    i.USBD_LL_SetSpeed  usbd_core.o
    0x0800a936   0x0800a936   0x00000026   Code   RO         9071    i.USBD_LL_SetUSBAddress  usbd_conf.o
    0x0800a95c   0x0800a95c   0x00000076   Code   RO         9275    i.USBD_LL_SetupStage  usbd_core.o
    0x0800a9d2   0x0800a9d2   0x00000026   Code   RO         9072    i.USBD_LL_StallEP   usbd_conf.o
    0x0800a9f8   0x0800a9f8   0x0000001e   Code   RO         9073    i.USBD_LL_Start     usbd_conf.o
    0x0800aa16   0x0800aa16   0x0000001c   Code   RO         9276    i.USBD_LL_Suspend   usbd_core.o
    0x0800aa32   0x0800aa32   0x00000030   Code   RO         9075    i.USBD_LL_Transmit  usbd_conf.o
    0x0800aa62   0x0800aa62   0x00000036   Code   RO         9432    i.USBD_ParseSetupRequest  usbd_ctlreq.o
    0x0800aa98   0x0800aa98   0x00000048   Code   RO         9277    i.USBD_RegisterClass  usbd_core.o
    0x0800aae0   0x0800aae0   0x00000006   Code   RO         9278    i.USBD_RunTestMode  usbd_core.o
    0x0800aae6   0x0800aae6   0x0000005a   Code   RO         9433    i.USBD_SetAddress   usbd_ctlreq.o
    0x0800ab40   0x0800ab40   0x00000020   Code   RO         9279    i.USBD_SetClassConfig  usbd_core.o
    0x0800ab60   0x0800ab60   0x00000104   Code   RO         9434    i.USBD_SetConfig    usbd_ctlreq.o
    0x0800ac64   0x0800ac64   0x00000038   Code   RO         9435    i.USBD_SetFeature   usbd_ctlreq.o
    0x0800ac9c   0x0800ac9c   0x0000000c   Code   RO         9280    i.USBD_Start        usbd_core.o
    0x0800aca8   0x0800aca8   0x000000ae   Code   RO         9436    i.USBD_StdDevReq    usbd_ctlreq.o
    0x0800ad56   0x0800ad56   0x00000280   Code   RO         9437    i.USBD_StdEPReq     usbd_ctlreq.o
    0x0800afd6   0x0800afd6   0x000000ae   Code   RO         9438    i.USBD_StdItfReq    usbd_ctlreq.o
    0x0800b084   0x0800b084   0x00000002   Code   RO         9076    i.USBD_static_free  usbd_conf.o
    0x0800b086   0x0800b086   0x00000002   PAD
    0x0800b088   0x0800b088   0x0000000c   Code   RO         9077    i.USBD_static_malloc  usbd_conf.o
    0x0800b094   0x0800b094   0x000000d0   Code   RO         2048    i.USB_ActivateEndpoint  stm32h7xx_ll_usb.o
    0x0800b164   0x0800b164   0x00000028   Code   RO         2050    i.USB_ActivateSetup  stm32h7xx_ll_usb.o
    0x0800b18c   0x0800b18c   0x000000a0   Code   RO         2052    i.USB_CoreInit      stm32h7xx_ll_usb.o
    0x0800b22c   0x0800b22c   0x00000054   Code   RO         2053    i.USB_CoreReset     stm32h7xx_ll_usb.o
    0x0800b280   0x0800b280   0x0000014c   Code   RO         2056    i.USB_DeactivateEndpoint  stm32h7xx_ll_usb.o
    0x0800b3cc   0x0800b3cc   0x00000024   Code   RO         2057    i.USB_DevConnect    stm32h7xx_ll_usb.o
    0x0800b3f0   0x0800b3f0   0x00000024   Code   RO         2058    i.USB_DevDisconnect  stm32h7xx_ll_usb.o
    0x0800b414   0x0800b414   0x000001e0   Code   RO         2059    i.USB_DevInit       stm32h7xx_ll_usb.o
    0x0800b5f4   0x0800b5f4   0x0000000e   Code   RO         2060    i.USB_DisableGlobalInt  stm32h7xx_ll_usb.o
    0x0800b602   0x0800b602   0x00000002   PAD
    0x0800b604   0x0800b604   0x00000070   Code   RO         2063    i.USB_EP0_OutStart  stm32h7xx_ll_usb.o
    0x0800b674   0x0800b674   0x0000008e   Code   RO         2064    i.USB_EPClearStall  stm32h7xx_ll_usb.o
    0x0800b702   0x0800b702   0x0000009a   Code   RO         2065    i.USB_EPSetStall    stm32h7xx_ll_usb.o
    0x0800b79c   0x0800b79c   0x000003c0   Code   RO         2066    i.USB_EPStartXfer   stm32h7xx_ll_usb.o
    0x0800bb5c   0x0800bb5c   0x000000ec   Code   RO         2067    i.USB_EPStopXfer    stm32h7xx_ll_usb.o
    0x0800bc48   0x0800bc48   0x0000000e   Code   RO         2068    i.USB_EnableGlobalInt  stm32h7xx_ll_usb.o
    0x0800bc56   0x0800bc56   0x00000050   Code   RO         2069    i.USB_FlushRxFifo   stm32h7xx_ll_usb.o
    0x0800bca6   0x0800bca6   0x00000054   Code   RO         2070    i.USB_FlushTxFifo   stm32h7xx_ll_usb.o
    0x0800bcfa   0x0800bcfa   0x00000026   Code   RO         2072    i.USB_GetDevSpeed   stm32h7xx_ll_usb.o
    0x0800bd20   0x0800bd20   0x0000000a   Code   RO         2074    i.USB_GetMode       stm32h7xx_ll_usb.o
    0x0800bd2a   0x0800bd2a   0x00000014   Code   RO         2082    i.USB_ReadDevAllInEpInterrupt  stm32h7xx_ll_usb.o
    0x0800bd3e   0x0800bd3e   0x00000014   Code   RO         2083    i.USB_ReadDevAllOutEpInterrupt  stm32h7xx_ll_usb.o
    0x0800bd52   0x0800bd52   0x00000032   Code   RO         2084    i.USB_ReadDevInEPInterrupt  stm32h7xx_ll_usb.o
    0x0800bd84   0x0800bd84   0x0000001a   Code   RO         2085    i.USB_ReadDevOutEPInterrupt  stm32h7xx_ll_usb.o
    0x0800bd9e   0x0800bd9e   0x0000000a   Code   RO         2086    i.USB_ReadInterrupts  stm32h7xx_ll_usb.o
    0x0800bda8   0x0800bda8   0x00000060   Code   RO         2087    i.USB_ReadPacket    stm32h7xx_ll_usb.o
    0x0800be08   0x0800be08   0x00000068   Code   RO         2089    i.USB_SetCurrentMode  stm32h7xx_ll_usb.o
    0x0800be70   0x0800be70   0x0000002a   Code   RO         2090    i.USB_SetDevAddress  stm32h7xx_ll_usb.o
    0x0800be9a   0x0800be9a   0x00000012   Code   RO         2091    i.USB_SetDevSpeed   stm32h7xx_ll_usb.o
    0x0800beac   0x0800beac   0x000000e8   Code   RO         2092    i.USB_SetTurnaroundTime  stm32h7xx_ll_usb.o
    0x0800bf94   0x0800bf94   0x00000044   Code   RO         2095    i.USB_WritePacket   stm32h7xx_ll_usb.o
    0x0800bfd8   0x0800bfd8   0x00000004   Code   RO          532    i.UsageFault_Handler  stm32h7xx_it.o
    0x0800bfdc   0x0800bfdc   0x00000050   Code   RO         8209    i._Z13float_to_uintfffi  robstride.o
    0x0800c02c   0x0800c02c   0x0000004c   Code   RO         8213    i._ZN15RobStrite_Motor12Enable_MotorEv  robstride.o
    0x0800c078   0x0800c078   0x000001a8   Code   RO         8218    i._ZN15RobStrite_Motor28RobStrite_Motor_move_controlEfffff  robstride.o
    0x0800c220   0x0800c220   0x0000005a   Code   RO         8219    i._ZN15RobStrite_Motor29Get_RobStrite_Motor_parameterEt  robstride.o
    0x0800c27a   0x0800c27a   0x000000a4   Code   RO         8221    i._ZN15RobStrite_Motor29Set_RobStrite_Motor_parameterEtfc  robstride.o
    0x0800c31e   0x0800c31e   0x00000002   PAD
    0x0800c320   0x0800c320   0x0000002c   Code   RO         8225    i._ZN15RobStrite_MotorC1EhP19FDCAN_HandleTypeDef  robstride.o
    0x0800c34c   0x0800c34c   0x0000004c   Code   RO         8226    i._ZN15data_read_writeC1EPKt  robstride.o
    0x0800c398   0x0800c398   0x00000010   Code   RO         3794    i.__NVIC_GetPriorityGrouping  stm32h7xx_hal_cortex.o
    0x0800c3a8   0x0800c3a8   0x00000028   Code   RO         3795    i.__NVIC_SetPriority  stm32h7xx_hal_cortex.o
    0x0800c3d0   0x0800c3d0   0x00000006   Code   RO         7232    i.__get_IPSR        cmsis_os2.o
    0x0800c3d6   0x0800c3d6   0x00000002   PAD
    0x0800c3d8   0x0800c3d8   0x00000018   Code   RO         8227    i.__sti___13_RobStride_cpp_5bb4a262  robstride.o
    0x0800c3f0   0x0800c3f0   0x00000010   Code   RO         7970    i.bsp_can_init      bsp_fdcan.o
    0x0800c400   0x0800c400   0x00000028   Code   RO         8507    i.chassis_task      chassis_task.o
    0x0800c428   0x0800c428   0x000000a2   Code   RO         8087    i.dm_motor_ctrl_send  dm_motor_drv.o
    0x0800c4ca   0x0800c4ca   0x00000056   Code   RO         8089    i.dm_motor_enable   dm_motor_drv.o
    0x0800c520   0x0800c520   0x0000009c   Code   RO         8090    i.dm_motor_fbdata   dm_motor_drv.o
    0x0800c5bc   0x0800c5bc   0x0000000a   Code   RO         8091    i.dm_motor_init     dm_motor_drv.o
    0x0800c5c6   0x0800c5c6   0x00000042   Code   RO         8092    i.enable_motor_mode  dm_motor_drv.o
    0x0800c608   0x0800c608   0x00000024   Code   RO         7971    i.fdcan1_rx_callback  bsp_fdcan.o
    0x0800c62c   0x0800c62c   0x00000060   Code   RO         7972    i.fdcan2_rx_callback  bsp_fdcan.o
    0x0800c68c   0x0800c68c   0x00000060   Code   RO         7973    i.fdcan3_rx_callback  bsp_fdcan.o
    0x0800c6ec   0x0800c6ec   0x00000076   Code   RO         7974    i.fdcanx_receive    bsp_fdcan.o
    0x0800c762   0x0800c762   0x00000086   Code   RO         7975    i.fdcanx_send_data  bsp_fdcan.o
    0x0800c7e8   0x0800c7e8   0x00000032   Code   RO         8093    i.float_to_uint     dm_motor_drv.o
    0x0800c81a   0x0800c81a   0x00000002   PAD
    0x0800c81c   0x0800c81c   0x00000040   Code   RO         8630    i.gimbal_task       gimbal_task.o
    0x0800c85c   0x0800c85c   0x0000003c   Code   RO           17    i.main              main.o
    0x0800c898   0x0800c898   0x000000f8   Code   RO         8094    i.mit_ctrl          dm_motor_drv.o
    0x0800c990   0x0800c990   0x0000001e   Code   RO         7233    i.osDelay           cmsis_os2.o
    0x0800c9ae   0x0800c9ae   0x00000034   Code   RO         7234    i.osDelayUntil      cmsis_os2.o
    0x0800c9e2   0x0800c9e2   0x0000001a   Code   RO         7245    i.osKernelGetTickCount  cmsis_os2.o
    0x0800c9fc   0x0800c9fc   0x0000002c   Code   RO         7247    i.osKernelInitialize  cmsis_os2.o
    0x0800ca28   0x0800ca28   0x00000060   Code   RO         7250    i.osKernelStart     cmsis_os2.o
    0x0800ca88   0x0800ca88   0x000000b8   Code   RO         7292    i.osThreadNew       cmsis_os2.o
    0x0800cb40   0x0800cb40   0x0000005c   Code   RO         8095    i.pos_ctrl          dm_motor_drv.o
    0x0800cb9c   0x0800cb9c   0x0000007c   Code   RO         6667    i.prvAddCurrentTaskToDelayedList  tasks.o
    0x0800cc18   0x0800cc18   0x000000b8   Code   RO         6668    i.prvAddNewTaskToReadyList  tasks.o
    0x0800ccd0   0x0800ccd0   0x00000074   Code   RO         7043    i.prvCheckForValidListAndQueue  timers.o
    0x0800cd44   0x0800cd44   0x00000048   Code   RO         6669    i.prvCheckTasksWaitingTermination  tasks.o
    0x0800cd8c   0x0800cd8c   0x0000002a   Code   RO         6254    i.prvCopyDataFromQueue  queue.o
    0x0800cdb6   0x0800cdb6   0x0000007e   Code   RO         6255    i.prvCopyDataToQueue  queue.o
    0x0800ce34   0x0800ce34   0x00000050   Code   RO         6670    i.prvDeleteTCB      tasks.o
    0x0800ce84   0x0800ce84   0x00000028   Code   RO         7044    i.prvGetNextExpireTime  timers.o
    0x0800ceac   0x0800ceac   0x0000007c   Code   RO         7760    i.prvHeapInit       heap_4.o
    0x0800cf28   0x0800cf28   0x00000028   Code   RO         6671    i.prvIdleTask       tasks.o
    0x0800cf50   0x0800cf50   0x0000002a   Code   RO         6258    i.prvInitialiseNewQueue  queue.o
    0x0800cf7a   0x0800cf7a   0x000000be   Code   RO         6672    i.prvInitialiseNewTask  tasks.o
    0x0800d038   0x0800d038   0x00000068   Code   RO         6673    i.prvInitialiseTaskLists  tasks.o
    0x0800d0a0   0x0800d0a0   0x00000068   Code   RO         7761    i.prvInsertBlockIntoFreeList  heap_4.o
    0x0800d108   0x0800d108   0x00000058   Code   RO         7046    i.prvInsertTimerInActiveList  timers.o
    0x0800d160   0x0800d160   0x0000001a   Code   RO         6259    i.prvIsQueueEmpty   queue.o
    0x0800d17a   0x0800d17a   0x0000001e   Code   RO         6260    i.prvIsQueueFull    queue.o
    0x0800d198   0x0800d198   0x00000074   Code   RO         7047    i.prvProcessExpiredTimer  timers.o
    0x0800d20c   0x0800d20c   0x00000164   Code   RO         7048    i.prvProcessReceivedCommands  timers.o
    0x0800d370   0x0800d370   0x00000074   Code   RO         7049    i.prvProcessTimerOrBlockTask  timers.o
    0x0800d3e4   0x0800d3e4   0x00000034   Code   RO         6675    i.prvResetNextTaskUnblockTime  tasks.o
    0x0800d418   0x0800d418   0x0000002c   Code   RO         7050    i.prvSampleTimeNow  timers.o
    0x0800d444   0x0800d444   0x000000a4   Code   RO         7051    i.prvSwitchTimerLists  timers.o
    0x0800d4e8   0x0800d4e8   0x00000040   Code   RO         7816    i.prvTaskExitError  port.o
    0x0800d528   0x0800d528   0x0000001a   Code   RO         7052    i.prvTimerTask      timers.o
    0x0800d542   0x0800d542   0x0000007e   Code   RO         6261    i.prvUnlockQueue    queue.o
    0x0800d5c0   0x0800d5c0   0x000000a0   Code   RO         8096    i.psi_ctrl          dm_motor_drv.o
    0x0800d660   0x0800d660   0x0000014c   Code   RO         7762    i.pvPortMalloc      heap_4.o
    0x0800d7ac   0x0800d7ac   0x0000002c   Code   RO         7817    i.pxPortInitialiseStack  port.o
    0x0800d7d8   0x0800d7d8   0x000000a8   Code   RO         8592    i.shoot_task        shoot_task.o
    0x0800d880   0x0800d880   0x0000003c   Code   RO         8098    i.spd_ctrl          dm_motor_drv.o
    0x0800d8bc   0x0800d8bc   0x00000034   Code   RO         8099    i.uint_to_float     dm_motor_drv.o
    0x0800d8f0   0x0800d8f0   0x00000028   Code   RO         6214    i.uxListRemove      list.o
    0x0800d918   0x0800d918   0x00000018   Code   RO         7304    i.vApplicationGetIdleTaskMemory  cmsis_os2.o
    0x0800d930   0x0800d930   0x00000018   Code   RO         7305    i.vApplicationGetTimerTaskMemory  cmsis_os2.o
    0x0800d948   0x0800d948   0x0000001a   Code   RO         6215    i.vListInitialise   list.o
    0x0800d962   0x0800d962   0x00000006   Code   RO         6216    i.vListInitialiseItem  list.o
    0x0800d968   0x0800d968   0x00000034   Code   RO         6217    i.vListInsert       list.o
    0x0800d99c   0x0800d99c   0x00000018   Code   RO         6218    i.vListInsertEnd    list.o
    0x0800d9b4   0x0800d9b4   0x00000054   Code   RO         7819    i.vPortEnterCritical  port.o
    0x0800da08   0x0800da08   0x0000003c   Code   RO         7820    i.vPortExitCritical  port.o
    0x0800da44   0x0800da44   0x000000a4   Code   RO         7763    i.vPortFree         heap_4.o
    0x0800dae8   0x0800dae8   0x00000028   Code   RO         7821    i.vPortSetupTimerInterrupt  port.o
    0x0800db10   0x0800db10   0x00000078   Code   RO         7822    i.vPortValidateInterruptPriority  port.o
    0x0800db88   0x0800db88   0x0000002c   Code   RO         6267    i.vQueueAddToRegistry  queue.o
    0x0800dbb4   0x0800dbb4   0x0000004a   Code   RO         6271    i.vQueueWaitForMessageRestricted  queue.o
    0x0800dbfe   0x0800dbfe   0x00000002   PAD
    0x0800dc00   0x0800dc00   0x0000005c   Code   RO         6688    i.vTaskDelay        tasks.o
    0x0800dc5c   0x0800dc5c   0x000000d4   Code   RO         6689    i.vTaskDelayUntil   tasks.o
    0x0800dd30   0x0800dd30   0x00000018   Code   RO         6693    i.vTaskInternalSetTimeOutState  tasks.o
    0x0800dd48   0x0800dd48   0x0000000c   Code   RO         6694    i.vTaskMissedYield  tasks.o
    0x0800dd54   0x0800dd54   0x00000038   Code   RO         6696    i.vTaskPlaceOnEventList  tasks.o
    0x0800dd8c   0x0800dd8c   0x00000040   Code   RO         6697    i.vTaskPlaceOnEventListRestricted  tasks.o
    0x0800ddcc   0x0800ddcc   0x000000b8   Code   RO         6705    i.vTaskStartScheduler  tasks.o
    0x0800de84   0x0800de84   0x00000010   Code   RO         6707    i.vTaskSuspendAll   tasks.o
    0x0800de94   0x0800de94   0x00000090   Code   RO         6708    i.vTaskSwitchContext  tasks.o
    0x0800df24   0x0800df24   0x00000168   Code   RO         7823    i.xPortStartScheduler  port.o
    0x0800e08c   0x0800e08c   0x00000034   Code   RO         7824    i.xPortSysTickHandler  port.o
    0x0800e0c0   0x0800e0c0   0x000000e0   Code   RO         6277    i.xQueueGenericCreateStatic  queue.o
    0x0800e1a0   0x0800e1a0   0x00000098   Code   RO         6278    i.xQueueGenericReset  queue.o
    0x0800e238   0x0800e238   0x000001a8   Code   RO         6279    i.xQueueGenericSend  queue.o
    0x0800e3e0   0x0800e3e0   0x000000fc   Code   RO         6280    i.xQueueGenericSendFromISR  queue.o
    0x0800e4dc   0x0800e4dc   0x00000168   Code   RO         6289    i.xQueueReceive     queue.o
    0x0800e644   0x0800e644   0x0000008c   Code   RO         6710    i.xTaskCheckForTimeOut  tasks.o
    0x0800e6d0   0x0800e6d0   0x00000064   Code   RO         6711    i.xTaskCreate       tasks.o
    0x0800e734   0x0800e734   0x000000ba   Code   RO         6712    i.xTaskCreateStatic  tasks.o
    0x0800e7ee   0x0800e7ee   0x00000002   PAD
    0x0800e7f0   0x0800e7f0   0x00000020   Code   RO         6716    i.xTaskGetSchedulerState  tasks.o
    0x0800e810   0x0800e810   0x0000000c   Code   RO         6717    i.xTaskGetTickCount  tasks.o
    0x0800e81c   0x0800e81c   0x00000014   Code   RO         6718    i.xTaskGetTickCountFromISR  tasks.o
    0x0800e830   0x0800e830   0x00000144   Code   RO         6719    i.xTaskIncrementTick  tasks.o
    0x0800e974   0x0800e974   0x000000a4   Code   RO         6722    i.xTaskPriorityDisinherit  tasks.o
    0x0800ea18   0x0800ea18   0x00000098   Code   RO         6724    i.xTaskRemoveFromEventList  tasks.o
    0x0800eab0   0x0800eab0   0x00000104   Code   RO         6725    i.xTaskResumeAll    tasks.o
    0x0800ebb4   0x0800ebb4   0x00000078   Code   RO         7061    i.xTimerCreateTimerTask  timers.o
    0x0800ec2c   0x0800ec2c   0x00000084   Code   RO         7062    i.xTimerGenericCommand  timers.o
    0x0800ecb0   0x0800ecb0   0x0000000a   Code   RO         9907    x$fpl$fpinit        fz_wv.l(fpinit.o)
    0x0800ecba   0x0800ecba   0x00000002   PAD
    0x0800ecbc   0x0800ecbc   0x00000090   Data   RO          299    .constdata          freertos.o
    0x0800ed4c   0x0800ed4c   0x00000008   Data   RO         3095    .constdata          stm32h7xx_hal_dma.o
    0x0800ed54   0x0800ed54   0x0000005c   Data   RO         4977    .constdata          stm32h7xx_hal_fdcan.o
    0x0800edb0   0x0800edb0   0x00000018   Data   RO         5565    .constdata          stm32h7xx_hal_uart.o
    0x0800edc8   0x0800edc8   0x00000010   Data   RO         5936    .constdata          stm32h7xx_hal_uart_ex.o
    0x0800edd8   0x0800edd8   0x00000010   Data   RO         6046    .constdata          system_stm32h7xx.o
    0x0800ede8   0x0800ede8   0x0000001e   Data   RO         8250    .constdata          robstride.o
    0x0800ee06   0x0800ee06   0x00000002   PAD
    0x0800ee08   0x0800ee08   0x00000030   Data   RO          300    .conststring        freertos.o
    0x0800ee38   0x0800ee38   0x00000020   Data   RO         9998    Region$$Table       anon$$obj.o
    0x0800ee58   0x0800ee58   0x00000004   Data   RO         8252    .init_array         robstride.o
    0x0800ee5c   0x0800ee58   0x00000000   Data   RO         9778    .init_array         c_w.l(init_aeabi.o)


    Execution Region RW_IRAM1 (Exec base: 0x20000000, Load base: 0x0800ee5c, Size: 0x00000000, Max: 0x00020000, ABSOLUTE)

    **** No section assigned to this execution region ****


    Execution Region RW_IRAM2 (Exec base: 0x24000000, Load base: 0x0800ee5c, Size: 0x00009bc8, Max: 0x00050000, ABSOLUTE, COMPRESSED[0x000000cc])

    Exec Addr    Load Addr    Size         Type   Attr      Idx    E Section Name        Object

    0x24000000   COMPRESSED   0x00000010   Data   RW          301    .data               freertos.o
    0x24000010   COMPRESSED   0x00000004   Data   RW          370    .data               fdcan.o
    0x24000014   COMPRESSED   0x00000009   Data   RW         3985    .data               stm32h7xx_hal.o
    0x2400001d   COMPRESSED   0x00000003   PAD
    0x24000020   COMPRESSED   0x00000008   Data   RW         6047    .data               system_stm32h7xx.o
    0x24000028   COMPRESSED   0x0000003c   Data   RW         6728    .data               tasks.o
    0x24000064   COMPRESSED   0x00000014   Data   RW         7070    .data               timers.o
    0x24000078   COMPRESSED   0x00000004   Data   RW         7307    .data               cmsis_os2.o
    0x2400007c   COMPRESSED   0x00000020   Data   RW         7769    .data               heap_4.o
    0x2400009c   COMPRESSED   0x0000000c   Data   RW         7825    .data               port.o
    0x240000a8   COMPRESSED   0x0000005e   Data   RW         8901    .data               usbd_desc.o
    0x24000106   COMPRESSED   0x00000002   PAD
    0x24000108   COMPRESSED   0x00000018   Data   RW         8993    .data               usbd_cdc_if.o
    0x24000120   COMPRESSED   0x00000001   Data   RW         9439    .data               usbd_ctlreq.o
    0x24000121   COMPRESSED   0x00000003   PAD
    0x24000124   COMPRESSED   0x0000008a   Data   RW         9610    .data               usbd_cdc.o
    0x240001ae   COMPRESSED   0x00000002   PAD
    0x240001b0        -       0x00001b70   Zero   RW          298    .bss                freertos.o
    0x24001d20        -       0x000001e0   Zero   RW          369    .bss                fdcan.o
    0x24001f00        -       0x0000004c   Zero   RW          423    .bss                tim.o
    0x24001f4c        -       0x00000290   Zero   RW          471    .bss                usart.o
    0x240021dc        -       0x0000004c   Zero   RW          672    .bss                stm32h7xx_hal_timebase_tim.o
    0x24002228        -       0x00000040   Zero   RW         6293    .bss                queue.o
    0x24002268        -       0x000004c4   Zero   RW         6727    .bss                tasks.o
    0x2400272c        -       0x00000118   Zero   RW         7069    .bss                timers.o
    0x24002844        -       0x000006b8   Zero   RW         7306    .bss                cmsis_os2.o
    0x24002efc        -       0x00003c00   Zero   RW         7768    .bss                heap_4.o
    0x24006afc        -       0x00000134   Zero   RW         8052    .bss                djimotor.o
    0x24006c30        -       0x00000110   Zero   RW         8100    .bss                dm_motor_drv.o
    0x24006d40        -       0x000000dc   Zero   RW         8249    .bss                robstride.o
    0x24006e1c        -       0x00000b28   Zero   RW         8676    .bss                pid.o
    0x24007944        -       0x000002dc   Zero   RW         8856    .bss                usb_device.o
    0x24007c20        -       0x00000200   Zero   RW         8900    .bss                usbd_desc.o
    0x24007e20        -       0x00001040   Zero   RW         8992    .bss                usbd_cdc_if.o
    0x24008e60        -       0x00000704   Zero   RW         9078    .bss                usbd_conf.o
    0x24009564        -       0x00000060   Zero   RW         9871    .bss                c_w.l(libspace.o)
    0x240095c4   COMPRESSED   0x00000004   PAD
    0x240095c8        -       0x00000200   Zero   RW            2    HEAP                startup_stm32h723xx.o
    0x240097c8        -       0x00000400   Zero   RW            1    STACK               startup_stm32h723xx.o


==============================================================================

Image component sizes


      Code (inc. data)   RO Data    RW Data    ZI Data      Debug   Object Name

        64          6          0          0          0        527   bsp_beep.o
      1064         66          0          0          0       7570   bsp_fdcan.o
        40          8          0          0          0       2386   chassis_task.o
       508         38          0          4       1720      72461   cmsis_os2.o
         0          0          0          0        308       1850   djimotor.o
      1142         34          0          0        272      11418   dm_motor_drv.o
        84          4          0          0          0        914   dma.o
         0          0          0          0          0      19448   event_groups.o
       960         56          0          4        480       3585   fdcan.o
       122         48        192         16       7024       2784   freertos.o
        64          8          0          0          0        574   gimbal_task.o
       116          6          0          0          0       1015   gpio.o
       724         74          0         32      15360       5031   heap_4.o
       148          0          0          0          0       3734   list.o
       288         10          0          0          0    1250191   main.o
       104          6          0          0       2856       2927   pid.o
      1014         92          0         12          0      11897   port.o
      1922         20          0          0         64      17648   queue.o
       978         32         34          0        220     944506   robstride.o
       168         34          0          0          0        601   shoot_task.o
        72         30        716          0       1536        856   startup_stm32h723xx.o
       172         34          0          9          0      23106   stm32h7xx_hal.o
       258         22          0          0          0      39322   stm32h7xx_hal_cortex.o
      7030        138          8          0          0      11191   stm32h7xx_hal_dma.o
      3596         54         92          0          0      23595   stm32h7xx_hal_fdcan.o
       496         50          0          0          0       1600   stm32h7xx_hal_gpio.o
        48          6          0          0          0        958   stm32h7xx_hal_msp.o
      3630         16          0          0          0      14044   stm32h7xx_hal_pcd.o
       130          4          0          0          0       3253   stm32h7xx_hal_pcd_ex.o
       116         12          0          0          0       1358   stm32h7xx_hal_pwr_ex.o
      3496        120          0          0          0       7677   stm32h7xx_hal_rcc.o
      5140        112          0          0          0       7413   stm32h7xx_hal_rcc_ex.o
      3388        322          0          0          0      19319   stm32h7xx_hal_tim.o
       234         38          0          0          0       3348   stm32h7xx_hal_tim_ex.o
       160         20          0          0         76       1683   stm32h7xx_hal_timebase_tim.o
      3738        152         24          0          0      30772   stm32h7xx_hal_uart.o
       360         10         16          0          0       5630   stm32h7xx_hal_uart_ex.o
       214         72          0          0          0       9005   stm32h7xx_it.o
      3906         90          0          0          0      23208   stm32h7xx_ll_usb.o
         0          0          0          0          0        392   stream_buffer.o
       304         38         16          8          0       1929   system_stm32h7xx.o
      3040        362          0         60       1220      29715   tasks.o
       316         32          0          0         76       2558   tim.o
      1318        124          0         20        280      33131   timers.o
       736         60          0          0        656       2949   usart.o
        80         16          0          0        732        800   usb_device.o
      1782         54          0        138          0      14533   usbd_cdc.o
       244         30          0         24       4160       4563   usbd_cdc_if.o
       956         30          0          0       1796      17932   usbd_conf.o
      1354          0          0          0          0      16857   usbd_core.o
      2416         22          0          1          0      18256   usbd_ctlreq.o
       386        122          0         94        512       7169   usbd_desc.o
       174          0          0          0          0       4900   usbd_ioreq.o

    ----------------------------------------------------------------------
     58852       2734       1132        432      39348    2744089   Object Totals
         0          0         32          0          0          0   (incl. Generated)
        52          0          2         10          0          0   (incl. Padding)

    ----------------------------------------------------------------------

      Code (inc. data)   RO Data    RW Data    ZI Data      Debug   Library Member Name

        90          0          0          0          0          0   __dczerorl2.o
         8          0          0          0          0         68   __main.o
         0          0          0          0          0          0   __rtentry.o
        12          0          0          0          0          0   __rtentry2.o
         6          0          0          0          0          0   __rtentry4.o
        52          8          0          0          0          0   __scatter.o
        28          0          0          0          0          0   __scatter_zi.o
        16          0          0          0          0         68   aeabi_memset.o
        18          0          0          0          0         80   exit.o
         6          0          0          0          0        152   heapauxi.o
         0          0          0          0          0          0   indicate_semi.o
        36         10          0          0          0         80   init_aeabi.o
         2          0          0          0          0          0   libinit.o
        10          0          0          0          0          0   libinit2.o
         2          0          0          0          0          0   libshutdown.o
         2          0          0          0          0          0   libshutdown2.o
         8          4          0          0         96         68   libspace.o
       238          0          0          0          0        100   lludivv7m.o
        68          0          0          0          0         68   rt_memclr.o
        78          0          0          0          0         80   rt_memclr_w.o
       138          0          0          0          0         68   rt_memcpy_v6.o
       100          0          0          0          0         80   rt_memcpy_w.o
         2          0          0          0          0          0   rtexit.o
        10          0          0          0          0          0   rtexit2.o
        12          4          0          0          0         68   sys_exit.o
        74          0          0          0          0         80   sys_stackheap_outer.o
         2          0          0          0          0         68   use_no_semi.o
        10          0          0          0          0        116   fpinit.o

    ----------------------------------------------------------------------
      1036         26          0          0        100       1244   Library Totals
         8          0          0          0          4          0   (incl. Padding)

    ----------------------------------------------------------------------

      Code (inc. data)   RO Data    RW Data    ZI Data      Debug   Library Name

      1018         26          0          0         96       1128   c_w.l
        10          0          0          0          0        116   fz_wv.l

    ----------------------------------------------------------------------
      1036         26          0          0        100       1244   Library Totals

    ----------------------------------------------------------------------

==============================================================================


      Code (inc. data)   RO Data    RW Data    ZI Data      Debug   

     59888       2760       1132        432      39448    2704513   Grand Totals
     59888       2760       1132        204      39448    2704513   ELF Image Totals (compressed)
     59888       2760       1132        204          0          0   ROM Totals

==============================================================================

    Total RO  Size (Code + RO Data)                61020 (  59.59kB)
    Total RW  Size (RW Data + ZI Data)             39880 (  38.95kB)
    Total ROM Size (Code + RO Data + RW Data)      61224 (  59.79kB)

==============================================================================

